Archive member included to satisfy reference by file (symbol)

app/libapp.a(main.c.obj)      (--whole-archive)
app/libapp.a(buzzer.c.obj)    (--whole-archive)
app/libapp.a(led.c.obj)       (--whole-archive)
app/libapp.a(led1.c.obj)      (--whole-archive)
app/libapp.a(uart_com.c.obj)  (--whole-archive)
app/libapp.a(protocol_check.c.obj)
                              (--whole-archive)
zephyr/libzephyr.a(heap.c.obj)
                              (--whole-archive)
zephyr/libzephyr.a(cbprintf_packaged.c.obj)
                              (--whole-archive)
zephyr/libzephyr.a(printk.c.obj)
                              (--whole-archive)
zephyr/libzephyr.a(sem.c.obj)
                              (--whole-archive)
zephyr/libzephyr.a(thread_entry.c.obj)
                              (--whole-archive)
zephyr/libzephyr.a(cbprintf_complete.c.obj)
                              (--whole-archive)
zephyr/libzephyr.a(assert.c.obj)
                              (--whole-archive)
zephyr/libzephyr.a(reboot.c.obj)
                              (--whole-archive)
zephyr/libzephyr.a(dec.c.obj)
                              (--whole-archive)
zephyr/libzephyr.a(hex.c.obj)
                              (--whole-archive)
zephyr/libzephyr.a(rb.c.obj)  (--whole-archive)
zephyr/libzephyr.a(timeutil.c.obj)
                              (--whole-archive)
zephyr/libzephyr.a(bitarray.c.obj)
                              (--whole-archive)
zephyr/libzephyr.a(configs.c.obj)
                              (--whole-archive)
zephyr/libzephyr.a(stm32cube_hal.c.obj)
                              (--whole-archive)
zephyr/libzephyr.a(soc_config.c.obj)
                              (--whole-archive)
zephyr/libzephyr.a(soc.c.obj)
                              (--whole-archive)
zephyr/libzephyr.a(mem_attr.c.obj)
                              (--whole-archive)
zephyr/libzephyr.a(tracing_none.c.obj)
                              (--whole-archive)
zephyr/arch/common/libarch__common.a(sw_isr_common.c.obj)
                              (--whole-archive)
zephyr/arch/arch/arm/core/libarch__arm__core.a(fatal.c.obj)
                              (--whole-archive)
zephyr/arch/arch/arm/core/libarch__arm__core.a(nmi.c.obj)
                              (--whole-archive)
zephyr/arch/arch/arm/core/libarch__arm__core.a(nmi_on_reset.S.obj)
                              (--whole-archive)
zephyr/arch/arch/arm/core/libarch__arm__core.a(tls.c.obj)
                              (--whole-archive)
zephyr/arch/arch/arm/core/cortex_m/libarch__arm__core__cortex_m.a(exc_exit.c.obj)
                              (--whole-archive)
zephyr/arch/arch/arm/core/cortex_m/libarch__arm__core__cortex_m.a(fault.c.obj)
                              (--whole-archive)
zephyr/arch/arch/arm/core/cortex_m/libarch__arm__core__cortex_m.a(fault_s.S.obj)
                              (--whole-archive)
zephyr/arch/arch/arm/core/cortex_m/libarch__arm__core__cortex_m.a(fpu.c.obj)
                              (--whole-archive)
zephyr/arch/arch/arm/core/cortex_m/libarch__arm__core__cortex_m.a(reset.S.obj)
                              (--whole-archive)
zephyr/arch/arch/arm/core/cortex_m/libarch__arm__core__cortex_m.a(scb.c.obj)
                              (--whole-archive)
zephyr/arch/arch/arm/core/cortex_m/libarch__arm__core__cortex_m.a(thread_abort.c.obj)
                              (--whole-archive)
zephyr/arch/arch/arm/core/cortex_m/libarch__arm__core__cortex_m.a(vector_table.S.obj)
                              (--whole-archive)
zephyr/arch/arch/arm/core/cortex_m/libarch__arm__core__cortex_m.a(swap.c.obj)
                              (--whole-archive)
zephyr/arch/arch/arm/core/cortex_m/libarch__arm__core__cortex_m.a(swap_helper.S.obj)
                              (--whole-archive)
zephyr/arch/arch/arm/core/cortex_m/libarch__arm__core__cortex_m.a(irq_manage.c.obj)
                              (--whole-archive)
zephyr/arch/arch/arm/core/cortex_m/libarch__arm__core__cortex_m.a(prep_c.c.obj)
                              (--whole-archive)
zephyr/arch/arch/arm/core/cortex_m/libarch__arm__core__cortex_m.a(thread.c.obj)
                              (--whole-archive)
zephyr/arch/arch/arm/core/cortex_m/libarch__arm__core__cortex_m.a(cpu_idle.c.obj)
                              (--whole-archive)
zephyr/arch/arch/arm/core/cortex_m/libarch__arm__core__cortex_m.a(irq_init.c.obj)
                              (--whole-archive)
zephyr/arch/arch/arm/core/cortex_m/libarch__arm__core__cortex_m.a(isr_wrapper.c.obj)
                              (--whole-archive)
zephyr/arch/arch/arm/core/cortex_m/libarch__arm__core__cortex_m.a(__aeabi_read_tp.S.obj)
                              (--whole-archive)
zephyr/arch/arch/arm/core/cortex_m/cmse/libarch__arm__core__cortex_m__cmse.a(arm_core_cmse.c.obj)
                              (--whole-archive)
zephyr/arch/arch/arm/core/mpu/libarch__arm__core__mpu.a(arm_core_mpu.c.obj)
                              (--whole-archive)
[...]
Memory Configuration

Name             Origin             Length             Attributes
FLASH            0x0000000008000000 0x0000000000200000 xr
RAM              0x0000000020000000 0x0000000000040000 xw
SRAM1            0x0000000020000000 0x0000000000040000
SRAM2            0x0000000020040000 0x0000000000010000
SRAM3            0x0000000020050000 0x0000000000050000
IDT_LIST         0x00000000ffff7fff 0x0000000000008000 xw
*default*        0x0000000000000000 0xffffffffffffffff

Linker script and memory map

                0x00000000080039b8                vfprintf = __d_vfprintf
                0x0000000008004360                vfscanf = __d_vfscanf
LOAD zephyr/CMakeFiles/zephyr_final.dir/misc/empty_file.c.obj
LOAD zephyr/CMakeFiles/zephyr_final.dir/isr_tables.c.obj
LOAD zephyr/CMakeFiles/offsets.dir/./arch/arm/core/offsets/offsets.c.obj
LOAD app/libapp.a
LOAD zephyr/libzephyr.a
LOAD zephyr/arch/common/libarch__common.a
LOAD zephyr/arch/arch/arm/core/libarch__arm__core.a
LOAD zephyr/arch/arch/arm/core/cortex_m/libarch__arm__core__cortex_m.a
LOAD zephyr/arch/arch/arm/core/cortex_m/cmse/libarch__arm__core__cortex_m__cmse.a
LOAD zephyr/arch/arch/arm/core/mpu/libarch__arm__core__mpu.a
LOAD zephyr/lib/libc/picolibc/liblib__libc__picolibc.a
LOAD zephyr/lib/libc/common/liblib__libc__common.a
LOAD zephyr/drivers/interrupt_controller/libdrivers__interrupt_controller.a
LOAD zephyr/drivers/clock_control/libdrivers__clock_control.a
LOAD zephyr/drivers/console/libdrivers__console.a
LOAD zephyr/drivers/gpio/libdrivers__gpio.a
LOAD zephyr/drivers/pinctrl/libdrivers__pinctrl.a
LOAD zephyr/drivers/reset/libdrivers__reset.a
LOAD zephyr/drivers/serial/libdrivers__serial.a
LOAD zephyr/drivers/timer/libdrivers__timer.a
LOAD modules/hal_stm32/stm32cube/lib..__modules__hal__stm32__stm32cube.a
LOAD modules/segger/libmodules__segger.a
LOAD zephyr/kernel/libkernel.a
LOAD zephyr/arch/common/libisr_tables.a
LOAD c:\users\exito\zephyr-sdk-0.17.0\arm-zephyr-eabi\bin\../lib/gcc/../../picolibc/arm-zephyr-eabi/lib/thumb/v8-m.main/nofp\libc.a
LOAD c:/users/exito/zephyr-sdk-0.17.0/arm-zephyr-eabi/bin/../lib/gcc/arm-zephyr-eabi/12.2.0/thumb/v8-m.main/nofp\libgcc.a
                0x0000000000000020                _region_min_align = 0x20

.rel.plt        0x0000000008000000        0x0
 *(SORT_BY_ALIGNMENT(.rel.plt))
                [!provide]                        PROVIDE (__rel_iplt_start = .)
 *(SORT_BY_ALIGNMENT(.rel.iplt))
 .rel.iplt      0x0000000008000000        0x0 zephyr/CMakeFiles/zephyr_final.dir/isr_tables.c.obj
                [!provide]                        PROVIDE (__rel_iplt_end = .)

.rela.plt       0x0000000000000000        0x0
 *(SORT_BY_ALIGNMENT(.rela.plt))
                [!provide]                        PROVIDE (__rela_iplt_start = .)
 *(SORT_BY_ALIGNMENT(.rela.iplt))
                [!provide]                        PROVIDE (__rela_iplt_end = .)

.rel.dyn
 *(SORT_BY_ALIGNMENT(.rel.*))

.rela.dyn
 *(SORT_BY_ALIGNMENT(.rela.*))

/DISCARD/
 *(SORT_BY_ALIGNMENT(.plt))

/DISCARD/
 *(SORT_BY_ALIGNMENT(.iplt))
                0x0000000008000000                __rom_region_start = 0x8000000

rom_start       0x0000000008000000      0x24c
                0x0000000008000000                __rom_start_address = .
 FILL mask 0x00
                0x0000000008000000                . = (. + (0x0 - (. - __rom_start_address)))
                0x0000000008000000                . = ALIGN (0x4)
                0x0000000008000000                . = ALIGN (0x80)
                0x0000000008000000                . = ALIGN (0x400)
                0x0000000008000000                _vector_start = .
 *(SORT_BY_ALIGNMENT(.exc_vector_table))
 *(SORT_BY_ALIGNMENT(.exc_vector_table.*))
 .exc_vector_table._vector_table_section
                0x0000000008000000       0x40 zephyr/arch/arch/arm/core/cortex_m/libarch__arm__core__cortex_m.a(vector_table.S.obj)
                0x0000000008000000                _vector_table
 *(SORT_BY_ALIGNMENT(.vectors))
                0x000000000800024c                _vector_end = .
                0x0000000008000040                . = ALIGN (0x4)
 *(SORT_BY_ALIGNMENT(.gnu.linkonce.irq_vector_table*))
 .gnu.linkonce.irq_vector_table
                0x0000000008000040      0x20c zephyr/CMakeFiles/zephyr_final.dir/isr_tables.c.obj
                0x0000000008000040                _irq_vector_table
                0x000000000800024c                _vector_end = .

text            0x0000000008000250     0x684c
                0x0000000008000250                __text_region_start = .
 *(SORT_BY_ALIGNMENT(.text))
 .text          0x0000000008000250      0x378 c:/users/exito/zephyr-sdk-0.17.0/arm-zephyr-eabi/bin/../lib/gcc/arm-zephyr-eabi/12.2.0/thumb/v8-m.main/nofp\libgcc.a(_arm_addsubdf3.o)
                0x0000000008000250                __aeabi_drsub
                0x0000000008000258                __aeabi_dsub
                0x0000000008000258                __subdf3
                0x000000000800025c                __aeabi_dadd
                0x000000000800025c                __adddf3
                0x00000000080004d4                __floatunsidf
                0x00000000080004d4                __aeabi_ui2d
                0x00000000080004f4                __floatsidf
                0x00000000080004f4                __aeabi_i2d
                0x0000000008000518                __aeabi_f2d
                0x0000000008000518                __extendsfdf2
                0x000000000800055c                __floatundidf
                0x000000000800055c                __aeabi_ul2d
                0x000000000800056c                __floatdidf
                0x000000000800056c                __aeabi_l2d
 .text          0x00000000080005c8      0x110 c:/users/exito/zephyr-sdk-0.17.0/arm-zephyr-eabi/bin/../lib/gcc/arm-zephyr-eabi/12.2.0/thumb/v8-m.main/nofp\libgcc.a(_arm_cmpdf2.o)
                0x00000000080005c8                __gtdf2
                0x00000000080005c8                __gedf2
                0x00000000080005d0                __ltdf2
                0x00000000080005d0                __ledf2
                0x00000000080005d8                __nedf2
                0x00000000080005d8                __eqdf2
                0x00000000080005d8                __cmpdf2
                0x0000000008000654                __aeabi_cdrcmple
                0x0000000008000664                __aeabi_cdcmpeq
                0x0000000008000664                __aeabi_cdcmple
                0x0000000008000674                __aeabi_dcmpeq
                0x0000000008000688                __aeabi_dcmplt
                0x000000000800069c                __aeabi_dcmple
                0x00000000080006b0                __aeabi_dcmpge
                0x00000000080006c4                __aeabi_dcmpgt
 .text          0x00000000080006d8       0xa0 c:/users/exito/zephyr-sdk-0.17.0/arm-zephyr-eabi/bin/../lib/gcc/arm-zephyr-eabi/12.2.0/thumb/v8-m.main/nofp\libgcc.a(_arm_truncdfsf2.o)
                0x00000000080006d8                __truncdfsf2
                0x00000000080006d8                __aeabi_d2f
 .text          0x0000000008000778       0x30 c:/users/exito/zephyr-sdk-0.17.0/arm-zephyr-eabi/bin/../lib/gcc/arm-zephyr-eabi/12.2.0/thumb/v8-m.main/nofp\libgcc.a(_aeabi_uldivmod.o)
                0x0000000008000778                __aeabi_uldivmod
 .text          0x00000000080007a8        0x4 c:/users/exito/zephyr-sdk-0.17.0/arm-zephyr-eabi/bin/../lib/gcc/arm-zephyr-eabi/12.2.0/thumb/v8-m.main/nofp\libgcc.a(_dvmd_tls.o)
                0x00000000080007a8                __aeabi_idiv0
                0x00000000080007a8                __aeabi_ldiv0
 .text          0x00000000080007ac      0x29c c:/users/exito/zephyr-sdk-0.17.0/arm-zephyr-eabi/bin/../lib/gcc/arm-zephyr-eabi/12.2.0/thumb/v8-m.main/nofp\libgcc.a(_udivmoddi4.o)
                0x00000000080007ac                __udivmoddi4
 *(SORT_BY_ALIGNMENT(.text.*))
 .text.main     0x0000000008000a48      0x40c app/libapp.a(main.c.obj)
                0x0000000008000a48                main
 .text.uart_irq_callback_user_data_set.constprop.0.isra.0
                0x0000000008000e54       0x14 app/libapp.a(main.c.obj)
 .text.led_init
                0x0000000008000e68       0x1c app/libapp.a(led.c.obj)
                0x0000000008000e68                led_init
 .text.led1_init
                0x0000000008000e84       0x1c app/libapp.a(led1.c.obj)
                0x0000000008000e84                led1_init
 .text.uart_callback
                0x0000000008000ea0       0x90 app/libapp.a(uart_com.c.obj)
                0x0000000008000ea0                uart_callback
 .text.uart_clear_message
                0x0000000008000f30       0x20 app/libapp.a(uart_com.c.obj)
                0x0000000008000f30                uart_clear_message
 .text.check_device
                0x0000000008000f50       0x74 app/libapp.a(protocol_check.c.obj)
                0x0000000008000f50                check_device
 .text.char_out
                0x0000000008000fc4        0xc zephyr/libzephyr.a(printk.c.obj)
 .text.__printk_hook_install
                0x0000000008000fd0        0xc zephyr/libzephyr.a(printk.c.obj)
                0x0000000008000fd0                __printk_hook_install
 .text.vprintk  0x0000000008000fdc       0x30 zephyr/libzephyr.a(printk.c.obj)
                0x0000000008000fdc                vprintk
 .text.z_thread_entry
                0x000000000800100c       0x34 zephyr/libzephyr.a(thread_entry.c.obj)
                0x000000000800100c                z_thread_entry
 .text.st_stm32_common_config
                0x0000000008001040       0x34 zephyr/libzephyr.a(soc_config.c.obj)
 .text.soc_early_init_hook
                0x0000000008001074       0x34 zephyr/libzephyr.a(soc.c.obj)
                0x0000000008001074                soc_early_init_hook
 .text.mem_attr_get_regions
                0x00000000080010a8        0xc zephyr/libzephyr.a(mem_attr.c.obj)
                0x00000000080010a8                mem_attr_get_regions
 .text.z_arm_nmi
                0x00000000080010b4       0x14 zephyr/arch/arch/arm/core/libarch__arm__core.a(nmi.c.obj)
                0x00000000080010b4                z_arm_nmi
 .text.z_SysNmiOnReset
                0x00000000080010c8        0x8 zephyr/arch/arch/arm/core/libarch__arm__core.a(nmi_on_reset.S.obj)
                0x00000000080010c8                z_SysNmiOnReset
 .text.arch_tls_stack_setup
                0x00000000080010d0       0x40 zephyr/arch/arch/arm/core/libarch__arm__core.a(tls.c.obj)
                0x00000000080010d0                arch_tls_stack_setup
 .text._HandlerModeExit
                0x0000000008001110       0x28 zephyr/arch/arch/arm/core/cortex_m/libarch__arm__core__cortex_m.a(exc_exit.c.obj)
                0x0000000008001110                z_arm_int_exit
                0x0000000008001110                z_arm_exc_exit
 .text.usage_fault.constprop.0
                0x0000000008001138       0x5c zephyr/arch/arch/arm/core/cortex_m/libarch__arm__core__cortex_m.a(fault.c.obj)
 .text.bus_fault.constprop.0
                0x0000000008001194       0x6c zephyr/arch/arch/arm/core/cortex_m/libarch__arm__core__cortex_m.a(fault.c.obj)
 .text.mem_manage_fault.constprop.0
                0x0000000008001200       0x78 zephyr/arch/arch/arm/core/cortex_m/libarch__arm__core__cortex_m.a(fault.c.obj)
 .text.z_arm_fault
                0x0000000008001278      0x124 zephyr/arch/arch/arm/core/cortex_m/libarch__arm__core__cortex_m.a(fault.c.obj)
                0x0000000008001278                z_arm_fault
 .text.z_arm_fault_init
                0x000000000800139c       0x20 zephyr/arch/arch/arm/core/cortex_m/libarch__arm__core__cortex_m.a(fault.c.obj)
                0x000000000800139c                z_arm_fault_init
 .text.__fault  0x00000000080013bc       0x14 zephyr/arch/arch/arm/core/cortex_m/libarch__arm__core__cortex_m.a(fault_s.S.obj)
                0x00000000080013bc                z_arm_usage_fault
                0x00000000080013bc                z_arm_mpu_fault
                0x00000000080013bc                z_arm_exc_spurious
                0x00000000080013bc                z_arm_debug_monitor
                0x00000000080013bc                z_arm_hard_fault
                0x00000000080013bc                z_arm_bus_fault
 .text._reset_section
                0x00000000080013d0       0x2c zephyr/arch/arch/arm/core/cortex_m/libarch__arm__core__cortex_m.a(reset.S.obj)
                0x00000000080013d0                __start
                0x00000000080013d0                z_arm_reset
 .text.z_impl_k_thread_abort
                0x00000000080013fc       0x2c zephyr/arch/arch/arm/core/cortex_m/libarch__arm__core__cortex_m.a(thread_abort.c.obj)
                0x00000000080013fc                z_impl_k_thread_abort
 .text.arch_swap
                0x0000000008001428       0x30 zephyr/arch/arch/arm/core/cortex_m/libarch__arm__core__cortex_m.a(swap.c.obj)
                0x0000000008001428                arch_swap
 .text.z_arm_pendsv
                0x0000000008001458       0x68 zephyr/arch/arch/arm/core/cortex_m/libarch__arm__core__cortex_m.a(swap_helper.S.obj)
                0x0000000008001458                z_arm_pendsv
 .text.z_arm_svc
                0x00000000080014c0       0x24 zephyr/arch/arch/arm/core/cortex_m/libarch__arm__core__cortex_m.a(swap_helper.S.obj)
                0x00000000080014c0                z_arm_svc
 .text.arch_irq_enable
                0x00000000080014e4       0x1c zephyr/arch/arch/arm/core/cortex_m/libarch__arm__core__cortex_m.a(irq_manage.c.obj)
                0x00000000080014e4                arch_irq_enable
 .text.z_arm_irq_priority_set
                0x0000000008001500       0x2c zephyr/arch/arch/arm/core/cortex_m/libarch__arm__core__cortex_m.a(irq_manage.c.obj)
                0x0000000008001500                z_arm_irq_priority_set
 .text.z_prep_c
                0x000000000800152c       0x48 zephyr/arch/arch/arm/core/cortex_m/libarch__arm__core__cortex_m.a(prep_c.c.obj)
                0x000000000800152c                z_prep_c
 .text.arch_new_thread
                0x0000000008001574       0x38 zephyr/arch/arch/arm/core/cortex_m/libarch__arm__core__cortex_m.a(thread.c.obj)
                0x0000000008001574                arch_new_thread
 .text.arch_switch_to_main_thread
                0x00000000080015ac       0x48 zephyr/arch/arch/arm/core/cortex_m/libarch__arm__core__cortex_m.a(thread.c.obj)
                0x00000000080015ac                arch_switch_to_main_thread
 .text.z_arm_cpu_idle_init
                0x00000000080015f4        0xc zephyr/arch/arch/arm/core/cortex_m/libarch__arm__core__cortex_m.a(cpu_idle.c.obj)
                0x00000000080015f4                z_arm_cpu_idle_init
 .text.z_arm_interrupt_init
                0x0000000008001600       0x18 zephyr/arch/arch/arm/core/cortex_m/libarch__arm__core__cortex_m.a(irq_init.c.obj)
                0x0000000008001600                z_arm_interrupt_init
 .text._isr_wrapper
                0x0000000008001618       0x24 zephyr/arch/arch/arm/core/cortex_m/libarch__arm__core__cortex_m.a(isr_wrapper.c.obj)
                0x0000000008001618                _isr_wrapper
 .text.z_arm_configure_static_mpu_regions
                0x000000000800163c       0x38 zephyr/arch/arch/arm/core/mpu/libarch__arm__core__mpu.a(arm_core_mpu.c.obj)
                0x000000000800163c                z_arm_configure_static_mpu_regions
 .text.region_init
                0x0000000008001674       0x34 zephyr/arch/arch/arm/core/mpu/libarch__arm__core__mpu.a(arm_mpu.c.obj)
 .text.region_allocate_and_init
                0x00000000080016a8       0x24 zephyr/arch/arch/arm/core/mpu/libarch__arm__core__mpu.a(arm_mpu.c.obj)
 .text.mpu_configure_regions_and_partition.constprop.0
                0x00000000080016cc      0x148 zephyr/arch/arch/arm/core/mpu/libarch__arm__core__mpu.a(arm_mpu.c.obj)
 .text.arm_core_mpu_enable
                0x0000000008001814       0x18 zephyr/arch/arch/arm/core/mpu/libarch__arm__core__mpu.a(arm_mpu.c.obj)
                0x0000000008001814                arm_core_mpu_enable
 .text.arm_core_mpu_disable
                0x000000000800182c       0x14 zephyr/arch/arch/arm/core/mpu/libarch__arm__core__mpu.a(arm_mpu.c.obj)
                0x000000000800182c                arm_core_mpu_disable
 .text.arm_core_mpu_configure_static_mpu_regions
                0x0000000008001840       0x14 zephyr/arch/arch/arm/core/mpu/libarch__arm__core__mpu.a(arm_mpu.c.obj)
                0x0000000008001840                arm_core_mpu_configure_static_mpu_regions
 .text.arm_core_mpu_mark_areas_for_dynamic_regions
                0x0000000008001854       0xb8 zephyr/arch/arch/arm/core/mpu/libarch__arm__core__mpu.a(arm_mpu.c.obj)
                0x0000000008001854                arm_core_mpu_mark_areas_for_dynamic_regions
 .text.z_arm_mpu_init
                0x000000000800190c      0x11c zephyr/arch/arch/arm/core/mpu/libarch__arm__core__mpu.a(arm_mpu.c.obj)
                0x000000000800190c                z_arm_mpu_init
 .text.z_impl_zephyr_fputc
                0x0000000008001a28       0x10 zephyr/lib/libc/picolibc/liblib__libc__picolibc.a(stdio.c.obj)
                0x0000000008001a28                z_impl_zephyr_fputc
 .text.__stdout_hook_install
                0x0000000008001a38       0x18 zephyr/lib/libc/picolibc/liblib__libc__picolibc.a(stdio.c.obj)
                0x0000000008001a38                __stdout_hook_install
 .text.malloc_prepare
                0x0000000008001a50       0x24 zephyr/lib/libc/common/liblib__libc__common.a(malloc.c.obj)
 .text.stm32_exti_isr
                0x0000000008001a74       0x50 zephyr/drivers/interrupt_controller/libdrivers__interrupt_controller.a(intc_exti_stm32.c.obj)
 .text.stm32_fill_irq_table.constprop.0
                0x0000000008001ac4        0xc zephyr/drivers/interrupt_controller/libdrivers__interrupt_controller.a(intc_exti_stm32.c.obj)
 .text.stm32_gpio_intc_enable_line
                0x0000000008001ad0       0x30 zephyr/drivers/interrupt_controller/libdrivers__interrupt_controller.a(intc_exti_stm32.c.obj)
                0x0000000008001ad0                stm32_gpio_intc_enable_line
 .text.stm32_gpio_intc_disable_line
                0x0000000008001b00       0x14 zephyr/drivers/interrupt_controller/libdrivers__interrupt_controller.a(intc_exti_stm32.c.obj)
                0x0000000008001b00                stm32_gpio_intc_disable_line
 .text.stm32_gpio_intc_select_line_trigger
                0x0000000008001b14       0x50 zephyr/drivers/interrupt_controller/libdrivers__interrupt_controller.a(intc_exti_stm32.c.obj)
                0x0000000008001b14                stm32_gpio_intc_select_line_trigger
 .text.stm32_gpio_intc_set_irq_callback
                0x0000000008001b64       0x40 zephyr/drivers/interrupt_controller/libdrivers__interrupt_controller.a(intc_exti_stm32.c.obj)
                0x0000000008001b64                stm32_gpio_intc_set_irq_callback
 .text.stm32_gpio_intc_remove_irq_callback
                0x0000000008001ba4       0x24 zephyr/drivers/interrupt_controller/libdrivers__interrupt_controller.a(intc_exti_stm32.c.obj)
                0x0000000008001ba4                stm32_gpio_intc_remove_irq_callback
 .text.stm32_exti_get_line_src_port
                0x0000000008001bc8       0x24 zephyr/drivers/interrupt_controller/libdrivers__interrupt_controller.a(intc_exti_stm32.c.obj)
                0x0000000008001bc8                stm32_exti_get_line_src_port
 .text.stm32_clock_control_get_subsys_rate
                0x0000000008001bec       0x94 zephyr/drivers/clock_control/libdrivers__clock_control.a(clock_stm32_ll_h5.c.obj)
 .text.stm32_clock_control_init
                0x0000000008001c80      0x174 zephyr/drivers/clock_control/libdrivers__clock_control.a(clock_stm32_ll_h5.c.obj)
                0x0000000008001c80                stm32_clock_control_init
 .text.rtt_console_init
                0x0000000008001df4       0x18 zephyr/drivers/console/libdrivers__console.a(rtt_console.c.obj)
 .text.rtt_console_out
                0x0000000008001e0c       0x48 zephyr/drivers/console/libdrivers__console.a(rtt_console.c.obj)
 .text.gpio_stm32_pin_interrupt_configure
                0x0000000008001e54       0xb0 zephyr/drivers/gpio/libdrivers__gpio.a(gpio_stm32.c.obj)
 .text.gpio_stm32_init
                0x0000000008001f04       0x30 zephyr/drivers/gpio/libdrivers__gpio.a(gpio_stm32.c.obj)
 .text.pinctrl_configure_pins
                0x0000000008001f34       0x84 zephyr/drivers/pinctrl/libdrivers__pinctrl.a(pinctrl_stm32.c.obj)
                0x0000000008001f34                pinctrl_configure_pins
 .text.uart_stm32_irq_err_enable
                0x0000000008001fb8      0x10c zephyr/drivers/serial/libdrivers__serial.a(uart_stm32.c.obj)
 .text.uart_stm32_irq_err_disable
                0x00000000080020c4      0x10c zephyr/drivers/serial/libdrivers__serial.a(uart_stm32.c.obj)
 .text.uart_stm32_cfg2ll_stopbits
                0x00000000080021d0       0x4c zephyr/drivers/serial/libdrivers__serial.a(uart_stm32.c.obj)
 .text.lpuartdiv_calc
                0x000000000800221c       0x30 zephyr/drivers/serial/libdrivers__serial.a(uart_stm32.c.obj)
                0x000000000800221c                lpuartdiv_calc
 .text.uart_stm32_set_baudrate
                0x000000000800224c       0xbc zephyr/drivers/serial/libdrivers__serial.a(uart_stm32.c.obj)
 .text.uart_stm32_configure
                0x0000000008002308      0x1c8 zephyr/drivers/serial/libdrivers__serial.a(uart_stm32.c.obj)
 .text.uart_stm32_init
                0x00000000080024d0      0x210 zephyr/drivers/serial/libdrivers__serial.a(uart_stm32.c.obj)
 .text.elapsed  0x00000000080026e0       0x4c zephyr/drivers/timer/libdrivers__timer.a(cortex_m_systick.c.obj)
 .text.sys_clock_driver_init
                0x000000000800272c       0x38 zephyr/drivers/timer/libdrivers__timer.a(cortex_m_systick.c.obj)
 .text.sys_clock_isr
                0x0000000008002764       0x60 zephyr/drivers/timer/libdrivers__timer.a(cortex_m_systick.c.obj)
                0x0000000008002764                sys_clock_isr
 .text.sys_clock_set_timeout
                0x00000000080027c4       0xfc zephyr/drivers/timer/libdrivers__timer.a(cortex_m_systick.c.obj)
                0x00000000080027c4                sys_clock_set_timeout
 .text.sys_clock_elapsed
                0x00000000080028c0       0x3c zephyr/drivers/timer/libdrivers__timer.a(cortex_m_systick.c.obj)
                0x00000000080028c0                sys_clock_elapsed
 .text.LL_SetFlashLatency
                0x00000000080028fc      0x140 modules/hal_stm32/stm32cube/lib..__modules__hal__stm32__stm32cube.a(stm32h5xx_ll_utils.c.obj)
                0x00000000080028fc                LL_SetFlashLatency
 .text._DoInit  0x0000000008002a3c       0x68 modules/segger/libmodules__segger.a(SEGGER_RTT.c.obj)
 .text.SEGGER_RTT_WriteNoLock
                0x0000000008002aa4       0x58 modules/segger/libmodules__segger.a(SEGGER_RTT.c.obj)
                0x0000000008002aa4                SEGGER_RTT_WriteNoLock
 .text.SEGGER_RTT_Write
                0x0000000008002afc       0x34 modules/segger/libmodules__segger.a(SEGGER_RTT.c.obj)
                0x0000000008002afc                SEGGER_RTT_Write
 .text.SEGGER_RTT_Init
                0x0000000008002b30       0x3c modules/segger/libmodules__segger.a(SEGGER_RTT.c.obj)
                0x0000000008002b30                SEGGER_RTT_Init
 .text.z_fatal_error
                0x0000000008002b6c       0x30 zephyr/kernel/libkernel.a(fatal.c.obj)
                0x0000000008002b6c                z_fatal_error
 .text.z_sys_init_run_level
                0x0000000008002b9c       0x2c zephyr/kernel/libkernel.a(init.c.obj)
 .text.bg_thread_main
                0x0000000008002bc8       0xc4 zephyr/kernel/libkernel.a(init.c.obj)
 .text.z_bss_zero
                0x0000000008002c8c       0x18 zephyr/kernel/libkernel.a(init.c.obj)
                0x0000000008002c8c                z_bss_zero
 .text.z_init_cpu
                0x0000000008002ca4       0x68 zephyr/kernel/libkernel.a(init.c.obj)
                0x0000000008002ca4                z_init_cpu
 .text.z_cstart
                0x0000000008002d0c       0xdc zephyr/kernel/libkernel.a(init.c.obj)
                0x0000000008002d0c                z_cstart
 .text.z_setup_new_thread
                0x0000000008002de8       0x7c zephyr/kernel/libkernel.a(thread.c.obj)
                0x0000000008002de8                z_setup_new_thread
 .text.unready_thread
                0x0000000008002e64       0x54 zephyr/kernel/libkernel.a(sched.c.obj)
 .text.ready_thread
                0x0000000008002eb8       0x90 zephyr/kernel/libkernel.a(sched.c.obj)
 .text.z_thread_halt
                0x0000000008002f48      0x10c zephyr/kernel/libkernel.a(sched.c.obj)
 .text.move_thread_to_end_of_prio_q
                0x0000000008003054       0x94 zephyr/kernel/libkernel.a(sched.c.obj)
                0x0000000008003054                move_thread_to_end_of_prio_q
 .text.z_impl_k_thread_suspend
                0x00000000080030e8       0x8c zephyr/kernel/libkernel.a(sched.c.obj)
                0x00000000080030e8                z_impl_k_thread_suspend
 .text.z_reschedule
                0x0000000008003174       0x24 zephyr/kernel/libkernel.a(sched.c.obj)
                0x0000000008003174                z_reschedule
 .text.z_impl_k_thread_resume
                0x0000000008003198       0x3c zephyr/kernel/libkernel.a(sched.c.obj)
                0x0000000008003198                z_impl_k_thread_resume
 .text.z_reschedule_irqlock
                0x00000000080031d4       0x28 zephyr/kernel/libkernel.a(sched.c.obj)
                0x00000000080031d4                z_reschedule_irqlock
 .text.k_sched_lock
                0x00000000080031fc       0x28 zephyr/kernel/libkernel.a(sched.c.obj)
                0x00000000080031fc                k_sched_lock
 .text.k_sched_unlock
                0x0000000008003224       0x6c zephyr/kernel/libkernel.a(sched.c.obj)
                0x0000000008003224                k_sched_unlock
 .text.z_sched_init
                0x0000000008003290       0x10 zephyr/kernel/libkernel.a(sched.c.obj)
                0x0000000008003290                z_sched_init
 .text.z_impl_k_yield
                0x00000000080032a0       0x8c zephyr/kernel/libkernel.a(sched.c.obj)
                0x00000000080032a0                z_impl_k_yield
 .text.z_tick_sleep
                0x000000000800332c       0x80 zephyr/kernel/libkernel.a(sched.c.obj)
 .text.z_impl_k_sleep
                0x00000000080033ac       0x3c zephyr/kernel/libkernel.a(sched.c.obj)
                0x00000000080033ac                z_impl_k_sleep
 .text.z_impl_k_sched_current_thread_query
                0x00000000080033e8        0xc zephyr/kernel/libkernel.a(sched.c.obj)
                0x00000000080033e8                z_impl_k_sched_current_thread_query
 .text.slice_timeout
                0x00000000080033f4       0x20 zephyr/kernel/libkernel.a(timeslicing.c.obj)
 .text.thread_is_sliceable
                0x0000000008003414       0x40 zephyr/kernel/libkernel.a(timeslicing.c.obj)
                0x0000000008003414                thread_is_sliceable
 .text.z_reset_time_slice
                0x0000000008003454       0x50 zephyr/kernel/libkernel.a(timeslicing.c.obj)
                0x0000000008003454                z_reset_time_slice
 .text.z_time_slice
                0x00000000080034a4       0x60 zephyr/kernel/libkernel.a(timeslicing.c.obj)
                0x00000000080034a4                z_time_slice
 .text.z_data_copy
                0x0000000008003504       0x38 zephyr/kernel/libkernel.a(xip.c.obj)
                0x0000000008003504                z_data_copy
 .text.elapsed  0x000000000800353c       0x14 zephyr/kernel/libkernel.a(timeout.c.obj)
 .text.remove_timeout
                0x0000000008003550       0x38 zephyr/kernel/libkernel.a(timeout.c.obj)
 .text.next_timeout
                0x0000000008003588       0x40 zephyr/kernel/libkernel.a(timeout.c.obj)
 .text.z_add_timeout
                0x00000000080035c8       0xf4 zephyr/kernel/libkernel.a(timeout.c.obj)
                0x00000000080035c8                z_add_timeout
 .text.sys_clock_announce
                0x00000000080036bc       0xd0 zephyr/kernel/libkernel.a(timeout.c.obj)
                0x00000000080036bc                sys_clock_announce
 .text.sys_clock_tick_get
                0x000000000800378c       0x30 zephyr/kernel/libkernel.a(timeout.c.obj)
                0x000000000800378c                sys_clock_tick_get
 .text.boot_banner
                0x00000000080037bc        0xc zephyr/kernel/libkernel.a(banner.c.obj)
                0x00000000080037bc                boot_banner
 .text.printf   0x00000000080037c8       0x24 c:\users\exito\zephyr-sdk-0.17.0\arm-zephyr-eabi\bin\../lib/gcc/../../picolibc/arm-zephyr-eabi/lib/thumb/v8-m.main/nofp\libc.a(libc_tinystdio_printf.c.o)
                0x00000000080037c8                printf
 .text.snprintf
                0x00000000080037ec       0x58 c:\users\exito\zephyr-sdk-0.17.0\arm-zephyr-eabi\bin\../lib/gcc/../../picolibc/arm-zephyr-eabi/lib/thumb/v8-m.main/nofp\libc.a(libc_tinystdio_snprintf.c.o)
                0x00000000080037ec                snprintf
 .text.sscanf   0x0000000008003844       0x40 c:\users\exito\zephyr-sdk-0.17.0\arm-zephyr-eabi\bin\../lib/gcc/../../picolibc/arm-zephyr-eabi/lib/thumb/v8-m.main/nofp\libc.a(libc_tinystdio_sscanf.c.o)
                0x0000000008003844                sscanf
 .text.skip_to_arg
                0x0000000008003884      0x134 c:\users\exito\zephyr-sdk-0.17.0\arm-zephyr-eabi\bin\../lib/gcc/../../picolibc/arm-zephyr-eabi/lib/thumb/v8-m.main/nofp\libc.a(libc_tinystdio_vfprintf.c.o)
 .text.vfprintf
                0x00000000080039b8      0x9a8 c:\users\exito\zephyr-sdk-0.17.0\arm-zephyr-eabi\bin\../lib/gcc/../../picolibc/arm-zephyr-eabi/lib/thumb/v8-m.main/nofp\libc.a(libc_tinystdio_vfprintf.c.o)
                0x00000000080039b8                __d_vfprintf
 .text.vfscanf  0x0000000008004360      0x8c4 c:\users\exito\zephyr-sdk-0.17.0\arm-zephyr-eabi\bin\../lib/gcc/../../picolibc/arm-zephyr-eabi/lib/thumb/v8-m.main/nofp\libc.a(libc_tinystdio_vfscanf.c.o)
                0x0000000008004360                __d_vfscanf
 .text.__atod_engine
                0x0000000008004c24      0x1bc c:\users\exito\zephyr-sdk-0.17.0\arm-zephyr-eabi\bin\../lib/gcc/../../picolibc/arm-zephyr-eabi/lib/thumb/v8-m.main/nofp\libc.a(libc_tinystdio_atod_ryu.c.o)
                0x0000000008004c24                __atod_engine
 .text.div10    0x0000000008004de0       0x28 c:\users\exito\zephyr-sdk-0.17.0\arm-zephyr-eabi\bin\../lib/gcc/../../picolibc/arm-zephyr-eabi/lib/thumb/v8-m.main/nofp\libc.a(libc_tinystdio_dtoa_ryu.c.o)
 .text.__dtoa_engine
                0x0000000008004e08      0x4a8 c:\users\exito\zephyr-sdk-0.17.0\arm-zephyr-eabi\bin\../lib/gcc/../../picolibc/arm-zephyr-eabi/lib/thumb/v8-m.main/nofp\libc.a(libc_tinystdio_dtoa_ryu.c.o)
                0x0000000008004e08                __dtoa_engine
 .text.__log10Pow2
                0x00000000080052b0        0xc c:\users\exito\zephyr-sdk-0.17.0\arm-zephyr-eabi\bin\../lib/gcc/../../picolibc/arm-zephyr-eabi/lib/thumb/v8-m.main/nofp\libc.a(libc_tinystdio_ryu_log10.c.o)
                0x00000000080052b0                __log10Pow2
 .text.__log10Pow5
                0x00000000080052bc        0xc c:\users\exito\zephyr-sdk-0.17.0\arm-zephyr-eabi\bin\../lib/gcc/../../picolibc/arm-zephyr-eabi/lib/thumb/v8-m.main/nofp\libc.a(libc_tinystdio_ryu_log10.c.o)
                0x00000000080052bc                __log10Pow5
 .text.__log2pow5
                0x00000000080052c8        0xc c:\users\exito\zephyr-sdk-0.17.0\arm-zephyr-eabi\bin\../lib/gcc/../../picolibc/arm-zephyr-eabi/lib/thumb/v8-m.main/nofp\libc.a(libc_tinystdio_ryu_log2pow5.c.o)
                0x00000000080052c8                __log2pow5
 .text.__ceil_log2pow5
                0x00000000080052d4       0x10 c:\users\exito\zephyr-sdk-0.17.0\arm-zephyr-eabi\bin\../lib/gcc/../../picolibc/arm-zephyr-eabi/lib/thumb/v8-m.main/nofp\libc.a(libc_tinystdio_ryu_log2pow5.c.o)
                0x00000000080052d4                __ceil_log2pow5
 .text.__pow5bits
                0x00000000080052e4       0x10 c:\users\exito\zephyr-sdk-0.17.0\arm-zephyr-eabi\bin\../lib/gcc/../../picolibc/arm-zephyr-eabi/lib/thumb/v8-m.main/nofp\libc.a(libc_tinystdio_ryu_pow5bits.c.o)
                0x00000000080052e4                __pow5bits
 .text.__pow5Factor
                0x00000000080052f4       0x30 c:\users\exito\zephyr-sdk-0.17.0\arm-zephyr-eabi\bin\../lib/gcc/../../picolibc/arm-zephyr-eabi/lib/thumb/v8-m.main/nofp\libc.a(libc_tinystdio_ryu_table.c.o)
                0x00000000080052f4                __pow5Factor
 .text.__double_computePow5
                0x0000000008005324       0xe4 c:\users\exito\zephyr-sdk-0.17.0\arm-zephyr-eabi\bin\../lib/gcc/../../picolibc/arm-zephyr-eabi/lib/thumb/v8-m.main/nofp\libc.a(libc_tinystdio_ryu_table.c.o)
                0x0000000008005324                __double_computePow5
 .text.__double_computeInvPow5
                0x0000000008005408       0xf8 c:\users\exito\zephyr-sdk-0.17.0\arm-zephyr-eabi\bin\../lib/gcc/../../picolibc/arm-zephyr-eabi/lib/thumb/v8-m.main/nofp\libc.a(libc_tinystdio_ryu_table.c.o)
                0x0000000008005408                __double_computeInvPow5
 .text._OffsetAbsSyms
                0x0000000008005500        0x2 zephyr/CMakeFiles/offsets.dir/./arch/arm/core/offsets/offsets.c.obj
                0x0000000008005500                _OffsetAbsSyms
 .text.uart_irq_rx_enable
                0x0000000008005502        0xa app/libapp.a(main.c.obj)
 .text.gpio_pin_configure_dt.constprop.0.isra.0
                0x000000000800550c       0x34 app/libapp.a(main.c.obj)
 .text.k_msleep.isra.0
                0x0000000008005540        0xa app/libapp.a(main.c.obj)
 .text.gpio_pin_configure_dt.constprop.0.isra.0
                0x000000000800554a       0x34 app/libapp.a(led.c.obj)
 .text.uart_send_command
                0x000000000800557e       0x24 app/libapp.a(uart_com.c.obj)
                0x000000000800557e                uart_send_command
 .text.chunk_size
                0x00000000080055a2        0xa zephyr/libzephyr.a(heap.c.obj)
 .text.free_list_add
                0x00000000080055ac       0x4e zephyr/libzephyr.a(heap.c.obj)
 .text.sys_heap_init
                0x00000000080055fa       0x7a zephyr/libzephyr.a(heap.c.obj)
                0x00000000080055fa                sys_heap_init
 .text.arch_printk_char_out
                0x0000000008005674        0x4 zephyr/libzephyr.a(printk.c.obj)
                0x0000000008005674                arch_printk_char_out
 .text.printk   0x0000000008005678       0x1a zephyr/libzephyr.a(printk.c.obj)
                0x0000000008005678                printk
 .text._ConfigAbsSyms
                0x0000000008005692        0x2 zephyr/libzephyr.a(configs.c.obj)
                0x0000000008005692                _ConfigAbsSyms
 .text.z_arm_fatal_error
                0x0000000008005694        0xc zephyr/arch/arch/arm/core/libarch__arm__core.a(fatal.c.obj)
                0x0000000008005694                z_arm_fatal_error
 .text.z_do_kernel_oops
                0x00000000080056a0        0x8 zephyr/arch/arch/arm/core/libarch__arm__core.a(fatal.c.obj)
                0x00000000080056a0                z_do_kernel_oops
 .text.z_irq_spurious
                0x00000000080056a8        0x8 zephyr/arch/arch/arm/core/cortex_m/libarch__arm__core__cortex_m.a(irq_manage.c.obj)
                0x00000000080056a8                z_irq_spurious
 .text.configure_builtin_stack_guard
                0x00000000080056b0        0x8 zephyr/arch/arch/arm/core/cortex_m/libarch__arm__core__cortex_m.a(thread.c.obj)
                0x00000000080056b0                configure_builtin_stack_guard
 .text.arch_irq_unlock_outlined
                0x00000000080056b8        0xe zephyr/arch/arch/arm/core/cortex_m/libarch__arm__core__cortex_m.a(thread.c.obj)
                0x00000000080056b8                arch_irq_unlock_outlined
 .text.arch_cpu_idle
                0x00000000080056c6       0x1a zephyr/arch/arch/arm/core/cortex_m/libarch__arm__core__cortex_m.a(cpu_idle.c.obj)
                0x00000000080056c6                arch_cpu_idle
 .text.arm_cmse_mpu_region_get
                0x00000000080056e0       0x12 zephyr/arch/arch/arm/core/cortex_m/cmse/libarch__arm__core__cortex_m__cmse.a(arm_core_cmse.c.obj)
                0x00000000080056e0                arm_cmse_mpu_region_get
 .text.mpu_configure_region
                0x00000000080056f2       0x32 zephyr/arch/arch/arm/core/mpu/libarch__arm__core__mpu.a(arm_mpu.c.obj)
 .text.picolibc_put
                0x0000000008005724        0xa zephyr/lib/libc/picolibc/liblib__libc__picolibc.a(stdio.c.obj)
 .text.stm32_exti_init
                0x000000000800572e      0x126 zephyr/drivers/interrupt_controller/libdrivers__interrupt_controller.a(intc_exti_stm32.c.obj)
 .text.stm32_gpio_intc_get_pin_irq_line
                0x0000000008005854        0x6 zephyr/drivers/interrupt_controller/libdrivers__interrupt_controller.a(intc_exti_stm32.c.obj)
                0x0000000008005854                stm32_gpio_intc_get_pin_irq_line
 .text.stm32_exti_set_line_src_port
                0x000000000800585a       0x26 zephyr/drivers/interrupt_controller/libdrivers__interrupt_controller.a(intc_exti_stm32.c.obj)
                0x000000000800585a                stm32_exti_set_line_src_port
 .text.stm32_clock_control_on
                0x0000000008005880       0x38 zephyr/drivers/clock_control/libdrivers__clock_control.a(clock_stm32_ll_h5.c.obj)
 .text.stm32_clock_control_off
                0x00000000080058b8       0x24 zephyr/drivers/clock_control/libdrivers__clock_control.a(clock_stm32_ll_h5.c.obj)
 .text.enabled_clock
                0x00000000080058dc       0x1e zephyr/drivers/clock_control/libdrivers__clock_control.a(clock_stm32_ll_h5.c.obj)
                0x00000000080058dc                enabled_clock
 .text.stm32_clock_control_configure
                0x00000000080058fa       0x2c zephyr/drivers/clock_control/libdrivers__clock_control.a(clock_stm32_ll_h5.c.obj)
 .text.gpio_stm32_port_get_raw
                0x0000000008005926        0xc zephyr/drivers/gpio/libdrivers__gpio.a(gpio_stm32.c.obj)
 .text.gpio_stm32_port_set_masked_raw
                0x0000000008005932       0x12 zephyr/drivers/gpio/libdrivers__gpio.a(gpio_stm32.c.obj)
 .text.gpio_stm32_port_set_bits_raw
                0x0000000008005944        0xa zephyr/drivers/gpio/libdrivers__gpio.a(gpio_stm32.c.obj)
 .text.gpio_stm32_port_clear_bits_raw
                0x000000000800594e        0xa zephyr/drivers/gpio/libdrivers__gpio.a(gpio_stm32.c.obj)
 .text.gpio_stm32_port_toggle_bits
                0x0000000008005958        0xe zephyr/drivers/gpio/libdrivers__gpio.a(gpio_stm32.c.obj)
 .text.gpio_stm32_manage_callback
                0x0000000008005966       0x52 zephyr/drivers/gpio/libdrivers__gpio.a(gpio_stm32.c.obj)
 .text.gpio_stm32_configure_raw.isra.0
                0x00000000080059b8      0x106 zephyr/drivers/gpio/libdrivers__gpio.a(gpio_stm32.c.obj)
 .text.gpio_stm32_config
                0x0000000008005abe      0x120 zephyr/drivers/gpio/libdrivers__gpio.a(gpio_stm32.c.obj)
 .text.gpio_stm32_isr
                0x0000000008005bde       0x2c zephyr/drivers/gpio/libdrivers__gpio.a(gpio_stm32.c.obj)
 .text.gpio_stm32_configure
                0x0000000008005c0a       0x2a zephyr/drivers/gpio/libdrivers__gpio.a(gpio_stm32.c.obj)
                0x0000000008005c0a                gpio_stm32_configure
 .text.pinctrl_lookup_state
                0x0000000008005c34       0x26 zephyr/drivers/pinctrl/libdrivers__pinctrl.a(common.c.obj)
                0x0000000008005c34                pinctrl_lookup_state
 .text.reset_stm32_status
                0x0000000008005c5a       0x20 zephyr/drivers/reset/libdrivers__reset.a(reset_stm32.c.obj)
 .text.reset_stm32_line_assert
                0x0000000008005c7a       0x1c zephyr/drivers/reset/libdrivers__reset.a(reset_stm32.c.obj)
 .text.reset_stm32_line_deassert
                0x0000000008005c96       0x1e zephyr/drivers/reset/libdrivers__reset.a(reset_stm32.c.obj)
 .text.reset_stm32_line_toggle
                0x0000000008005cb4       0x16 zephyr/drivers/reset/libdrivers__reset.a(reset_stm32.c.obj)
 .text.uart_stm32_ll2cfg_databits
                0x0000000008005cca       0x2a zephyr/drivers/serial/libdrivers__serial.a(uart_stm32.c.obj)
 .text.uart_stm32_err_check
                0x0000000008005cf4       0x5a zephyr/drivers/serial/libdrivers__serial.a(uart_stm32.c.obj)
 .text.uart_stm32_irq_tx_enable
                0x0000000008005d4e       0x16 zephyr/drivers/serial/libdrivers__serial.a(uart_stm32.c.obj)
 .text.uart_stm32_irq_tx_disable
                0x0000000008005d64       0x16 zephyr/drivers/serial/libdrivers__serial.a(uart_stm32.c.obj)
 .text.uart_stm32_irq_rx_enable
                0x0000000008005d7a       0x16 zephyr/drivers/serial/libdrivers__serial.a(uart_stm32.c.obj)
 .text.uart_stm32_irq_rx_disable
                0x0000000008005d90       0x16 zephyr/drivers/serial/libdrivers__serial.a(uart_stm32.c.obj)
 .text.uart_stm32_irq_rx_ready
                0x0000000008005da6        0xc zephyr/drivers/serial/libdrivers__serial.a(uart_stm32.c.obj)
 .text.uart_stm32_irq_update
                0x0000000008005db2        0x4 zephyr/drivers/serial/libdrivers__serial.a(uart_stm32.c.obj)
 .text.uart_stm32_irq_callback_set
                0x0000000008005db6        0x8 zephyr/drivers/serial/libdrivers__serial.a(uart_stm32.c.obj)
 .text.uart_stm32_isr
                0x0000000008005dbe        0xc zephyr/drivers/serial/libdrivers__serial.a(uart_stm32.c.obj)
 .text.uart_stm32_irq_config_func_0
                0x0000000008005dca       0x16 zephyr/drivers/serial/libdrivers__serial.a(uart_stm32.c.obj)
 .text.uart_stm32_irq_config_func_1
                0x0000000008005de0       0x16 zephyr/drivers/serial/libdrivers__serial.a(uart_stm32.c.obj)
 .text.uart_stm32_irq_config_func_2
                0x0000000008005df6       0x16 zephyr/drivers/serial/libdrivers__serial.a(uart_stm32.c.obj)
 .text.uart_stm32_irq_config_func_3
                0x0000000008005e0c       0x16 zephyr/drivers/serial/libdrivers__serial.a(uart_stm32.c.obj)
 .text.uart_stm32_irq_tx_complete
                0x0000000008005e22        0xc zephyr/drivers/serial/libdrivers__serial.a(uart_stm32.c.obj)
 .text.uart_stm32_irq_tx_ready
                0x0000000008005e2e       0x14 zephyr/drivers/serial/libdrivers__serial.a(uart_stm32.c.obj)
 .text.uart_stm32_config_get
                0x0000000008005e42       0x92 zephyr/drivers/serial/libdrivers__serial.a(uart_stm32.c.obj)
 .text.uart_stm32_fifo_fill
                0x0000000008005ed4       0x58 zephyr/drivers/serial/libdrivers__serial.a(uart_stm32.c.obj)
 .text.uart_stm32_poll_out
                0x0000000008005f2c       0x36 zephyr/drivers/serial/libdrivers__serial.a(uart_stm32.c.obj)
 .text.uart_stm32_irq_is_pending
                0x0000000008005f62       0x24 zephyr/drivers/serial/libdrivers__serial.a(uart_stm32.c.obj)
 .text.uart_stm32_fifo_read
                0x0000000008005f86       0x42 zephyr/drivers/serial/libdrivers__serial.a(uart_stm32.c.obj)
 .text.uart_stm32_poll_in
                0x0000000008005fc8       0x20 zephyr/drivers/serial/libdrivers__serial.a(uart_stm32.c.obj)
 .text.uart_stm32_parameters_set
                0x0000000008005fe8      0x142 zephyr/drivers/serial/libdrivers__serial.a(uart_stm32.c.obj)
 .text._GetAvailWriteSpace
                0x000000000800612a       0x12 modules/segger/libmodules__segger.a(SEGGER_RTT.c.obj)
 .text._WriteNoCheck
                0x000000000800613c       0x3a modules/segger/libmodules__segger.a(SEGGER_RTT.c.obj)
 .text._WriteBlocking
                0x0000000008006176       0x58 modules/segger/libmodules__segger.a(SEGGER_RTT.c.obj)
 .text.rtt_init
                0x00000000080061ce        0xa modules/segger/libmodules__segger.a(SEGGER_RTT_zephyr.c.obj)
 .text.z_device_state_init
                0x00000000080061d8        0x2 zephyr/kernel/libkernel.a(device.c.obj)
                0x00000000080061d8                z_device_state_init
 .text.z_impl_device_is_ready
                0x00000000080061da       0x16 zephyr/kernel/libkernel.a(device.c.obj)
                0x00000000080061da                z_impl_device_is_ready
 .text.arch_system_halt
                0x00000000080061f0       0x10 zephyr/kernel/libkernel.a(fatal.c.obj)
                0x00000000080061f0                arch_system_halt
 .text.k_sys_fatal_error_handler
                0x0000000008006200        0x6 zephyr/kernel/libkernel.a(fatal.c.obj)
                0x0000000008006200                k_sys_fatal_error_handler
 .text.do_device_init
                0x0000000008006206       0x30 zephyr/kernel/libkernel.a(init.c.obj)
 .text.z_early_memset
                0x0000000008006236        0x4 zephyr/kernel/libkernel.a(init.c.obj)
                0x0000000008006236                z_early_memset
 .text.z_early_memcpy
                0x000000000800623a        0x4 zephyr/kernel/libkernel.a(init.c.obj)
                0x000000000800623a                z_early_memcpy
 .text.z_init_static
                0x000000000800623e        0x2 zephyr/kernel/libkernel.a(init_static.c.obj)
                0x000000000800623e                z_init_static
 .text.idle     0x0000000008006240       0x16 zephyr/kernel/libkernel.a(idle.c.obj)
                0x0000000008006240                idle
 .text.k_is_in_isr
                0x0000000008006256        0xc zephyr/kernel/libkernel.a(thread.c.obj)
                0x0000000008006256                k_is_in_isr
 .text.sys_dlist_remove
                0x0000000008006262       0x10 zephyr/kernel/libkernel.a(sched.c.obj)
 .text.unpend_thread_no_timeout
                0x0000000008006272       0x14 zephyr/kernel/libkernel.a(sched.c.obj)
 .text.z_ready_thread
                0x0000000008006286       0x1e zephyr/kernel/libkernel.a(sched.c.obj)
                0x0000000008006286                z_ready_thread
 .text.z_sched_wake_thread
                0x00000000080062a4       0x3a zephyr/kernel/libkernel.a(sched.c.obj)
                0x00000000080062a4                z_sched_wake_thread
 .text.z_thread_timeout
                0x00000000080062de        0x8 zephyr/kernel/libkernel.a(sched.c.obj)
                0x00000000080062de                z_thread_timeout
 .text.z_thread_abort
                0x00000000080062e6       0x44 zephyr/kernel/libkernel.a(sched.c.obj)
                0x00000000080062e6                z_thread_abort
 .text.z_abort_timeout
                0x000000000800632a       0x2a zephyr/kernel/libkernel.a(timeout.c.obj)
                0x000000000800632a                z_abort_timeout
 .text.sys_clock_tick_get_32
                0x0000000008006354        0x8 zephyr/kernel/libkernel.a(timeout.c.obj)
                0x0000000008006354                sys_clock_tick_get_32
 .text.memcpy   0x000000000800635c       0x1a c:\users\exito\zephyr-sdk-0.17.0\arm-zephyr-eabi\bin\../lib/gcc/../../picolibc/arm-zephyr-eabi/lib/thumb/v8-m.main/nofp\libc.a(memcpy.c.o)
                0x000000000800635c                __aeabi_memcpy
                0x000000000800635c                __aeabi_memcpy4
                0x000000000800635c                __aeabi_memcpy8
                0x000000000800635c                memcpy
 .text.memset   0x0000000008006376       0x10 c:\users\exito\zephyr-sdk-0.17.0\arm-zephyr-eabi\bin\../lib/gcc/../../picolibc/arm-zephyr-eabi/lib/thumb/v8-m.main/nofp\libc.a(memset.c.o)
                0x0000000008006376                memset
 .text.strncmp  0x0000000008006386       0x24 c:\users\exito\zephyr-sdk-0.17.0\arm-zephyr-eabi\bin\../lib/gcc/../../picolibc/arm-zephyr-eabi/lib/thumb/v8-m.main/nofp\libc.a(libc_string_strncmp.c.o)
                0x0000000008006386                strncmp
 .text.strncpy  0x00000000080063aa       0x20 c:\users\exito\zephyr-sdk-0.17.0\arm-zephyr-eabi\bin\../lib/gcc/../../picolibc/arm-zephyr-eabi/lib/thumb/v8-m.main/nofp\libc.a(libc_string_strncpy.c.o)
                0x00000000080063aa                strncpy
 .text.strnlen  0x00000000080063ca       0x18 c:\users\exito\zephyr-sdk-0.17.0\arm-zephyr-eabi\bin\../lib/gcc/../../picolibc/arm-zephyr-eabi/lib/thumb/v8-m.main/nofp\libc.a(libc_string_strnlen.c.o)
                0x00000000080063ca                strnlen
 .text.strstr   0x00000000080063e2       0x2c c:\users\exito\zephyr-sdk-0.17.0\arm-zephyr-eabi\bin\../lib/gcc/../../picolibc/arm-zephyr-eabi/lib/thumb/v8-m.main/nofp\libc.a(libc_string_strstr.c.o)
                0x00000000080063e2                strstr
 .text.__ultoa_invert
                0x000000000800640e       0x4e c:\users\exito\zephyr-sdk-0.17.0\arm-zephyr-eabi\bin\../lib/gcc/../../picolibc/arm-zephyr-eabi/lib/thumb/v8-m.main/nofp\libc.a(libc_tinystdio_vfprintf.c.o)
 .text.scanf_getc
                0x000000000800645c       0x14 c:\users\exito\zephyr-sdk-0.17.0\arm-zephyr-eabi\bin\../lib/gcc/../../picolibc/arm-zephyr-eabi/lib/thumb/v8-m.main/nofp\libc.a(libc_tinystdio_vfscanf.c.o)
 .text.scanf_ungetc
                0x0000000008006470       0x10 c:\users\exito\zephyr-sdk-0.17.0\arm-zephyr-eabi\bin\../lib/gcc/../../picolibc/arm-zephyr-eabi/lib/thumb/v8-m.main/nofp\libc.a(libc_tinystdio_vfscanf.c.o)
 .text.skip_spaces
                0x0000000008006480       0x2a c:\users\exito\zephyr-sdk-0.17.0\arm-zephyr-eabi\bin\../lib/gcc/../../picolibc/arm-zephyr-eabi/lib/thumb/v8-m.main/nofp\libc.a(libc_tinystdio_vfscanf.c.o)
 .text.putval   0x00000000080064aa       0x2c c:\users\exito\zephyr-sdk-0.17.0\arm-zephyr-eabi\bin\../lib/gcc/../../picolibc/arm-zephyr-eabi/lib/thumb/v8-m.main/nofp\libc.a(libc_tinystdio_vfscanf.c.o)
 .text.mulShift64
                0x00000000080064d6       0x60 c:\users\exito\zephyr-sdk-0.17.0\arm-zephyr-eabi\bin\../lib/gcc/../../picolibc/arm-zephyr-eabi/lib/thumb/v8-m.main/nofp\libc.a(libc_tinystdio_atod_ryu.c.o)
 .text.__atof_engine
                0x0000000008006536      0x11c c:\users\exito\zephyr-sdk-0.17.0\arm-zephyr-eabi\bin\../lib/gcc/../../picolibc/arm-zephyr-eabi/lib/thumb/v8-m.main/nofp\libc.a(libc_tinystdio_atof_ryu.c.o)
                0x0000000008006536                __atof_engine
 .text.mulShiftAll64
                0x0000000008006652      0x174 c:\users\exito\zephyr-sdk-0.17.0\arm-zephyr-eabi\bin\../lib/gcc/../../picolibc/arm-zephyr-eabi/lib/thumb/v8-m.main/nofp\libc.a(libc_tinystdio_dtoa_ryu.c.o)
 .text.mulShift32
                0x00000000080067c6       0x2e c:\users\exito\zephyr-sdk-0.17.0\arm-zephyr-eabi\bin\../lib/gcc/../../picolibc/arm-zephyr-eabi/lib/thumb/v8-m.main/nofp\libc.a(libc_tinystdio_ryu_divpow2.c.o)
 .text.__mulPow5InvDivPow2
                0x00000000080067f4       0x26 c:\users\exito\zephyr-sdk-0.17.0\arm-zephyr-eabi\bin\../lib/gcc/../../picolibc/arm-zephyr-eabi/lib/thumb/v8-m.main/nofp\libc.a(libc_tinystdio_ryu_divpow2.c.o)
                0x00000000080067f4                __mulPow5InvDivPow2
 .text.__mulPow5divPow2
                0x000000000800681a       0x20 c:\users\exito\zephyr-sdk-0.17.0\arm-zephyr-eabi\bin\../lib/gcc/../../picolibc/arm-zephyr-eabi/lib/thumb/v8-m.main/nofp\libc.a(libc_tinystdio_ryu_divpow2.c.o)
                0x000000000800681a                __mulPow5divPow2
 .text.__umul128
                0x000000000800683a       0x36 c:\users\exito\zephyr-sdk-0.17.0\arm-zephyr-eabi\bin\../lib/gcc/../../picolibc/arm-zephyr-eabi/lib/thumb/v8-m.main/nofp\libc.a(libc_tinystdio_ryu_umul128.c.o)
                0x000000000800683a                __umul128
 .text.__shiftright128
                0x0000000008006870       0x3e c:\users\exito\zephyr-sdk-0.17.0\arm-zephyr-eabi\bin\../lib/gcc/../../picolibc/arm-zephyr-eabi/lib/thumb/v8-m.main/nofp\libc.a(libc_tinystdio_ryu_umul128.c.o)
                0x0000000008006870                __shiftright128
 .text.strchr   0x00000000080068ae       0x1a c:\users\exito\zephyr-sdk-0.17.0\arm-zephyr-eabi\bin\../lib/gcc/../../picolibc/arm-zephyr-eabi/lib/thumb/v8-m.main/nofp\libc.a(libc_string_strchr.c.o)
                0x00000000080068ae                strchr
 .text.__dtox_engine
                0x00000000080068c8      0x12c c:\users\exito\zephyr-sdk-0.17.0\arm-zephyr-eabi\bin\../lib/gcc/../../picolibc/arm-zephyr-eabi/lib/thumb/v8-m.main/nofp\libc.a(libc_tinystdio_dtox_engine.c.o)
                0x00000000080068c8                __dtox_engine
 .text.fgetc    0x00000000080069f4       0x46 c:\users\exito\zephyr-sdk-0.17.0\arm-zephyr-eabi\bin\../lib/gcc/../../picolibc/arm-zephyr-eabi/lib/thumb/v8-m.main/nofp\libc.a(libc_tinystdio_fgetc.c.o)
                0x00000000080069f4                getc
                0x00000000080069f4                fgetc
                0x00000000080069f4                getc_unlocked
 .text.__file_str_get
                0x0000000008006a3a       0x14 c:\users\exito\zephyr-sdk-0.17.0\arm-zephyr-eabi\bin\../lib/gcc/../../picolibc/arm-zephyr-eabi/lib/thumb/v8-m.main/nofp\libc.a(libc_tinystdio_filestrget.c.o)
                0x0000000008006a3a                __file_str_get
 .text.__file_str_put
                0x0000000008006a4e       0x10 c:\users\exito\zephyr-sdk-0.17.0\arm-zephyr-eabi\bin\../lib/gcc/../../picolibc/arm-zephyr-eabi/lib/thumb/v8-m.main/nofp\libc.a(libc_tinystdio_filestrput.c.o)
                0x0000000008006a4e                __file_str_put
 .text.ungetc   0x0000000008006a5e       0x32 c:\users\exito\zephyr-sdk-0.17.0\arm-zephyr-eabi\bin\../lib/gcc/../../picolibc/arm-zephyr-eabi/lib/thumb/v8-m.main/nofp\libc.a(libc_tinystdio_ungetc.c.o)
                0x0000000008006a5e                ungetc
 *(SORT_BY_ALIGNMENT(.TEXT.*))
 .TEXT.__aeabi_read_tp
                0x0000000008006a90        0xc zephyr/arch/arch/arm/core/cortex_m/libarch__arm__core__cortex_m.a(__aeabi_read_tp.S.obj)
                0x0000000008006a90                __aeabi_read_tp
 *(SORT_BY_ALIGNMENT(.gnu.linkonce.t.*))
 *(SORT_BY_ALIGNMENT(.glue_7t))
 .glue_7t       0x0000000008006a9c        0x0 linker stubs
 *(SORT_BY_ALIGNMENT(.glue_7))
 .glue_7        0x0000000008006a9c        0x0 linker stubs
 *(SORT_BY_ALIGNMENT(.vfp11_veneer))
 .vfp11_veneer  0x0000000008006a9c        0x0 linker stubs
 *(SORT_BY_ALIGNMENT(.v4_bx))
 .v4_bx         0x0000000008006a9c        0x0 linker stubs
                0x0000000008006a9c                . = ALIGN (0x4)
                0x0000000008006a9c                __text_region_end = .

.ARM.exidx      0x0000000008006a9c        0x8
                0x0000000008006a9c                __exidx_start = .
 *(SORT_BY_ALIGNMENT(.ARM.exidx*) SORT_BY_ALIGNMENT(gnu.linkonce.armexidx.*))
 .ARM.exidx     0x0000000008006a9c        0x8 c:/users/exito/zephyr-sdk-0.17.0/arm-zephyr-eabi/bin/../lib/gcc/arm-zephyr-eabi/12.2.0/thumb/v8-m.main/nofp\libgcc.a(_udivmoddi4.o)
                0x0000000008006aa4                __exidx_end = .
                0x0000000008006aa4                __rodata_region_start = .

initlevel       0x0000000008006aa4       0xa8
                0x0000000008006aa4                __init_start = .
                0x0000000008006aa4                __init_EARLY_start = .
 *(SORT_BY_NAME(SORT_BY_ALIGNMENT(.z_init_EARLY?_*)))
 *(SORT_BY_NAME(SORT_BY_ALIGNMENT(.z_init_EARLY??_*)))
                0x0000000008006aa4                __init_PRE_KERNEL_1_start = .
 *(SORT_BY_NAME(SORT_BY_ALIGNMENT(.z_init_PRE_KERNEL_1?_*)))
 .z_init_PRE_KERNEL_11_00009_
                0x0000000008006aa4        0x8 zephyr/drivers/clock_control/libdrivers__clock_control.a(clock_stm32_ll_h5.c.obj)
 .z_init_PRE_KERNEL_11_0_
                0x0000000008006aac        0x8 zephyr/libzephyr.a(soc_config.c.obj)
 *(SORT_BY_NAME(SORT_BY_ALIGNMENT(.z_init_PRE_KERNEL_1??_*)))
 .z_init_PRE_KERNEL_130_0_
                0x0000000008006ab4        0x8 modules/segger/libmodules__segger.a(SEGGER_RTT_zephyr.c.obj)
 .z_init_PRE_KERNEL_135_00055_
                0x0000000008006abc        0x8 zephyr/drivers/reset/libdrivers__reset.a(reset_stm32.c.obj)
 .z_init_PRE_KERNEL_140_00040_
                0x0000000008006ac4        0x8 zephyr/drivers/gpio/libdrivers__gpio.a(gpio_stm32.c.obj)
 .z_init_PRE_KERNEL_140_00043_
                0x0000000008006acc        0x8 zephyr/drivers/gpio/libdrivers__gpio.a(gpio_stm32.c.obj)
 .z_init_PRE_KERNEL_140_00044_
                0x0000000008006ad4        0x8 zephyr/drivers/gpio/libdrivers__gpio.a(gpio_stm32.c.obj)
 .z_init_PRE_KERNEL_140_00075_
                0x0000000008006adc        0x8 zephyr/drivers/interrupt_controller/libdrivers__interrupt_controller.a(intc_exti_stm32.c.obj)
 .z_init_PRE_KERNEL_140_00108_
                0x0000000008006ae4        0x8 zephyr/drivers/gpio/libdrivers__gpio.a(gpio_stm32.c.obj)
 .z_init_PRE_KERNEL_140_00149_
                0x0000000008006aec        0x8 zephyr/drivers/gpio/libdrivers__gpio.a(gpio_stm32.c.obj)
 .z_init_PRE_KERNEL_140_00150_
                0x0000000008006af4        0x8 zephyr/drivers/gpio/libdrivers__gpio.a(gpio_stm32.c.obj)
 .z_init_PRE_KERNEL_140_00151_
                0x0000000008006afc        0x8 zephyr/drivers/gpio/libdrivers__gpio.a(gpio_stm32.c.obj)
 .z_init_PRE_KERNEL_140_00152_
                0x0000000008006b04        0x8 zephyr/drivers/gpio/libdrivers__gpio.a(gpio_stm32.c.obj)
 .z_init_PRE_KERNEL_140_00153_
                0x0000000008006b0c        0x8 zephyr/drivers/gpio/libdrivers__gpio.a(gpio_stm32.c.obj)
 .z_init_PRE_KERNEL_140_0_
                0x0000000008006b14        0x8 zephyr/drivers/console/libdrivers__console.a(rtt_console.c.obj)
 .z_init_PRE_KERNEL_150_00088_
                0x0000000008006b1c        0x8 zephyr/drivers/serial/libdrivers__serial.a(uart_stm32.c.obj)
 .z_init_PRE_KERNEL_150_00091_
                0x0000000008006b24        0x8 zephyr/drivers/serial/libdrivers__serial.a(uart_stm32.c.obj)
 .z_init_PRE_KERNEL_150_00095_
                0x0000000008006b2c        0x8 zephyr/drivers/serial/libdrivers__serial.a(uart_stm32.c.obj)
 .z_init_PRE_KERNEL_150_00105_
                0x0000000008006b34        0x8 zephyr/drivers/serial/libdrivers__serial.a(uart_stm32.c.obj)
                0x0000000008006b3c                __init_PRE_KERNEL_2_start = .
 *(SORT_BY_NAME(SORT_BY_ALIGNMENT(.z_init_PRE_KERNEL_2?_*)))
 .z_init_PRE_KERNEL_20_0_
                0x0000000008006b3c        0x8 zephyr/drivers/timer/libdrivers__timer.a(cortex_m_systick.c.obj)
 *(SORT_BY_NAME(SORT_BY_ALIGNMENT(.z_init_PRE_KERNEL_2??_*)))
                0x0000000008006b44                __init_POST_KERNEL_start = .
 *(SORT_BY_NAME(SORT_BY_ALIGNMENT(.z_init_POST_KERNEL?_*)))
 *(SORT_BY_NAME(SORT_BY_ALIGNMENT(.z_init_POST_KERNEL??_*)))
 .z_init_POST_KERNEL35_0_
                0x0000000008006b44        0x8 zephyr/lib/libc/common/liblib__libc__common.a(malloc.c.obj)
                0x0000000008006b4c                __init_APPLICATION_start = .
 *(SORT_BY_NAME(SORT_BY_ALIGNMENT(.z_init_APPLICATION?_*)))
 *(SORT_BY_NAME(SORT_BY_ALIGNMENT(.z_init_APPLICATION??_*)))
                0x0000000008006b4c                __init_SMP_start = .
 *(SORT_BY_NAME(SORT_BY_ALIGNMENT(.z_init_SMP?_*)))
 *(SORT_BY_NAME(SORT_BY_ALIGNMENT(.z_init_SMP??_*)))
                0x0000000008006b4c                __init_end = .
                0x0000000008006b4c                __deferred_init_list_start = .
 *(SORT_BY_ALIGNMENT(.z_deferred_init*))
                0x0000000008006b4c                __deferred_init_list_end = .

device_area     0x0000000008006b4c      0x140
                0x0000000008006b4c                _device_list_start = .
 *(SORT_BY_NAME(SORT_BY_ALIGNMENT(._device.static.*_?_*)))
 ._device.static.1_1_
                0x0000000008006b4c       0x14 zephyr/drivers/clock_control/libdrivers__clock_control.a(clock_stm32_ll_h5.c.obj)
                0x0000000008006b4c                __device_dts_ord_9
 *(SORT_BY_NAME(SORT_BY_ALIGNMENT(._device.static.*_??_*)))
 ._device.static.1_35_
                0x0000000008006b60       0x14 zephyr/drivers/reset/libdrivers__reset.a(reset_stm32.c.obj)
                0x0000000008006b60                __device_dts_ord_55
 ._device.static.1_40_
                0x0000000008006b74       0x14 zephyr/drivers/interrupt_controller/libdrivers__interrupt_controller.a(intc_exti_stm32.c.obj)
                0x0000000008006b74                __device_dts_ord_75
 ._device.static.1_40_
                0x0000000008006b88       0xb4 zephyr/drivers/gpio/libdrivers__gpio.a(gpio_stm32.c.obj)
                0x0000000008006b88                __device_dts_ord_153
                0x0000000008006b9c                __device_dts_ord_152
                0x0000000008006bb0                __device_dts_ord_151
                0x0000000008006bc4                __device_dts_ord_150
                0x0000000008006bd8                __device_dts_ord_149
                0x0000000008006bec                __device_dts_ord_108
                0x0000000008006c00                __device_dts_ord_40
                0x0000000008006c14                __device_dts_ord_44
                0x0000000008006c28                __device_dts_ord_43
 ._device.static.1_50_
                0x0000000008006c3c       0x50 zephyr/drivers/serial/libdrivers__serial.a(uart_stm32.c.obj)
                0x0000000008006c3c                __device_dts_ord_95
                0x0000000008006c50                __device_dts_ord_91
                0x0000000008006c64                __device_dts_ord_105
                0x0000000008006c78                __device_dts_ord_88
                0x0000000008006c8c                _device_list_end = .

sw_isr_table    0x0000000008006c8c      0x418
                0x0000000008006c8c                . = ALIGN (0x4)
 *(SORT_BY_ALIGNMENT(.gnu.linkonce.sw_isr_table*))
 .gnu.linkonce.sw_isr_table
                0x0000000008006c8c      0x418 zephyr/CMakeFiles/zephyr_final.dir/isr_tables.c.obj
                0x0000000008006c8c                _sw_isr_table

initlevel_error
                0x0000000008006aa4        0x0
 *(SORT_BY_NAME(SORT_BY_ALIGNMENT(.z_init_[_A-Z0-9]*)))
                0x0000000000000001                ASSERT ((SIZEOF (initlevel_error) == 0x0), Undefined initialization levels used.)

app_shmem_regions
                0x00000000080070a4        0x0
                0x00000000080070a4                __app_shmem_regions_start = .
 *(SORT_BY_NAME(SORT_BY_ALIGNMENT(.app_regions.*)))
                0x00000000080070a4                __app_shmem_regions_end = .

k_p4wq_initparam_area
                0x00000000080070a4        0x0
                0x00000000080070a4                _k_p4wq_initparam_list_start = .
 *(SORT_BY_NAME(SORT_BY_ALIGNMENT(._k_p4wq_initparam.static.*)))
                0x00000000080070a4                _k_p4wq_initparam_list_end = .

_static_thread_data_area
                0x00000000080070a4        0x0
                0x00000000080070a4                __static_thread_data_list_start = .
 *(SORT_BY_NAME(SORT_BY_ALIGNMENT(.__static_thread_data.static.*)))
                0x00000000080070a4                __static_thread_data_list_end = .

device_deps     0x00000000080070a4        0x0
                0x00000000080070a4                __device_deps_start = .
 *(SORT_BY_NAME(SORT_BY_ALIGNMENT(.__device_deps_pass2*)))
                0x00000000080070a4                __device_deps_end = .

gpio_driver_api_area
                0x00000000080070a4       0x24
                0x00000000080070a4                _gpio_driver_api_list_start = .
 *(SORT_BY_NAME(SORT_BY_ALIGNMENT(._gpio_driver_api.static.*)))
 ._gpio_driver_api.static.gpio_stm32_driver_
                0x00000000080070a4       0x24 zephyr/drivers/gpio/libdrivers__gpio.a(gpio_stm32.c.obj)
                0x00000000080070c8                _gpio_driver_api_list_end = .

reset_driver_api_area
                0x00000000080070c8       0x10
                0x00000000080070c8                _reset_driver_api_list_start = .
 *(SORT_BY_NAME(SORT_BY_ALIGNMENT(._reset_driver_api.static.*)))
 ._reset_driver_api.static.reset_stm32_driver_api_
                0x00000000080070c8       0x10 zephyr/drivers/reset/libdrivers__reset.a(reset_stm32.c.obj)
                0x00000000080070d8                _reset_driver_api_list_end = .

shared_irq_driver_api_area
                0x00000000080070d8        0x0
                0x00000000080070d8                _shared_irq_driver_api_list_start = .
 *(SORT_BY_NAME(SORT_BY_ALIGNMENT(._shared_irq_driver_api.static.*)))
                0x00000000080070d8                _shared_irq_driver_api_list_end = .

crypto_driver_api_area
                0x00000000080070d8        0x0
                0x00000000080070d8                _crypto_driver_api_list_start = .
 *(SORT_BY_NAME(SORT_BY_ALIGNMENT(._crypto_driver_api.static.*)))
                0x00000000080070d8                _crypto_driver_api_list_end = .

adc_driver_api_area
                0x00000000080070d8        0x0
                0x00000000080070d8                _adc_driver_api_list_start = .
 *(SORT_BY_NAME(SORT_BY_ALIGNMENT(._adc_driver_api.static.*)))
                0x00000000080070d8                _adc_driver_api_list_end = .

auxdisplay_driver_api_area
                0x00000000080070d8        0x0
                0x00000000080070d8                _auxdisplay_driver_api_list_start = .
 *(SORT_BY_NAME(SORT_BY_ALIGNMENT(._auxdisplay_driver_api.static.*)))
                0x00000000080070d8                _auxdisplay_driver_api_list_end = .

bbram_driver_api_area
                0x00000000080070d8        0x0
                0x00000000080070d8                _bbram_driver_api_list_start = .
 *(SORT_BY_NAME(SORT_BY_ALIGNMENT(._bbram_driver_api.static.*)))
                0x00000000080070d8                _bbram_driver_api_list_end = .

bt_hci_driver_api_area
                0x00000000080070d8        0x0
                0x00000000080070d8                _bt_hci_driver_api_list_start = .
 *(SORT_BY_NAME(SORT_BY_ALIGNMENT(._bt_hci_driver_api.static.*)))
                0x00000000080070d8                _bt_hci_driver_api_list_end = .

can_driver_api_area
                0x00000000080070d8        0x0
                0x00000000080070d8                _can_driver_api_list_start = .
 *(SORT_BY_NAME(SORT_BY_ALIGNMENT(._can_driver_api.static.*)))
                0x00000000080070d8                _can_driver_api_list_end = .

cellular_driver_api_area
                0x00000000080070d8        0x0
                0x00000000080070d8                _cellular_driver_api_list_start = .
 *(SORT_BY_NAME(SORT_BY_ALIGNMENT(._cellular_driver_api.static.*)))
                0x00000000080070d8                _cellular_driver_api_list_end = .

charger_driver_api_area
                0x00000000080070d8        0x0
                0x00000000080070d8                _charger_driver_api_list_start = .
 *(SORT_BY_NAME(SORT_BY_ALIGNMENT(._charger_driver_api.static.*)))
                0x00000000080070d8                _charger_driver_api_list_end = .

clock_control_driver_api_area
                0x00000000080070d8       0x1c
                0x00000000080070d8                _clock_control_driver_api_list_start = .
 *(SORT_BY_NAME(SORT_BY_ALIGNMENT(._clock_control_driver_api.static.*)))
 ._clock_control_driver_api.static.stm32_clock_control_api_
                0x00000000080070d8       0x1c zephyr/drivers/clock_control/libdrivers__clock_control.a(clock_stm32_ll_h5.c.obj)
                0x00000000080070f4                _clock_control_driver_api_list_end = .

comparator_driver_api_area
                0x00000000080070f4        0x0
                0x00000000080070f4                _comparator_driver_api_list_start = .
 *(SORT_BY_NAME(SORT_BY_ALIGNMENT(._comparator_driver_api.static.*)))
                0x00000000080070f4                _comparator_driver_api_list_end = .

coredump_driver_api_area
                0x00000000080070f4        0x0
                0x00000000080070f4                _coredump_driver_api_list_start = .
 *(SORT_BY_NAME(SORT_BY_ALIGNMENT(._coredump_driver_api.static.*)))
                0x00000000080070f4                _coredump_driver_api_list_end = .

counter_driver_api_area
                0x00000000080070f4        0x0
                0x00000000080070f4                _counter_driver_api_list_start = .
 *(SORT_BY_NAME(SORT_BY_ALIGNMENT(._counter_driver_api.static.*)))
                0x00000000080070f4                _counter_driver_api_list_end = .

dac_driver_api_area
                0x00000000080070f4        0x0
                0x00000000080070f4                _dac_driver_api_list_start = .
 *(SORT_BY_NAME(SORT_BY_ALIGNMENT(._dac_driver_api.static.*)))
                0x00000000080070f4                _dac_driver_api_list_end = .

dai_driver_api_area
                0x00000000080070f4        0x0
                0x00000000080070f4                _dai_driver_api_list_start = .
 *(SORT_BY_NAME(SORT_BY_ALIGNMENT(._dai_driver_api.static.*)))
                0x00000000080070f4                _dai_driver_api_list_end = .

display_driver_api_area
                0x00000000080070f4        0x0
                0x00000000080070f4                _display_driver_api_list_start = .
 *(SORT_BY_NAME(SORT_BY_ALIGNMENT(._display_driver_api.static.*)))
                0x00000000080070f4                _display_driver_api_list_end = .

dma_driver_api_area
                0x00000000080070f4        0x0
                0x00000000080070f4                _dma_driver_api_list_start = .
 *(SORT_BY_NAME(SORT_BY_ALIGNMENT(._dma_driver_api.static.*)))
                0x00000000080070f4                _dma_driver_api_list_end = .

edac_driver_api_area
                0x00000000080070f4        0x0
                0x00000000080070f4                _edac_driver_api_list_start = .
 *(SORT_BY_NAME(SORT_BY_ALIGNMENT(._edac_driver_api.static.*)))
                0x00000000080070f4                _edac_driver_api_list_end = .

eeprom_driver_api_area
                0x00000000080070f4        0x0
                0x00000000080070f4                _eeprom_driver_api_list_start = .
 *(SORT_BY_NAME(SORT_BY_ALIGNMENT(._eeprom_driver_api.static.*)))
                0x00000000080070f4                _eeprom_driver_api_list_end = .

emul_bbram_driver_api_area
                0x00000000080070f4        0x0
                0x00000000080070f4                _emul_bbram_driver_api_list_start = .
 *(SORT_BY_NAME(SORT_BY_ALIGNMENT(._emul_bbram_driver_api.static.*)))
                0x00000000080070f4                _emul_bbram_driver_api_list_end = .

fuel_gauge_emul_driver_api_area
                0x00000000080070f4        0x0
                0x00000000080070f4                _fuel_gauge_emul_driver_api_list_start = .
 *(SORT_BY_NAME(SORT_BY_ALIGNMENT(._fuel_gauge_emul_driver_api.static.*)))
                0x00000000080070f4                _fuel_gauge_emul_driver_api_list_end = .

emul_sensor_driver_api_area
                0x00000000080070f4        0x0
                0x00000000080070f4                _emul_sensor_driver_api_list_start = .
 *(SORT_BY_NAME(SORT_BY_ALIGNMENT(._emul_sensor_driver_api.static.*)))
                0x00000000080070f4                _emul_sensor_driver_api_list_end = .

entropy_driver_api_area
                0x00000000080070f4        0x0
                0x00000000080070f4                _entropy_driver_api_list_start = .
 *(SORT_BY_NAME(SORT_BY_ALIGNMENT(._entropy_driver_api.static.*)))
                0x00000000080070f4                _entropy_driver_api_list_end = .

espi_driver_api_area
                0x00000000080070f4        0x0
                0x00000000080070f4                _espi_driver_api_list_start = .
 *(SORT_BY_NAME(SORT_BY_ALIGNMENT(._espi_driver_api.static.*)))
                0x00000000080070f4                _espi_driver_api_list_end = .

espi_saf_driver_api_area
                0x00000000080070f4        0x0
                0x00000000080070f4                _espi_saf_driver_api_list_start = .
 *(SORT_BY_NAME(SORT_BY_ALIGNMENT(._espi_saf_driver_api.static.*)))
                0x00000000080070f4                _espi_saf_driver_api_list_end = .

flash_driver_api_area
                0x00000000080070f4        0x0
                0x00000000080070f4                _flash_driver_api_list_start = .
 *(SORT_BY_NAME(SORT_BY_ALIGNMENT(._flash_driver_api.static.*)))
                0x00000000080070f4                _flash_driver_api_list_end = .

fpga_driver_api_area
                0x00000000080070f4        0x0
                0x00000000080070f4                _fpga_driver_api_list_start = .
 *(SORT_BY_NAME(SORT_BY_ALIGNMENT(._fpga_driver_api.static.*)))
                0x00000000080070f4                _fpga_driver_api_list_end = .

fuel_gauge_driver_api_area
                0x00000000080070f4        0x0
                0x00000000080070f4                _fuel_gauge_driver_api_list_start = .
 *(SORT_BY_NAME(SORT_BY_ALIGNMENT(._fuel_gauge_driver_api.static.*)))
                0x00000000080070f4                _fuel_gauge_driver_api_list_end = .

gnss_driver_api_area
                0x00000000080070f4        0x0
                0x00000000080070f4                _gnss_driver_api_list_start = .
 *(SORT_BY_NAME(SORT_BY_ALIGNMENT(._gnss_driver_api.static.*)))
                0x00000000080070f4                _gnss_driver_api_list_end = .

haptics_driver_api_area
                0x00000000080070f4        0x0
                0x00000000080070f4                _haptics_driver_api_list_start = .
 *(SORT_BY_NAME(SORT_BY_ALIGNMENT(._haptics_driver_api.static.*)))
                0x00000000080070f4                _haptics_driver_api_list_end = .

hwspinlock_driver_api_area
                0x00000000080070f4        0x0
                0x00000000080070f4                _hwspinlock_driver_api_list_start = .
 *(SORT_BY_NAME(SORT_BY_ALIGNMENT(._hwspinlock_driver_api.static.*)))
                0x00000000080070f4                _hwspinlock_driver_api_list_end = .

i2c_driver_api_area
                0x00000000080070f4        0x0
                0x00000000080070f4                _i2c_driver_api_list_start = .
 *(SORT_BY_NAME(SORT_BY_ALIGNMENT(._i2c_driver_api.static.*)))
                0x00000000080070f4                _i2c_driver_api_list_end = .

i2c_target_driver_api_area
                0x00000000080070f4        0x0
                0x00000000080070f4                _i2c_target_driver_api_list_start = .
 *(SORT_BY_NAME(SORT_BY_ALIGNMENT(._i2c_target_driver_api.static.*)))
                0x00000000080070f4                _i2c_target_driver_api_list_end = .

i2s_driver_api_area
                0x00000000080070f4        0x0
                0x00000000080070f4                _i2s_driver_api_list_start = .
 *(SORT_BY_NAME(SORT_BY_ALIGNMENT(._i2s_driver_api.static.*)))
                0x00000000080070f4                _i2s_driver_api_list_end = .

i3c_driver_api_area
                0x00000000080070f4        0x0
                0x00000000080070f4                _i3c_driver_api_list_start = .
 *(SORT_BY_NAME(SORT_BY_ALIGNMENT(._i3c_driver_api.static.*)))
                0x00000000080070f4                _i3c_driver_api_list_end = .

ipm_driver_api_area
                0x00000000080070f4        0x0
                0x00000000080070f4                _ipm_driver_api_list_start = .
 *(SORT_BY_NAME(SORT_BY_ALIGNMENT(._ipm_driver_api.static.*)))
                0x00000000080070f4                _ipm_driver_api_list_end = .

kscan_driver_api_area
                0x00000000080070f4        0x0
                0x00000000080070f4                _kscan_driver_api_list_start = .
 *(SORT_BY_NAME(SORT_BY_ALIGNMENT(._kscan_driver_api.static.*)))
                0x00000000080070f4                _kscan_driver_api_list_end = .

led_driver_api_area
                0x00000000080070f4        0x0
                0x00000000080070f4                _led_driver_api_list_start = .
 *(SORT_BY_NAME(SORT_BY_ALIGNMENT(._led_driver_api.static.*)))
                0x00000000080070f4                _led_driver_api_list_end = .

led_strip_driver_api_area
                0x00000000080070f4        0x0
                0x00000000080070f4                _led_strip_driver_api_list_start = .
 *(SORT_BY_NAME(SORT_BY_ALIGNMENT(._led_strip_driver_api.static.*)))
                0x00000000080070f4                _led_strip_driver_api_list_end = .

lora_driver_api_area
                0x00000000080070f4        0x0
                0x00000000080070f4                _lora_driver_api_list_start = .
 *(SORT_BY_NAME(SORT_BY_ALIGNMENT(._lora_driver_api.static.*)))
                0x00000000080070f4                _lora_driver_api_list_end = .

mbox_driver_api_area
                0x00000000080070f4        0x0
                0x00000000080070f4                _mbox_driver_api_list_start = .
 *(SORT_BY_NAME(SORT_BY_ALIGNMENT(._mbox_driver_api.static.*)))
                0x00000000080070f4                _mbox_driver_api_list_end = .

mdio_driver_api_area
                0x00000000080070f4        0x0
                0x00000000080070f4                _mdio_driver_api_list_start = .
 *(SORT_BY_NAME(SORT_BY_ALIGNMENT(._mdio_driver_api.static.*)))
                0x00000000080070f4                _mdio_driver_api_list_end = .

mipi_dbi_driver_api_area
                0x00000000080070f4        0x0
                0x00000000080070f4                _mipi_dbi_driver_api_list_start = .
 *(SORT_BY_NAME(SORT_BY_ALIGNMENT(._mipi_dbi_driver_api.static.*)))
                0x00000000080070f4                _mipi_dbi_driver_api_list_end = .

mipi_dsi_driver_api_area
                0x00000000080070f4        0x0
                0x00000000080070f4                _mipi_dsi_driver_api_list_start = .
 *(SORT_BY_NAME(SORT_BY_ALIGNMENT(._mipi_dsi_driver_api.static.*)))
                0x00000000080070f4                _mipi_dsi_driver_api_list_end = .

mspi_driver_api_area
                0x00000000080070f4        0x0
                0x00000000080070f4                _mspi_driver_api_list_start = .
 *(SORT_BY_NAME(SORT_BY_ALIGNMENT(._mspi_driver_api.static.*)))
                0x00000000080070f4                _mspi_driver_api_list_end = .

peci_driver_api_area
                0x00000000080070f4        0x0
                0x00000000080070f4                _peci_driver_api_list_start = .
 *(SORT_BY_NAME(SORT_BY_ALIGNMENT(._peci_driver_api.static.*)))
                0x00000000080070f4                _peci_driver_api_list_end = .

ps2_driver_api_area
                0x00000000080070f4        0x0
                0x00000000080070f4                _ps2_driver_api_list_start = .
 *(SORT_BY_NAME(SORT_BY_ALIGNMENT(._ps2_driver_api.static.*)))
                0x00000000080070f4                _ps2_driver_api_list_end = .

ptp_clock_driver_api_area
                0x00000000080070f4        0x0
                0x00000000080070f4                _ptp_clock_driver_api_list_start = .
 *(SORT_BY_NAME(SORT_BY_ALIGNMENT(._ptp_clock_driver_api.static.*)))
                0x00000000080070f4                _ptp_clock_driver_api_list_end = .

pwm_driver_api_area
                0x00000000080070f4        0x0
                0x00000000080070f4                _pwm_driver_api_list_start = .
 *(SORT_BY_NAME(SORT_BY_ALIGNMENT(._pwm_driver_api.static.*)))
                0x00000000080070f4                _pwm_driver_api_list_end = .

regulator_parent_driver_api_area
                0x00000000080070f4        0x0
                0x00000000080070f4                _regulator_parent_driver_api_list_start = .
 *(SORT_BY_NAME(SORT_BY_ALIGNMENT(._regulator_parent_driver_api.static.*)))
                0x00000000080070f4                _regulator_parent_driver_api_list_end = .

regulator_driver_api_area
                0x00000000080070f4        0x0
                0x00000000080070f4                _regulator_driver_api_list_start = .
 *(SORT_BY_NAME(SORT_BY_ALIGNMENT(._regulator_driver_api.static.*)))
                0x00000000080070f4                _regulator_driver_api_list_end = .

retained_mem_driver_api_area
                0x00000000080070f4        0x0
                0x00000000080070f4                _retained_mem_driver_api_list_start = .
 *(SORT_BY_NAME(SORT_BY_ALIGNMENT(._retained_mem_driver_api.static.*)))
                0x00000000080070f4                _retained_mem_driver_api_list_end = .

rtc_driver_api_area
                0x00000000080070f4        0x0
                0x00000000080070f4                _rtc_driver_api_list_start = .
 *(SORT_BY_NAME(SORT_BY_ALIGNMENT(._rtc_driver_api.static.*)))
                0x00000000080070f4                _rtc_driver_api_list_end = .

sdhc_driver_api_area
                0x00000000080070f4        0x0
                0x00000000080070f4                _sdhc_driver_api_list_start = .
 *(SORT_BY_NAME(SORT_BY_ALIGNMENT(._sdhc_driver_api.static.*)))
                0x00000000080070f4                _sdhc_driver_api_list_end = .

sensor_driver_api_area
                0x00000000080070f4        0x0
                0x00000000080070f4                _sensor_driver_api_list_start = .
 *(SORT_BY_NAME(SORT_BY_ALIGNMENT(._sensor_driver_api.static.*)))
                0x00000000080070f4                _sensor_driver_api_list_end = .

smbus_driver_api_area
                0x00000000080070f4        0x0
                0x00000000080070f4                _smbus_driver_api_list_start = .
 *(SORT_BY_NAME(SORT_BY_ALIGNMENT(._smbus_driver_api.static.*)))
                0x00000000080070f4                _smbus_driver_api_list_end = .

spi_driver_api_area
                0x00000000080070f4        0x0
                0x00000000080070f4                _spi_driver_api_list_start = .
 *(SORT_BY_NAME(SORT_BY_ALIGNMENT(._spi_driver_api.static.*)))
                0x00000000080070f4                _spi_driver_api_list_end = .

stepper_driver_api_area
                0x00000000080070f4        0x0
                0x00000000080070f4                _stepper_driver_api_list_start = .
 *(SORT_BY_NAME(SORT_BY_ALIGNMENT(._stepper_driver_api.static.*)))
                0x00000000080070f4                _stepper_driver_api_list_end = .

syscon_driver_api_area
                0x00000000080070f4        0x0
                0x00000000080070f4                _syscon_driver_api_list_start = .
 *(SORT_BY_NAME(SORT_BY_ALIGNMENT(._syscon_driver_api.static.*)))
                0x00000000080070f4                _syscon_driver_api_list_end = .

tee_driver_api_area
                0x00000000080070f4        0x0
                0x00000000080070f4                _tee_driver_api_list_start = .
 *(SORT_BY_NAME(SORT_BY_ALIGNMENT(._tee_driver_api.static.*)))
                0x00000000080070f4                _tee_driver_api_list_end = .

video_driver_api_area
                0x00000000080070f4        0x0
                0x00000000080070f4                _video_driver_api_list_start = .
 *(SORT_BY_NAME(SORT_BY_ALIGNMENT(._video_driver_api.static.*)))
                0x00000000080070f4                _video_driver_api_list_end = .

w1_driver_api_area
                0x00000000080070f4        0x0
                0x00000000080070f4                _w1_driver_api_list_start = .
 *(SORT_BY_NAME(SORT_BY_ALIGNMENT(._w1_driver_api.static.*)))
                0x00000000080070f4                _w1_driver_api_list_end = .

wdt_driver_api_area
                0x00000000080070f4        0x0
                0x00000000080070f4                _wdt_driver_api_list_start = .
 *(SORT_BY_NAME(SORT_BY_ALIGNMENT(._wdt_driver_api.static.*)))
                0x00000000080070f4                _wdt_driver_api_list_end = .

can_transceiver_driver_api_area
                0x00000000080070f4        0x0
                0x00000000080070f4                _can_transceiver_driver_api_list_start = .
 *(SORT_BY_NAME(SORT_BY_ALIGNMENT(._can_transceiver_driver_api.static.*)))
                0x00000000080070f4                _can_transceiver_driver_api_list_end = .

nrf_clock_control_driver_api_area
                0x00000000080070f4        0x0
                0x00000000080070f4                _nrf_clock_control_driver_api_list_start = .
 *(SORT_BY_NAME(SORT_BY_ALIGNMENT(._nrf_clock_control_driver_api.static.*)))
                0x00000000080070f4                _nrf_clock_control_driver_api_list_end = .

i3c_target_driver_api_area
                0x00000000080070f4        0x0
                0x00000000080070f4                _i3c_target_driver_api_list_start = .
 *(SORT_BY_NAME(SORT_BY_ALIGNMENT(._i3c_target_driver_api.static.*)))
                0x00000000080070f4                _i3c_target_driver_api_list_end = .

its_driver_api_area
                0x00000000080070f4        0x0
                0x00000000080070f4                _its_driver_api_list_start = .
 *(SORT_BY_NAME(SORT_BY_ALIGNMENT(._its_driver_api.static.*)))
                0x00000000080070f4                _its_driver_api_list_end = .

vtd_driver_api_area
                0x00000000080070f4        0x0
                0x00000000080070f4                _vtd_driver_api_list_start = .
 *(SORT_BY_NAME(SORT_BY_ALIGNMENT(._vtd_driver_api.static.*)))
                0x00000000080070f4                _vtd_driver_api_list_end = .

tgpio_driver_api_area
                0x00000000080070f4        0x0
                0x00000000080070f4                _tgpio_driver_api_list_start = .
 *(SORT_BY_NAME(SORT_BY_ALIGNMENT(._tgpio_driver_api.static.*)))
                0x00000000080070f4                _tgpio_driver_api_list_end = .

pcie_ctrl_driver_api_area
                0x00000000080070f4        0x0
                0x00000000080070f4                _pcie_ctrl_driver_api_list_start = .
 *(SORT_BY_NAME(SORT_BY_ALIGNMENT(._pcie_ctrl_driver_api.static.*)))
                0x00000000080070f4                _pcie_ctrl_driver_api_list_end = .

pcie_ep_driver_api_area
                0x00000000080070f4        0x0
                0x00000000080070f4                _pcie_ep_driver_api_list_start = .
 *(SORT_BY_NAME(SORT_BY_ALIGNMENT(._pcie_ep_driver_api.static.*)))
                0x00000000080070f4                _pcie_ep_driver_api_list_end = .

svc_driver_api_area
                0x00000000080070f4        0x0
                0x00000000080070f4                _svc_driver_api_list_start = .
 *(SORT_BY_NAME(SORT_BY_ALIGNMENT(._svc_driver_api.static.*)))
                0x00000000080070f4                _svc_driver_api_list_end = .

uart_driver_api_area
                0x00000000080070f4       0x4c
                0x00000000080070f4                _uart_driver_api_list_start = .
 *(SORT_BY_NAME(SORT_BY_ALIGNMENT(._uart_driver_api.static.*)))
 ._uart_driver_api.static.uart_stm32_driver_api_
                0x00000000080070f4       0x4c zephyr/drivers/serial/libdrivers__serial.a(uart_stm32.c.obj)
                0x0000000008007140                _uart_driver_api_list_end = .

bc12_emul_driver_api_area
                0x0000000008007140        0x0
                0x0000000008007140                _bc12_emul_driver_api_list_start = .
 *(SORT_BY_NAME(SORT_BY_ALIGNMENT(._bc12_emul_driver_api.static.*)))
                0x0000000008007140                _bc12_emul_driver_api_list_end = .

bc12_driver_api_area
                0x0000000008007140        0x0
                0x0000000008007140                _bc12_driver_api_list_start = .
 *(SORT_BY_NAME(SORT_BY_ALIGNMENT(._bc12_driver_api.static.*)))
                0x0000000008007140                _bc12_driver_api_list_end = .

usbc_ppc_driver_api_area
                0x0000000008007140        0x0
                0x0000000008007140                _usbc_ppc_driver_api_list_start = .
 *(SORT_BY_NAME(SORT_BY_ALIGNMENT(._usbc_ppc_driver_api.static.*)))
                0x0000000008007140                _usbc_ppc_driver_api_list_end = .

tcpc_driver_api_area
                0x0000000008007140        0x0
                0x0000000008007140                _tcpc_driver_api_list_start = .
 *(SORT_BY_NAME(SORT_BY_ALIGNMENT(._tcpc_driver_api.static.*)))
                0x0000000008007140                _tcpc_driver_api_list_end = .

usbc_vbus_driver_api_area
                0x0000000008007140        0x0
                0x0000000008007140                _usbc_vbus_driver_api_list_start = .
 *(SORT_BY_NAME(SORT_BY_ALIGNMENT(._usbc_vbus_driver_api.static.*)))
                0x0000000008007140                _usbc_vbus_driver_api_list_end = .

ivshmem_driver_api_area
                0x0000000008007140        0x0
                0x0000000008007140                _ivshmem_driver_api_list_start = .
 *(SORT_BY_NAME(SORT_BY_ALIGNMENT(._ivshmem_driver_api.static.*)))
                0x0000000008007140                _ivshmem_driver_api_list_end = .

ethphy_driver_api_area
                0x0000000008007140        0x0
                0x0000000008007140                _ethphy_driver_api_list_start = .
 *(SORT_BY_NAME(SORT_BY_ALIGNMENT(._ethphy_driver_api.static.*)))
                0x0000000008007140                _ethphy_driver_api_list_end = .

ztest           0x0000000008007140        0x0
                0x0000000008007140                _ztest_expected_result_entry_list_start = .
 *(SORT_BY_NAME(SORT_BY_ALIGNMENT(._ztest_expected_result_entry.static.*)))
                0x0000000008007140                _ztest_expected_result_entry_list_end = .
                0x0000000008007140                _ztest_suite_node_list_start = .
 *(SORT_BY_NAME(SORT_BY_ALIGNMENT(._ztest_suite_node.static.*)))
                0x0000000008007140                _ztest_suite_node_list_end = .
                0x0000000008007140                _ztest_unit_test_list_start = .
 *(SORT_BY_NAME(SORT_BY_ALIGNMENT(._ztest_unit_test.static.*)))
                0x0000000008007140                _ztest_unit_test_list_end = .
                0x0000000008007140                _ztest_test_rule_list_start = .
 *(SORT_BY_NAME(SORT_BY_ALIGNMENT(._ztest_test_rule.static.*)))
                0x0000000008007140                _ztest_test_rule_list_end = .

init_array      0x0000000008007140        0x0
 *(SORT_BY_NAME(SORT_BY_ALIGNMENT(.ctors*)))
 *(SORT_BY_NAME(SORT_BY_ALIGNMENT(.init_array*)))
                0x0000000000000001                ASSERT ((SIZEOF (init_array) == 0x0), GNU-style constructors required but STATIC_INIT_GNU not enabled)

bt_l2cap_fixed_chan_area
                0x0000000008007140        0x0
                0x0000000008007140                _bt_l2cap_fixed_chan_list_start = .
 *(SORT_BY_NAME(SORT_BY_ALIGNMENT(._bt_l2cap_fixed_chan.static.*)))
                0x0000000008007140                _bt_l2cap_fixed_chan_list_end = .

bt_gatt_service_static_area
                0x0000000008007140        0x0
                0x0000000008007140                _bt_gatt_service_static_list_start = .
 *(SORT_BY_NAME(SORT_BY_ALIGNMENT(._bt_gatt_service_static.static.*)))
                0x0000000008007140                _bt_gatt_service_static_list_end = .

log_strings_area
                0x0000000008007140        0x0
                0x0000000008007140                _log_strings_list_start = .
 *(SORT_BY_NAME(SORT_BY_ALIGNMENT(._log_strings.static.*)))
                0x0000000008007140                _log_strings_list_end = .

log_const_area  0x0000000008007140        0x0
                0x0000000008007140                _log_const_list_start = .
 *(SORT_BY_NAME(SORT_BY_ALIGNMENT(._log_const.static.*)))
                0x0000000008007140                _log_const_list_end = .

log_backend_area
                0x0000000008007140        0x0
                0x0000000008007140                _log_backend_list_start = .
 *(SORT_BY_NAME(SORT_BY_ALIGNMENT(._log_backend.static.*)))
                0x0000000008007140                _log_backend_list_end = .

log_link_area   0x0000000008007140        0x0
                0x0000000008007140                _log_link_list_start = .
 *(SORT_BY_NAME(SORT_BY_ALIGNMENT(._log_link.static.*)))
                0x0000000008007140                _log_link_list_end = .

tracing_backend_area
                0x0000000008007140        0x0
                0x0000000008007140                _tracing_backend_list_start = .
 *(SORT_BY_NAME(SORT_BY_ALIGNMENT(._tracing_backend.static.*)))
                0x0000000008007140                _tracing_backend_list_end = .

zephyr_dbg_info
 *(SORT_BY_ALIGNMENT(.dbg_thread_info))

intc_table_area
                0x0000000008007140        0x0
                0x0000000008007140                _intc_table_list_start = .
 *(SORT_BY_NAME(SORT_BY_ALIGNMENT(._intc_table.static.*)))
                0x0000000008007140                _intc_table_list_end = .

symbol_to_keep  0x0000000008007140        0x0
                0x0000000008007140                __symbol_to_keep_start = .
 *(SORT_BY_NAME(SORT_BY_ALIGNMENT(.symbol_to_keep*)))
                0x0000000008007140                __symbol_to_keep_end = .

shell_area      0x0000000008007140        0x0
                0x0000000008007140                _shell_list_start = .
 *(SORT_BY_NAME(SORT_BY_ALIGNMENT(._shell.static.*)))
                0x0000000008007140                _shell_list_end = .

shell_root_cmds_area
                0x0000000008007140        0x0
                0x0000000008007140                _shell_root_cmds_list_start = .
 *(SORT_BY_NAME(SORT_BY_ALIGNMENT(._shell_root_cmds.static.*)))
                0x0000000008007140                _shell_root_cmds_list_end = .

shell_subcmds_area
                0x0000000008007140        0x0
                0x0000000008007140                _shell_subcmds_list_start = .
 *(SORT_BY_NAME(SORT_BY_ALIGNMENT(._shell_subcmds.static.*)))
                0x0000000008007140                _shell_subcmds_list_end = .

shell_dynamic_subcmds_area
                0x0000000008007140        0x0
                0x0000000008007140                _shell_dynamic_subcmds_list_start = .
 *(SORT_BY_NAME(SORT_BY_ALIGNMENT(._shell_dynamic_subcmds.static.*)))
                0x0000000008007140                _shell_dynamic_subcmds_list_end = .

cfb_font_area   0x0000000008007140        0x0
                0x0000000008007140                _cfb_font_list_start = .
 *(SORT_BY_NAME(SORT_BY_ALIGNMENT(._cfb_font.static.*)))
                0x0000000008007140                _cfb_font_list_end = .

tdata           0x0000000008007140        0x0
 *(SORT_BY_ALIGNMENT(.tdata) SORT_BY_ALIGNMENT(.tdata.*) SORT_BY_ALIGNMENT(.gnu.linkonce.td.*))

tbss            0x0000000008007140        0x4
 *(SORT_BY_ALIGNMENT(.tbss) SORT_BY_ALIGNMENT(.tbss.*) SORT_BY_ALIGNMENT(.gnu.linkonce.tb.*) SORT_BY_ALIGNMENT(.tcommon))
 .tbss.z_tls_current
                0x0000000008007140        0x4 zephyr/libzephyr.a(thread_entry.c.obj)
                0x0000000008007140                z_tls_current
                0x0000000008007140                PROVIDE (__tdata_start = LOADADDR (tdata))
                0x0000000000000001                PROVIDE (__tdata_align = ALIGNOF (tdata))
                0x0000000000000000                PROVIDE (__tdata_size = (((SIZEOF (tdata) + __tdata_align) - 0x1) & ~ ((__tdata_align - 0x1))))