Archive member included to satisfy reference by file (symbol)

app/libapp.a(main.c.obj)      (--whole-archive)
zephyr/libzephyr.a(heap.c.obj)
                              (--whole-archive)
zephyr/libzephyr.a(cbprintf_packaged.c.obj)
                              (--whole-archive)
zephyr/libzephyr.a(printk.c.obj)
                              (--whole-archive)
zephyr/libzephyr.a(sem.c.obj)
                              (--whole-archive)
zephyr/libzephyr.a(thread_entry.c.obj)
                              (--whole-archive)
zephyr/libzephyr.a(cbprintf_complete.c.obj)
                              (--whole-archive)
zephyr/libzephyr.a(assert.c.obj)
                              (--whole-archive)
zephyr/libzephyr.a(reboot.c.obj)
                              (--whole-archive)
zephyr/libzephyr.a(dec.c.obj)
                              (--whole-archive)
zephyr/libzephyr.a(hex.c.obj)
                              (--whole-archive)
zephyr/libzephyr.a(rb.c.obj)  (--whole-archive)
zephyr/libzephyr.a(timeutil.c.obj)
                              (--whole-archive)
zephyr/libzephyr.a(bitarray.c.obj)
                              (--whole-archive)
zephyr/libzephyr.a(configs.c.obj)
                              (--whole-archive)
zephyr/libzephyr.a(stm32cube_hal.c.obj)
                              (--whole-archive)
zephyr/libzephyr.a(soc_config.c.obj)
                              (--whole-archive)
zephyr/libzephyr.a(soc.c.obj)
                              (--whole-archive)
zephyr/libzephyr.a(mem_attr.c.obj)
                              (--whole-archive)
zephyr/libzephyr.a(tracing_none.c.obj)
                              (--whole-archive)
zephyr/arch/common/libarch__common.a(sw_isr_common.c.obj)
                              (--whole-archive)
zephyr/arch/arch/arm/core/libarch__arm__core.a(fatal.c.obj)
                              (--whole-archive)
zephyr/arch/arch/arm/core/libarch__arm__core.a(nmi.c.obj)
                              (--whole-archive)
zephyr/arch/arch/arm/core/libarch__arm__core.a(nmi_on_reset.S.obj)
                              (--whole-archive)
zephyr/arch/arch/arm/core/libarch__arm__core.a(tls.c.obj)
                              (--whole-archive)
zephyr/arch/arch/arm/core/cortex_m/libarch__arm__core__cortex_m.a(exc_exit.c.obj)
                              (--whole-archive)
zephyr/arch/arch/arm/core/cortex_m/libarch__arm__core__cortex_m.a(fault.c.obj)
                              (--whole-archive)
zephyr/arch/arch/arm/core/cortex_m/libarch__arm__core__cortex_m.a(fault_s.S.obj)
                              (--whole-archive)
zephyr/arch/arch/arm/core/cortex_m/libarch__arm__core__cortex_m.a(fpu.c.obj)
                              (--whole-archive)
zephyr/arch/arch/arm/core/cortex_m/libarch__arm__core__cortex_m.a(reset.S.obj)
                              (--whole-archive)
zephyr/arch/arch/arm/core/cortex_m/libarch__arm__core__cortex_m.a(scb.c.obj)
                              (--whole-archive)
zephyr/arch/arch/arm/core/cortex_m/libarch__arm__core__cortex_m.a(thread_abort.c.obj)
                              (--whole-archive)
zephyr/arch/arch/arm/core/cortex_m/libarch__arm__core__cortex_m.a(vector_table.S.obj)
                              (--whole-archive)
zephyr/arch/arch/arm/core/cortex_m/libarch__arm__core__cortex_m.a(swap.c.obj)
                              (--whole-archive)
zephyr/arch/arch/arm/core/cortex_m/libarch__arm__core__cortex_m.a(swap_helper.S.obj)
                              (--whole-archive)
zephyr/arch/arch/arm/core/cortex_m/libarch__arm__core__cortex_m.a(irq_manage.c.obj)
                              (--whole-archive)
zephyr/arch/arch/arm/core/cortex_m/libarch__arm__core__cortex_m.a(prep_c.c.obj)
                              (--whole-archive)
zephyr/arch/arch/arm/core/cortex_m/libarch__arm__core__cortex_m.a(thread.c.obj)
                              (--whole-archive)
zephyr/arch/arch/arm/core/cortex_m/libarch__arm__core__cortex_m.a(cpu_idle.c.obj)
                              (--whole-archive)
zephyr/arch/arch/arm/core/cortex_m/libarch__arm__core__cortex_m.a(irq_init.c.obj)
                              (--whole-archive)
zephyr/arch/arch/arm/core/cortex_m/libarch__arm__core__cortex_m.a(isr_wrapper.c.obj)
                              (--whole-archive)
zephyr/arch/arch/arm/core/cortex_m/libarch__arm__core__cortex_m.a(__aeabi_read_tp.S.obj)
                              (--whole-archive)
zephyr/arch/arch/arm/core/cortex_m/cmse/libarch__arm__core__cortex_m__cmse.a(arm_core_cmse.c.obj)
                              (--whole-archive)
zephyr/arch/arch/arm/core/mpu/libarch__arm__core__mpu.a(arm_core_mpu.c.obj)
                              (--whole-archive)
zephyr/arch/arch/arm/core/mpu/libarch__arm__core__mpu.a(arm_mpu.c.obj)
                              (--whole-archive)
zephyr/arch/arch/arm/core/mpu/libarch__arm__core__mpu.a(arm_mpu_regions.c.obj)
                              (--whole-archive)
zephyr/lib/libc/picolibc/liblib__libc__picolibc.a(assert.c.obj)
[...]
Memory Configuration

Name             Origin             Length             Attributes
FLASH            0x0000000008000000 0x0000000000200000 xr
RAM              0x0000000020000000 0x0000000000040000 xw
SRAM1            0x0000000020000000 0x0000000000040000
SRAM2            0x0000000020040000 0x0000000000010000
SRAM3            0x0000000020050000 0x0000000000050000
IDT_LIST         0x00000000ffff7fff 0x0000000000008000 xw
*default*        0x0000000000000000 0xffffffffffffffff

Linker script and memory map

                0x0000000008002a3c                vfprintf = __l_vfprintf
                0x0000000000000000                vfscanf = __l_vfscanf
LOAD zephyr/CMakeFiles/zephyr_final.dir/misc/empty_file.c.obj
LOAD zephyr/CMakeFiles/zephyr_final.dir/isr_tables.c.obj
LOAD zephyr/CMakeFiles/offsets.dir/./arch/arm/core/offsets/offsets.c.obj
LOAD app/libapp.a
LOAD zephyr/libzephyr.a
LOAD zephyr/arch/common/libarch__common.a
LOAD zephyr/arch/arch/arm/core/libarch__arm__core.a
LOAD zephyr/arch/arch/arm/core/cortex_m/libarch__arm__core__cortex_m.a
LOAD zephyr/arch/arch/arm/core/cortex_m/cmse/libarch__arm__core__cortex_m__cmse.a
LOAD zephyr/arch/arch/arm/core/mpu/libarch__arm__core__mpu.a
LOAD zephyr/lib/libc/picolibc/liblib__libc__picolibc.a
LOAD zephyr/lib/libc/common/liblib__libc__common.a
LOAD zephyr/drivers/interrupt_controller/libdrivers__interrupt_controller.a
LOAD zephyr/drivers/clock_control/libdrivers__clock_control.a
LOAD zephyr/drivers/console/libdrivers__console.a
LOAD zephyr/drivers/gpio/libdrivers__gpio.a
LOAD zephyr/drivers/pinctrl/libdrivers__pinctrl.a
LOAD zephyr/drivers/reset/libdrivers__reset.a
LOAD zephyr/drivers/serial/libdrivers__serial.a
LOAD zephyr/drivers/timer/libdrivers__timer.a
LOAD modules/hal_stm32/stm32cube/lib..__modules__hal__stm32__stm32cube.a
LOAD zephyr/kernel/libkernel.a
LOAD zephyr/arch/common/libisr_tables.a
LOAD c:\users\exito\zephyr-sdk-0.17.0\arm-zephyr-eabi\bin\../lib/gcc/../../picolibc/arm-zephyr-eabi/lib/thumb/v8-m.main/nofp\libc.a
LOAD c:/users/exito/zephyr-sdk-0.17.0/arm-zephyr-eabi/bin/../lib/gcc/arm-zephyr-eabi/12.2.0/thumb/v8-m.main/nofp\libgcc.a
                0x0000000000000020                _region_min_align = 0x20

.rel.plt        0x0000000008000000        0x0
 *(SORT_BY_ALIGNMENT(.rel.plt))
                [!provide]                        PROVIDE (__rel_iplt_start = .)
 *(SORT_BY_ALIGNMENT(.rel.iplt))
 .rel.iplt      0x0000000008000000        0x0 zephyr/CMakeFiles/zephyr_final.dir/isr_tables.c.obj
                [!provide]                        PROVIDE (__rel_iplt_end = .)

.rela.plt       0x0000000000000000        0x0
 *(SORT_BY_ALIGNMENT(.rela.plt))
                [!provide]                        PROVIDE (__rela_iplt_start = .)
 *(SORT_BY_ALIGNMENT(.rela.iplt))
                [!provide]                        PROVIDE (__rela_iplt_end = .)

.rel.dyn
 *(SORT_BY_ALIGNMENT(.rel.*))

.rela.dyn
 *(SORT_BY_ALIGNMENT(.rela.*))

/DISCARD/
 *(SORT_BY_ALIGNMENT(.plt))

/DISCARD/
 *(SORT_BY_ALIGNMENT(.iplt))
                0x0000000008000000                __rom_region_start = 0x8000000

rom_start       0x0000000008000000      0x24c
                0x0000000008000000                __rom_start_address = .
 FILL mask 0x00
                0x0000000008000000                . = (. + (0x0 - (. - __rom_start_address)))
                0x0000000008000000                . = ALIGN (0x4)
                0x0000000008000000                . = ALIGN (0x80)
                0x0000000008000000                . = ALIGN (0x400)
                0x0000000008000000                _vector_start = .
 *(SORT_BY_ALIGNMENT(.exc_vector_table))
 *(SORT_BY_ALIGNMENT(.exc_vector_table.*))
 .exc_vector_table._vector_table_section
                0x0000000008000000       0x40 zephyr/arch/arch/arm/core/cortex_m/libarch__arm__core__cortex_m.a(vector_table.S.obj)
                0x0000000008000000                _vector_table
 *(SORT_BY_ALIGNMENT(.vectors))
                0x000000000800024c                _vector_end = .
                0x0000000008000040                . = ALIGN (0x4)
 *(SORT_BY_ALIGNMENT(.gnu.linkonce.irq_vector_table*))
 .gnu.linkonce.irq_vector_table
                0x0000000008000040      0x20c zephyr/CMakeFiles/zephyr_final.dir/isr_tables.c.obj
                0x0000000008000040                _irq_vector_table
                0x000000000800024c                _vector_end = .

text            0x000000000800024c     0x38f0
                0x000000000800024c                __text_region_start = .
 *(SORT_BY_ALIGNMENT(.text))
 .text          0x000000000800024c       0x30 c:/users/exito/zephyr-sdk-0.17.0/arm-zephyr-eabi/bin/../lib/gcc/arm-zephyr-eabi/12.2.0/thumb/v8-m.main/nofp\libgcc.a(_aeabi_uldivmod.o)
                0x000000000800024c                __aeabi_uldivmod
 .text          0x000000000800027c        0x4 c:/users/exito/zephyr-sdk-0.17.0/arm-zephyr-eabi/bin/../lib/gcc/arm-zephyr-eabi/12.2.0/thumb/v8-m.main/nofp\libgcc.a(_dvmd_tls.o)
                0x000000000800027c                __aeabi_idiv0
                0x000000000800027c                __aeabi_ldiv0
 .text          0x0000000008000280      0x29c c:/users/exito/zephyr-sdk-0.17.0/arm-zephyr-eabi/bin/../lib/gcc/arm-zephyr-eabi/12.2.0/thumb/v8-m.main/nofp\libgcc.a(_udivmoddi4.o)
                0x0000000008000280                __udivmoddi4
 *(SORT_BY_ALIGNMENT(.text.*))
 .text.main     0x000000000800051c       0x70 app/libapp.a(main.c.obj)
                0x000000000800051c                main
 .text.char_out
                0x000000000800058c        0xc zephyr/libzephyr.a(printk.c.obj)
 .text.__printk_hook_install
                0x0000000008000598        0xc zephyr/libzephyr.a(printk.c.obj)
                0x0000000008000598                __printk_hook_install
 .text.vprintk  0x00000000080005a4       0x30 zephyr/libzephyr.a(printk.c.obj)
                0x00000000080005a4                vprintk
 .text.z_thread_entry
                0x00000000080005d4       0x34 zephyr/libzephyr.a(thread_entry.c.obj)
                0x00000000080005d4                z_thread_entry
 .text.st_stm32_common_config
                0x0000000008000608       0x14 zephyr/libzephyr.a(soc_config.c.obj)
 .text.soc_early_init_hook
                0x000000000800061c       0x34 zephyr/libzephyr.a(soc.c.obj)
                0x000000000800061c                soc_early_init_hook
 .text.mem_attr_get_regions
                0x0000000008000650        0xc zephyr/libzephyr.a(mem_attr.c.obj)
                0x0000000008000650                mem_attr_get_regions
 .text.z_arm_nmi
                0x000000000800065c       0x14 zephyr/arch/arch/arm/core/libarch__arm__core.a(nmi.c.obj)
                0x000000000800065c                z_arm_nmi
 .text.z_SysNmiOnReset
                0x0000000008000670        0x8 zephyr/arch/arch/arm/core/libarch__arm__core.a(nmi_on_reset.S.obj)
                0x0000000008000670                z_SysNmiOnReset
 .text.arch_tls_stack_setup
                0x0000000008000678       0x40 zephyr/arch/arch/arm/core/libarch__arm__core.a(tls.c.obj)
                0x0000000008000678                arch_tls_stack_setup
 .text._HandlerModeExit
                0x00000000080006b8       0x28 zephyr/arch/arch/arm/core/cortex_m/libarch__arm__core__cortex_m.a(exc_exit.c.obj)
                0x00000000080006b8                z_arm_int_exit
                0x00000000080006b8                z_arm_exc_exit
 .text.usage_fault.constprop.0
                0x00000000080006e0       0x5c zephyr/arch/arch/arm/core/cortex_m/libarch__arm__core__cortex_m.a(fault.c.obj)
 .text.bus_fault.constprop.0
                0x000000000800073c       0x6c zephyr/arch/arch/arm/core/cortex_m/libarch__arm__core__cortex_m.a(fault.c.obj)
 .text.mem_manage_fault.constprop.0
                0x00000000080007a8       0x78 zephyr/arch/arch/arm/core/cortex_m/libarch__arm__core__cortex_m.a(fault.c.obj)
 .text.z_arm_fault
                0x0000000008000820      0x124 zephyr/arch/arch/arm/core/cortex_m/libarch__arm__core__cortex_m.a(fault.c.obj)
                0x0000000008000820                z_arm_fault
 .text.z_arm_fault_init
                0x0000000008000944       0x20 zephyr/arch/arch/arm/core/cortex_m/libarch__arm__core__cortex_m.a(fault.c.obj)
                0x0000000008000944                z_arm_fault_init
 .text.__fault  0x0000000008000964       0x14 zephyr/arch/arch/arm/core/cortex_m/libarch__arm__core__cortex_m.a(fault_s.S.obj)
                0x0000000008000964                z_arm_usage_fault
                0x0000000008000964                z_arm_mpu_fault
                0x0000000008000964                z_arm_exc_spurious
                0x0000000008000964                z_arm_debug_monitor
                0x0000000008000964                z_arm_hard_fault
                0x0000000008000964                z_arm_bus_fault
 .text._reset_section
                0x0000000008000978       0x2c zephyr/arch/arch/arm/core/cortex_m/libarch__arm__core__cortex_m.a(reset.S.obj)
                0x0000000008000978                __start
                0x0000000008000978                z_arm_reset
 .text.z_impl_k_thread_abort
                0x00000000080009a4       0x2c zephyr/arch/arch/arm/core/cortex_m/libarch__arm__core__cortex_m.a(thread_abort.c.obj)
                0x00000000080009a4                z_impl_k_thread_abort
 .text.arch_swap
                0x00000000080009d0       0x30 zephyr/arch/arch/arm/core/cortex_m/libarch__arm__core__cortex_m.a(swap.c.obj)
                0x00000000080009d0                arch_swap
 .text.z_arm_pendsv
                0x0000000008000a00       0x68 zephyr/arch/arch/arm/core/cortex_m/libarch__arm__core__cortex_m.a(swap_helper.S.obj)
                0x0000000008000a00                z_arm_pendsv
 .text.z_arm_svc
                0x0000000008000a68       0x24 zephyr/arch/arch/arm/core/cortex_m/libarch__arm__core__cortex_m.a(swap_helper.S.obj)
                0x0000000008000a68                z_arm_svc
 .text.arch_irq_enable
                0x0000000008000a8c       0x1c zephyr/arch/arch/arm/core/cortex_m/libarch__arm__core__cortex_m.a(irq_manage.c.obj)
                0x0000000008000a8c                arch_irq_enable
 .text.z_arm_irq_priority_set
                0x0000000008000aa8       0x2c zephyr/arch/arch/arm/core/cortex_m/libarch__arm__core__cortex_m.a(irq_manage.c.obj)
                0x0000000008000aa8                z_arm_irq_priority_set
 .text.z_prep_c
                0x0000000008000ad4       0x48 zephyr/arch/arch/arm/core/cortex_m/libarch__arm__core__cortex_m.a(prep_c.c.obj)
                0x0000000008000ad4                z_prep_c
 .text.arch_new_thread
                0x0000000008000b1c       0x38 zephyr/arch/arch/arm/core/cortex_m/libarch__arm__core__cortex_m.a(thread.c.obj)
                0x0000000008000b1c                arch_new_thread
 .text.arch_switch_to_main_thread
                0x0000000008000b54       0x48 zephyr/arch/arch/arm/core/cortex_m/libarch__arm__core__cortex_m.a(thread.c.obj)
                0x0000000008000b54                arch_switch_to_main_thread
 .text.z_arm_cpu_idle_init
                0x0000000008000b9c        0xc zephyr/arch/arch/arm/core/cortex_m/libarch__arm__core__cortex_m.a(cpu_idle.c.obj)
                0x0000000008000b9c                z_arm_cpu_idle_init
 .text.z_arm_interrupt_init
                0x0000000008000ba8       0x18 zephyr/arch/arch/arm/core/cortex_m/libarch__arm__core__cortex_m.a(irq_init.c.obj)
                0x0000000008000ba8                z_arm_interrupt_init
 .text._isr_wrapper
                0x0000000008000bc0       0x24 zephyr/arch/arch/arm/core/cortex_m/libarch__arm__core__cortex_m.a(isr_wrapper.c.obj)
                0x0000000008000bc0                _isr_wrapper
 .text.z_arm_configure_static_mpu_regions
                0x0000000008000be4       0x38 zephyr/arch/arch/arm/core/mpu/libarch__arm__core__mpu.a(arm_core_mpu.c.obj)
                0x0000000008000be4                z_arm_configure_static_mpu_regions
 .text.region_init
                0x0000000008000c1c       0x34 zephyr/arch/arch/arm/core/mpu/libarch__arm__core__mpu.a(arm_mpu.c.obj)
 .text.region_allocate_and_init
                0x0000000008000c50       0x24 zephyr/arch/arch/arm/core/mpu/libarch__arm__core__mpu.a(arm_mpu.c.obj)
 .text.mpu_configure_regions_and_partition.constprop.0
                0x0000000008000c74      0x148 zephyr/arch/arch/arm/core/mpu/libarch__arm__core__mpu.a(arm_mpu.c.obj)
 .text.arm_core_mpu_enable
                0x0000000008000dbc       0x18 zephyr/arch/arch/arm/core/mpu/libarch__arm__core__mpu.a(arm_mpu.c.obj)
                0x0000000008000dbc                arm_core_mpu_enable
 .text.arm_core_mpu_disable
                0x0000000008000dd4       0x14 zephyr/arch/arch/arm/core/mpu/libarch__arm__core__mpu.a(arm_mpu.c.obj)
                0x0000000008000dd4                arm_core_mpu_disable
 .text.arm_core_mpu_configure_static_mpu_regions
                0x0000000008000de8       0x14 zephyr/arch/arch/arm/core/mpu/libarch__arm__core__mpu.a(arm_mpu.c.obj)
                0x0000000008000de8                arm_core_mpu_configure_static_mpu_regions
 .text.arm_core_mpu_mark_areas_for_dynamic_regions
                0x0000000008000dfc       0xb8 zephyr/arch/arch/arm/core/mpu/libarch__arm__core__mpu.a(arm_mpu.c.obj)
                0x0000000008000dfc                arm_core_mpu_mark_areas_for_dynamic_regions
 .text.z_arm_mpu_init
                0x0000000008000eb4      0x11c zephyr/arch/arch/arm/core/mpu/libarch__arm__core__mpu.a(arm_mpu.c.obj)
                0x0000000008000eb4                z_arm_mpu_init
 .text.z_impl_zephyr_fputc
                0x0000000008000fd0       0x10 zephyr/lib/libc/picolibc/liblib__libc__picolibc.a(stdio.c.obj)
                0x0000000008000fd0                z_impl_zephyr_fputc
 .text.__stdout_hook_install
                0x0000000008000fe0       0x18 zephyr/lib/libc/picolibc/liblib__libc__picolibc.a(stdio.c.obj)
                0x0000000008000fe0                __stdout_hook_install
 .text.malloc_prepare
                0x0000000008000ff8       0x24 zephyr/lib/libc/common/liblib__libc__common.a(malloc.c.obj)
 .text.stm32_exti_isr
                0x000000000800101c       0x50 zephyr/drivers/interrupt_controller/libdrivers__interrupt_controller.a(intc_exti_stm32.c.obj)
 .text.stm32_fill_irq_table.constprop.0
                0x000000000800106c        0xc zephyr/drivers/interrupt_controller/libdrivers__interrupt_controller.a(intc_exti_stm32.c.obj)
 .text.stm32_gpio_intc_enable_line
                0x0000000008001078       0x30 zephyr/drivers/interrupt_controller/libdrivers__interrupt_controller.a(intc_exti_stm32.c.obj)
                0x0000000008001078                stm32_gpio_intc_enable_line
 .text.stm32_gpio_intc_disable_line
                0x00000000080010a8       0x14 zephyr/drivers/interrupt_controller/libdrivers__interrupt_controller.a(intc_exti_stm32.c.obj)
                0x00000000080010a8                stm32_gpio_intc_disable_line
 .text.stm32_gpio_intc_select_line_trigger
                0x00000000080010bc       0x50 zephyr/drivers/interrupt_controller/libdrivers__interrupt_controller.a(intc_exti_stm32.c.obj)
                0x00000000080010bc                stm32_gpio_intc_select_line_trigger
 .text.stm32_gpio_intc_set_irq_callback
                0x000000000800110c       0x40 zephyr/drivers/interrupt_controller/libdrivers__interrupt_controller.a(intc_exti_stm32.c.obj)
                0x000000000800110c                stm32_gpio_intc_set_irq_callback
 .text.stm32_gpio_intc_remove_irq_callback
                0x000000000800114c       0x24 zephyr/drivers/interrupt_controller/libdrivers__interrupt_controller.a(intc_exti_stm32.c.obj)
                0x000000000800114c                stm32_gpio_intc_remove_irq_callback
 .text.stm32_exti_get_line_src_port
                0x0000000008001170       0x24 zephyr/drivers/interrupt_controller/libdrivers__interrupt_controller.a(intc_exti_stm32.c.obj)
                0x0000000008001170                stm32_exti_get_line_src_port
 .text.stm32_clock_control_get_subsys_rate
                0x0000000008001194       0x94 zephyr/drivers/clock_control/libdrivers__clock_control.a(clock_stm32_ll_h5.c.obj)
 .text.stm32_clock_control_init
                0x0000000008001228      0x174 zephyr/drivers/clock_control/libdrivers__clock_control.a(clock_stm32_ll_h5.c.obj)
                0x0000000008001228                stm32_clock_control_init
 .text.uart_console_init
                0x000000000800139c       0x28 zephyr/drivers/console/libdrivers__console.a(uart_console.c.obj)
 .text.console_out
                0x00000000080013c4       0x28 zephyr/drivers/console/libdrivers__console.a(uart_console.c.obj)
 .text.gpio_stm32_pin_interrupt_configure
                0x00000000080013ec       0xb0 zephyr/drivers/gpio/libdrivers__gpio.a(gpio_stm32.c.obj)
 .text.gpio_stm32_init
                0x000000000800149c       0x30 zephyr/drivers/gpio/libdrivers__gpio.a(gpio_stm32.c.obj)
 .text.pinctrl_configure_pins
                0x00000000080014cc       0x84 zephyr/drivers/pinctrl/libdrivers__pinctrl.a(pinctrl_stm32.c.obj)
                0x00000000080014cc                pinctrl_configure_pins
 .text.uart_stm32_cfg2ll_stopbits
                0x0000000008001550       0x4c zephyr/drivers/serial/libdrivers__serial.a(uart_stm32.c.obj)
 .text.lpuartdiv_calc
                0x000000000800159c       0x30 zephyr/drivers/serial/libdrivers__serial.a(uart_stm32.c.obj)
                0x000000000800159c                lpuartdiv_calc
 .text.uart_stm32_set_baudrate
                0x00000000080015cc       0xbc zephyr/drivers/serial/libdrivers__serial.a(uart_stm32.c.obj)
 .text.uart_stm32_configure
                0x0000000008001688      0x1c8 zephyr/drivers/serial/libdrivers__serial.a(uart_stm32.c.obj)
 .text.uart_stm32_init
                0x0000000008001850      0x210 zephyr/drivers/serial/libdrivers__serial.a(uart_stm32.c.obj)
 .text.elapsed  0x0000000008001a60       0x4c zephyr/drivers/timer/libdrivers__timer.a(cortex_m_systick.c.obj)
 .text.sys_clock_driver_init
                0x0000000008001aac       0x38 zephyr/drivers/timer/libdrivers__timer.a(cortex_m_systick.c.obj)
 .text.sys_clock_isr
                0x0000000008001ae4       0x60 zephyr/drivers/timer/libdrivers__timer.a(cortex_m_systick.c.obj)
                0x0000000008001ae4                sys_clock_isr
 .text.sys_clock_set_timeout
                0x0000000008001b44       0xfc zephyr/drivers/timer/libdrivers__timer.a(cortex_m_systick.c.obj)
                0x0000000008001b44                sys_clock_set_timeout
 .text.sys_clock_elapsed
                0x0000000008001c40       0x3c zephyr/drivers/timer/libdrivers__timer.a(cortex_m_systick.c.obj)
                0x0000000008001c40                sys_clock_elapsed
 .text.LL_SetFlashLatency
                0x0000000008001c7c      0x140 modules/hal_stm32/stm32cube/lib..__modules__hal__stm32__stm32cube.a(stm32h5xx_ll_utils.c.obj)
                0x0000000008001c7c                LL_SetFlashLatency
 .text.z_fatal_error
                0x0000000008001dbc       0x30 zephyr/kernel/libkernel.a(fatal.c.obj)
                0x0000000008001dbc                z_fatal_error
 .text.z_sys_init_run_level
                0x0000000008001dec       0x2c zephyr/kernel/libkernel.a(init.c.obj)
 .text.bg_thread_main
                0x0000000008001e18       0xc4 zephyr/kernel/libkernel.a(init.c.obj)
 .text.z_bss_zero
                0x0000000008001edc       0x18 zephyr/kernel/libkernel.a(init.c.obj)
                0x0000000008001edc                z_bss_zero
 .text.z_init_cpu
                0x0000000008001ef4       0x68 zephyr/kernel/libkernel.a(init.c.obj)
                0x0000000008001ef4                z_init_cpu
 .text.z_cstart
                0x0000000008001f5c       0xdc zephyr/kernel/libkernel.a(init.c.obj)
                0x0000000008001f5c                z_cstart
 .text.z_setup_new_thread
                0x0000000008002038       0x7c zephyr/kernel/libkernel.a(thread.c.obj)
                0x0000000008002038                z_setup_new_thread
 .text.unready_thread
                0x00000000080020b4       0x54 zephyr/kernel/libkernel.a(sched.c.obj)
 .text.ready_thread
                0x0000000008002108       0x90 zephyr/kernel/libkernel.a(sched.c.obj)
 .text.z_thread_halt
                0x0000000008002198      0x10c zephyr/kernel/libkernel.a(sched.c.obj)
 .text.move_thread_to_end_of_prio_q
                0x00000000080022a4       0x94 zephyr/kernel/libkernel.a(sched.c.obj)
                0x00000000080022a4                move_thread_to_end_of_prio_q
 .text.z_impl_k_thread_suspend
                0x0000000008002338       0x8c zephyr/kernel/libkernel.a(sched.c.obj)
                0x0000000008002338                z_impl_k_thread_suspend
 .text.z_reschedule
                0x00000000080023c4       0x24 zephyr/kernel/libkernel.a(sched.c.obj)
                0x00000000080023c4                z_reschedule
 .text.z_impl_k_thread_resume
                0x00000000080023e8       0x3c zephyr/kernel/libkernel.a(sched.c.obj)
                0x00000000080023e8                z_impl_k_thread_resume
 .text.z_reschedule_irqlock
                0x0000000008002424       0x28 zephyr/kernel/libkernel.a(sched.c.obj)
                0x0000000008002424                z_reschedule_irqlock
 .text.k_sched_lock
                0x000000000800244c       0x28 zephyr/kernel/libkernel.a(sched.c.obj)
                0x000000000800244c                k_sched_lock
 .text.k_sched_unlock
                0x0000000008002474       0x6c zephyr/kernel/libkernel.a(sched.c.obj)
                0x0000000008002474                k_sched_unlock
 .text.z_sched_init
                0x00000000080024e0       0x10 zephyr/kernel/libkernel.a(sched.c.obj)
                0x00000000080024e0                z_sched_init
 .text.z_impl_k_yield
                0x00000000080024f0       0x8c zephyr/kernel/libkernel.a(sched.c.obj)
                0x00000000080024f0                z_impl_k_yield
 .text.z_tick_sleep
                0x000000000800257c       0x80 zephyr/kernel/libkernel.a(sched.c.obj)
 .text.z_impl_k_sleep
                0x00000000080025fc       0x3c zephyr/kernel/libkernel.a(sched.c.obj)
                0x00000000080025fc                z_impl_k_sleep
 .text.z_impl_k_sched_current_thread_query
                0x0000000008002638        0xc zephyr/kernel/libkernel.a(sched.c.obj)
                0x0000000008002638                z_impl_k_sched_current_thread_query
 .text.slice_timeout
                0x0000000008002644       0x20 zephyr/kernel/libkernel.a(timeslicing.c.obj)
 .text.thread_is_sliceable
                0x0000000008002664       0x40 zephyr/kernel/libkernel.a(timeslicing.c.obj)
                0x0000000008002664                thread_is_sliceable
 .text.z_reset_time_slice
                0x00000000080026a4       0x50 zephyr/kernel/libkernel.a(timeslicing.c.obj)
                0x00000000080026a4                z_reset_time_slice
 .text.z_time_slice
                0x00000000080026f4       0x60 zephyr/kernel/libkernel.a(timeslicing.c.obj)
                0x00000000080026f4                z_time_slice
 .text.z_data_copy
                0x0000000008002754       0x38 zephyr/kernel/libkernel.a(xip.c.obj)
                0x0000000008002754                z_data_copy
 .text.elapsed  0x000000000800278c       0x14 zephyr/kernel/libkernel.a(timeout.c.obj)
 .text.remove_timeout
                0x00000000080027a0       0x38 zephyr/kernel/libkernel.a(timeout.c.obj)
 .text.next_timeout
                0x00000000080027d8       0x40 zephyr/kernel/libkernel.a(timeout.c.obj)
 .text.z_add_timeout
                0x0000000008002818       0xf4 zephyr/kernel/libkernel.a(timeout.c.obj)
                0x0000000008002818                z_add_timeout
 .text.sys_clock_announce
                0x000000000800290c       0xd0 zephyr/kernel/libkernel.a(timeout.c.obj)
                0x000000000800290c                sys_clock_announce
 .text.sys_clock_tick_get
                0x00000000080029dc       0x30 zephyr/kernel/libkernel.a(timeout.c.obj)
                0x00000000080029dc                sys_clock_tick_get
 .text.boot_banner
                0x0000000008002a0c        0xc zephyr/kernel/libkernel.a(banner.c.obj)
                0x0000000008002a0c                boot_banner
 .text.printf   0x0000000008002a18       0x24 c:\users\exito\zephyr-sdk-0.17.0\arm-zephyr-eabi\bin\../lib/gcc/../../picolibc/arm-zephyr-eabi/lib/thumb/v8-m.main/nofp\libc.a(libc_tinystdio_printf.c.o)
                0x0000000008002a18                printf
 .text.__l_vfprintf
                0x0000000008002a3c      0x4b4 c:\users\exito\zephyr-sdk-0.17.0\arm-zephyr-eabi\bin\../lib/gcc/../../picolibc/arm-zephyr-eabi/lib/thumb/v8-m.main/nofp\libc.a(libc_tinystdio_vflprintf.c.o)
                0x0000000008002a3c                __l_vfprintf
 .text._OffsetAbsSyms
                0x0000000008002ef0        0x2 zephyr/CMakeFiles/offsets.dir/./arch/arm/core/offsets/offsets.c.obj
                0x0000000008002ef0                _OffsetAbsSyms
 .text.chunk_size
                0x0000000008002ef2        0xa zephyr/libzephyr.a(heap.c.obj)
 .text.free_list_add
                0x0000000008002efc       0x4e zephyr/libzephyr.a(heap.c.obj)
 .text.sys_heap_init
                0x0000000008002f4a       0x7a zephyr/libzephyr.a(heap.c.obj)
                0x0000000008002f4a                sys_heap_init
 .text.arch_printk_char_out
                0x0000000008002fc4        0x4 zephyr/libzephyr.a(printk.c.obj)
                0x0000000008002fc4                arch_printk_char_out
 .text.printk   0x0000000008002fc8       0x1a zephyr/libzephyr.a(printk.c.obj)
                0x0000000008002fc8                printk
 .text._ConfigAbsSyms
                0x0000000008002fe2        0x2 zephyr/libzephyr.a(configs.c.obj)
                0x0000000008002fe2                _ConfigAbsSyms
 .text.z_arm_fatal_error
                0x0000000008002fe4        0xc zephyr/arch/arch/arm/core/libarch__arm__core.a(fatal.c.obj)
                0x0000000008002fe4                z_arm_fatal_error
 .text.z_do_kernel_oops
                0x0000000008002ff0        0x8 zephyr/arch/arch/arm/core/libarch__arm__core.a(fatal.c.obj)
                0x0000000008002ff0                z_do_kernel_oops
 .text.z_irq_spurious
                0x0000000008002ff8        0x8 zephyr/arch/arch/arm/core/cortex_m/libarch__arm__core__cortex_m.a(irq_manage.c.obj)
                0x0000000008002ff8                z_irq_spurious
 .text.configure_builtin_stack_guard
                0x0000000008003000        0x8 zephyr/arch/arch/arm/core/cortex_m/libarch__arm__core__cortex_m.a(thread.c.obj)
                0x0000000008003000                configure_builtin_stack_guard
 .text.arch_irq_unlock_outlined
                0x0000000008003008        0xe zephyr/arch/arch/arm/core/cortex_m/libarch__arm__core__cortex_m.a(thread.c.obj)
                0x0000000008003008                arch_irq_unlock_outlined
 .text.arch_cpu_idle
                0x0000000008003016       0x1a zephyr/arch/arch/arm/core/cortex_m/libarch__arm__core__cortex_m.a(cpu_idle.c.obj)
                0x0000000008003016                arch_cpu_idle
 .text.arm_cmse_mpu_region_get
                0x0000000008003030       0x12 zephyr/arch/arch/arm/core/cortex_m/cmse/libarch__arm__core__cortex_m__cmse.a(arm_core_cmse.c.obj)
                0x0000000008003030                arm_cmse_mpu_region_get
 .text.mpu_configure_region
                0x0000000008003042       0x32 zephyr/arch/arch/arm/core/mpu/libarch__arm__core__mpu.a(arm_mpu.c.obj)
 .text.picolibc_put
                0x0000000008003074        0xa zephyr/lib/libc/picolibc/liblib__libc__picolibc.a(stdio.c.obj)
 .text.stm32_exti_init
                0x000000000800307e      0x126 zephyr/drivers/interrupt_controller/libdrivers__interrupt_controller.a(intc_exti_stm32.c.obj)
 .text.stm32_gpio_intc_get_pin_irq_line
                0x00000000080031a4        0x6 zephyr/drivers/interrupt_controller/libdrivers__interrupt_controller.a(intc_exti_stm32.c.obj)
                0x00000000080031a4                stm32_gpio_intc_get_pin_irq_line
 .text.stm32_exti_set_line_src_port
                0x00000000080031aa       0x26 zephyr/drivers/interrupt_controller/libdrivers__interrupt_controller.a(intc_exti_stm32.c.obj)
                0x00000000080031aa                stm32_exti_set_line_src_port
 .text.stm32_clock_control_on
                0x00000000080031d0       0x38 zephyr/drivers/clock_control/libdrivers__clock_control.a(clock_stm32_ll_h5.c.obj)
 .text.stm32_clock_control_off
                0x0000000008003208       0x24 zephyr/drivers/clock_control/libdrivers__clock_control.a(clock_stm32_ll_h5.c.obj)
 .text.enabled_clock
                0x000000000800322c       0x1e zephyr/drivers/clock_control/libdrivers__clock_control.a(clock_stm32_ll_h5.c.obj)
                0x000000000800322c                enabled_clock
 .text.stm32_clock_control_configure
                0x000000000800324a       0x2c zephyr/drivers/clock_control/libdrivers__clock_control.a(clock_stm32_ll_h5.c.obj)
 .text.gpio_stm32_port_get_raw
                0x0000000008003276        0xc zephyr/drivers/gpio/libdrivers__gpio.a(gpio_stm32.c.obj)
 .text.gpio_stm32_port_set_masked_raw
                0x0000000008003282       0x12 zephyr/drivers/gpio/libdrivers__gpio.a(gpio_stm32.c.obj)
 .text.gpio_stm32_port_set_bits_raw
                0x0000000008003294        0xa zephyr/drivers/gpio/libdrivers__gpio.a(gpio_stm32.c.obj)
 .text.gpio_stm32_port_clear_bits_raw
                0x000000000800329e        0xa zephyr/drivers/gpio/libdrivers__gpio.a(gpio_stm32.c.obj)
 .text.gpio_stm32_port_toggle_bits
                0x00000000080032a8        0xe zephyr/drivers/gpio/libdrivers__gpio.a(gpio_stm32.c.obj)
 .text.gpio_stm32_manage_callback
                0x00000000080032b6       0x52 zephyr/drivers/gpio/libdrivers__gpio.a(gpio_stm32.c.obj)
 .text.gpio_stm32_configure_raw.isra.0
                0x0000000008003308      0x106 zephyr/drivers/gpio/libdrivers__gpio.a(gpio_stm32.c.obj)
 .text.gpio_stm32_config
                0x000000000800340e      0x120 zephyr/drivers/gpio/libdrivers__gpio.a(gpio_stm32.c.obj)
 .text.gpio_stm32_isr
                0x000000000800352e       0x2c zephyr/drivers/gpio/libdrivers__gpio.a(gpio_stm32.c.obj)
 .text.gpio_stm32_configure
                0x000000000800355a       0x2a zephyr/drivers/gpio/libdrivers__gpio.a(gpio_stm32.c.obj)
                0x000000000800355a                gpio_stm32_configure
 .text.pinctrl_lookup_state
                0x0000000008003584       0x26 zephyr/drivers/pinctrl/libdrivers__pinctrl.a(common.c.obj)
                0x0000000008003584                pinctrl_lookup_state
 .text.reset_stm32_status
                0x00000000080035aa       0x20 zephyr/drivers/reset/libdrivers__reset.a(reset_stm32.c.obj)
 .text.reset_stm32_line_assert
                0x00000000080035ca       0x1c zephyr/drivers/reset/libdrivers__reset.a(reset_stm32.c.obj)
 .text.reset_stm32_line_deassert
                0x00000000080035e6       0x1e zephyr/drivers/reset/libdrivers__reset.a(reset_stm32.c.obj)
 .text.reset_stm32_line_toggle
                0x0000000008003604       0x16 zephyr/drivers/reset/libdrivers__reset.a(reset_stm32.c.obj)
 .text.uart_stm32_ll2cfg_databits
                0x000000000800361a       0x2a zephyr/drivers/serial/libdrivers__serial.a(uart_stm32.c.obj)
 .text.uart_stm32_err_check
                0x0000000008003644       0x5a zephyr/drivers/serial/libdrivers__serial.a(uart_stm32.c.obj)
 .text.uart_stm32_poll_out
                0x000000000800369e       0x36 zephyr/drivers/serial/libdrivers__serial.a(uart_stm32.c.obj)
 .text.uart_stm32_poll_in
                0x00000000080036d4       0x20 zephyr/drivers/serial/libdrivers__serial.a(uart_stm32.c.obj)
 .text.uart_stm32_config_get
                0x00000000080036f4       0x92 zephyr/drivers/serial/libdrivers__serial.a(uart_stm32.c.obj)
 .text.uart_stm32_parameters_set
                0x0000000008003786      0x142 zephyr/drivers/serial/libdrivers__serial.a(uart_stm32.c.obj)
 .text.z_device_state_init
                0x00000000080038c8        0x2 zephyr/kernel/libkernel.a(device.c.obj)
                0x00000000080038c8                z_device_state_init
 .text.z_impl_device_is_ready
                0x00000000080038ca       0x16 zephyr/kernel/libkernel.a(device.c.obj)
                0x00000000080038ca                z_impl_device_is_ready
 .text.arch_system_halt
                0x00000000080038e0       0x10 zephyr/kernel/libkernel.a(fatal.c.obj)
                0x00000000080038e0                arch_system_halt
 .text.k_sys_fatal_error_handler
                0x00000000080038f0        0x6 zephyr/kernel/libkernel.a(fatal.c.obj)
                0x00000000080038f0                k_sys_fatal_error_handler
 .text.do_device_init
                0x00000000080038f6       0x30 zephyr/kernel/libkernel.a(init.c.obj)
 .text.z_early_memset
                0x0000000008003926        0x4 zephyr/kernel/libkernel.a(init.c.obj)
                0x0000000008003926                z_early_memset
 .text.z_early_memcpy
                0x000000000800392a        0x4 zephyr/kernel/libkernel.a(init.c.obj)
                0x000000000800392a                z_early_memcpy
 .text.z_init_static
                0x000000000800392e        0x2 zephyr/kernel/libkernel.a(init_static.c.obj)
                0x000000000800392e                z_init_static
 .text.idle     0x0000000008003930       0x16 zephyr/kernel/libkernel.a(idle.c.obj)
                0x0000000008003930                idle
 .text.sys_dlist_remove
                0x0000000008003946       0x10 zephyr/kernel/libkernel.a(sched.c.obj)
 .text.unpend_thread_no_timeout
                0x0000000008003956       0x14 zephyr/kernel/libkernel.a(sched.c.obj)
 .text.z_ready_thread
                0x000000000800396a       0x1e zephyr/kernel/libkernel.a(sched.c.obj)
                0x000000000800396a                z_ready_thread
 .text.z_sched_wake_thread
                0x0000000008003988       0x3a zephyr/kernel/libkernel.a(sched.c.obj)
                0x0000000008003988                z_sched_wake_thread
 .text.z_thread_timeout
                0x00000000080039c2        0x8 zephyr/kernel/libkernel.a(sched.c.obj)
                0x00000000080039c2                z_thread_timeout
 .text.z_thread_abort
                0x00000000080039ca       0x44 zephyr/kernel/libkernel.a(sched.c.obj)
                0x00000000080039ca                z_thread_abort
 .text.z_abort_timeout
                0x0000000008003a0e       0x2a zephyr/kernel/libkernel.a(timeout.c.obj)
                0x0000000008003a0e                z_abort_timeout
 .text.sys_clock_tick_get_32
                0x0000000008003a38        0x8 zephyr/kernel/libkernel.a(timeout.c.obj)
                0x0000000008003a38                sys_clock_tick_get_32
 .text.memcpy   0x0000000008003a40       0x1a c:\users\exito\zephyr-sdk-0.17.0\arm-zephyr-eabi\bin\../lib/gcc/../../picolibc/arm-zephyr-eabi/lib/thumb/v8-m.main/nofp\libc.a(memcpy.c.o)
                0x0000000008003a40                __aeabi_memcpy
                0x0000000008003a40                __aeabi_memcpy4
                0x0000000008003a40                __aeabi_memcpy8
                0x0000000008003a40                memcpy
 .text.memset   0x0000000008003a5a       0x10 c:\users\exito\zephyr-sdk-0.17.0\arm-zephyr-eabi\bin\../lib/gcc/../../picolibc/arm-zephyr-eabi/lib/thumb/v8-m.main/nofp\libc.a(memset.c.o)
                0x0000000008003a5a                memset
 .text.strnlen  0x0000000008003a6a       0x18 c:\users\exito\zephyr-sdk-0.17.0\arm-zephyr-eabi\bin\../lib/gcc/../../picolibc/arm-zephyr-eabi/lib/thumb/v8-m.main/nofp\libc.a(libc_string_strnlen.c.o)
                0x0000000008003a6a                strnlen
 .text.__ultoa_invert
                0x0000000008003a82       0xac c:\users\exito\zephyr-sdk-0.17.0\arm-zephyr-eabi\bin\../lib/gcc/../../picolibc/arm-zephyr-eabi/lib/thumb/v8-m.main/nofp\libc.a(libc_tinystdio_vflprintf.c.o)
 *(SORT_BY_ALIGNMENT(.TEXT.*))
 *fill*         0x0000000008003b2e        0x2 
 .TEXT.__aeabi_read_tp
                0x0000000008003b30        0xc zephyr/arch/arch/arm/core/cortex_m/libarch__arm__core__cortex_m.a(__aeabi_read_tp.S.obj)
                0x0000000008003b30                __aeabi_read_tp
 *(SORT_BY_ALIGNMENT(.gnu.linkonce.t.*))
 *(SORT_BY_ALIGNMENT(.glue_7t))
 .glue_7t       0x0000000008003b3c        0x0 linker stubs
 *(SORT_BY_ALIGNMENT(.glue_7))
 .glue_7        0x0000000008003b3c        0x0 linker stubs
 *(SORT_BY_ALIGNMENT(.vfp11_veneer))
 .vfp11_veneer  0x0000000008003b3c        0x0 linker stubs
 *(SORT_BY_ALIGNMENT(.v4_bx))
 .v4_bx         0x0000000008003b3c        0x0 linker stubs
                0x0000000008003b3c                . = ALIGN (0x4)
                0x0000000008003b3c                __text_region_end = .

.ARM.exidx      0x0000000008003b3c        0x8
                0x0000000008003b3c                __exidx_start = .
 *(SORT_BY_ALIGNMENT(.ARM.exidx*) SORT_BY_ALIGNMENT(gnu.linkonce.armexidx.*))
 .ARM.exidx     0x0000000008003b3c        0x8 c:/users/exito/zephyr-sdk-0.17.0/arm-zephyr-eabi/bin/../lib/gcc/arm-zephyr-eabi/12.2.0/thumb/v8-m.main/nofp\libgcc.a(_udivmoddi4.o)
                0x0000000008003b44                __exidx_end = .
                0x0000000008003b44                __rodata_region_start = .

initlevel       0x0000000008003b44       0x90
                0x0000000008003b44                __init_start = .
                0x0000000008003b44                __init_EARLY_start = .
 *(SORT_BY_NAME(SORT_BY_ALIGNMENT(.z_init_EARLY?_*)))
 *(SORT_BY_NAME(SORT_BY_ALIGNMENT(.z_init_EARLY??_*)))
                0x0000000008003b44                __init_PRE_KERNEL_1_start = .
 *(SORT_BY_NAME(SORT_BY_ALIGNMENT(.z_init_PRE_KERNEL_1?_*)))
 .z_init_PRE_KERNEL_11_00009_
                0x0000000008003b44        0x8 zephyr/drivers/clock_control/libdrivers__clock_control.a(clock_stm32_ll_h5.c.obj)
 .z_init_PRE_KERNEL_11_0_
                0x0000000008003b4c        0x8 zephyr/libzephyr.a(soc_config.c.obj)
 *(SORT_BY_NAME(SORT_BY_ALIGNMENT(.z_init_PRE_KERNEL_1??_*)))
 .z_init_PRE_KERNEL_135_00052_
                0x0000000008003b54        0x8 zephyr/drivers/reset/libdrivers__reset.a(reset_stm32.c.obj)
 .z_init_PRE_KERNEL_140_00040_
                0x0000000008003b5c        0x8 zephyr/drivers/gpio/libdrivers__gpio.a(gpio_stm32.c.obj)
 .z_init_PRE_KERNEL_140_00043_
                0x0000000008003b64        0x8 zephyr/drivers/gpio/libdrivers__gpio.a(gpio_stm32.c.obj)
 .z_init_PRE_KERNEL_140_00044_
                0x0000000008003b6c        0x8 zephyr/drivers/gpio/libdrivers__gpio.a(gpio_stm32.c.obj)
 .z_init_PRE_KERNEL_140_00072_
                0x0000000008003b74        0x8 zephyr/drivers/interrupt_controller/libdrivers__interrupt_controller.a(intc_exti_stm32.c.obj)
 .z_init_PRE_KERNEL_140_00101_
                0x0000000008003b7c        0x8 zephyr/drivers/gpio/libdrivers__gpio.a(gpio_stm32.c.obj)
 .z_init_PRE_KERNEL_140_00142_
                0x0000000008003b84        0x8 zephyr/drivers/gpio/libdrivers__gpio.a(gpio_stm32.c.obj)
 .z_init_PRE_KERNEL_140_00143_
                0x0000000008003b8c        0x8 zephyr/drivers/gpio/libdrivers__gpio.a(gpio_stm32.c.obj)
 .z_init_PRE_KERNEL_140_00144_
                0x0000000008003b94        0x8 zephyr/drivers/gpio/libdrivers__gpio.a(gpio_stm32.c.obj)
 .z_init_PRE_KERNEL_140_00145_
                0x0000000008003b9c        0x8 zephyr/drivers/gpio/libdrivers__gpio.a(gpio_stm32.c.obj)
 .z_init_PRE_KERNEL_140_00146_
                0x0000000008003ba4        0x8 zephyr/drivers/gpio/libdrivers__gpio.a(gpio_stm32.c.obj)
 .z_init_PRE_KERNEL_150_00085_
                0x0000000008003bac        0x8 zephyr/drivers/serial/libdrivers__serial.a(uart_stm32.c.obj)
 .z_init_PRE_KERNEL_150_00098_
                0x0000000008003bb4        0x8 zephyr/drivers/serial/libdrivers__serial.a(uart_stm32.c.obj)
 .z_init_PRE_KERNEL_160_0_
                0x0000000008003bbc        0x8 zephyr/drivers/console/libdrivers__console.a(uart_console.c.obj)
                0x0000000008003bc4                __init_PRE_KERNEL_2_start = .
 *(SORT_BY_NAME(SORT_BY_ALIGNMENT(.z_init_PRE_KERNEL_2?_*)))
 .z_init_PRE_KERNEL_20_0_
                0x0000000008003bc4        0x8 zephyr/drivers/timer/libdrivers__timer.a(cortex_m_systick.c.obj)
 *(SORT_BY_NAME(SORT_BY_ALIGNMENT(.z_init_PRE_KERNEL_2??_*)))
                0x0000000008003bcc                __init_POST_KERNEL_start = .
 *(SORT_BY_NAME(SORT_BY_ALIGNMENT(.z_init_POST_KERNEL?_*)))
 *(SORT_BY_NAME(SORT_BY_ALIGNMENT(.z_init_POST_KERNEL??_*)))
 .z_init_POST_KERNEL35_0_
                0x0000000008003bcc        0x8 zephyr/lib/libc/common/liblib__libc__common.a(malloc.c.obj)
                0x0000000008003bd4                __init_APPLICATION_start = .
 *(SORT_BY_NAME(SORT_BY_ALIGNMENT(.z_init_APPLICATION?_*)))
 *(SORT_BY_NAME(SORT_BY_ALIGNMENT(.z_init_APPLICATION??_*)))
                0x0000000008003bd4                __init_SMP_start = .
 *(SORT_BY_NAME(SORT_BY_ALIGNMENT(.z_init_SMP?_*)))
 *(SORT_BY_NAME(SORT_BY_ALIGNMENT(.z_init_SMP??_*)))
                0x0000000008003bd4                __init_end = .
                0x0000000008003bd4                __deferred_init_list_start = .
 *(SORT_BY_ALIGNMENT(.z_deferred_init*))
                0x0000000008003bd4                __deferred_init_list_end = .

device_area     0x0000000008003bd4      0x118
                0x0000000008003bd4                _device_list_start = .
 *(SORT_BY_NAME(SORT_BY_ALIGNMENT(._device.static.*_?_*)))
 ._device.static.1_1_
                0x0000000008003bd4       0x14 zephyr/drivers/clock_control/libdrivers__clock_control.a(clock_stm32_ll_h5.c.obj)
                0x0000000008003bd4                __device_dts_ord_9
 *(SORT_BY_NAME(SORT_BY_ALIGNMENT(._device.static.*_??_*)))
 ._device.static.1_35_
                0x0000000008003be8       0x14 zephyr/drivers/reset/libdrivers__reset.a(reset_stm32.c.obj)
                0x0000000008003be8                __device_dts_ord_52
 ._device.static.1_40_
                0x0000000008003bfc       0x14 zephyr/drivers/interrupt_controller/libdrivers__interrupt_controller.a(intc_exti_stm32.c.obj)
                0x0000000008003bfc                __device_dts_ord_72
 ._device.static.1_40_
                0x0000000008003c10       0xb4 zephyr/drivers/gpio/libdrivers__gpio.a(gpio_stm32.c.obj)
                0x0000000008003c10                __device_dts_ord_146
                0x0000000008003c24                __device_dts_ord_145
                0x0000000008003c38                __device_dts_ord_44
                0x0000000008003c4c                __device_dts_ord_43
                0x0000000008003c60                __device_dts_ord_144
                0x0000000008003c74                __device_dts_ord_101
                0x0000000008003c88                __device_dts_ord_40
                0x0000000008003c9c                __device_dts_ord_143
                0x0000000008003cb0                __device_dts_ord_142
 ._device.static.1_50_
                0x0000000008003cc4       0x28 zephyr/drivers/serial/libdrivers__serial.a(uart_stm32.c.obj)
                0x0000000008003cc4                __device_dts_ord_98
                0x0000000008003cd8                __device_dts_ord_85
                0x0000000008003cec                _device_list_end = .

sw_isr_table    0x0000000008003cec      0x418
                0x0000000008003cec                . = ALIGN (0x4)
 *(SORT_BY_ALIGNMENT(.gnu.linkonce.sw_isr_table*))
 .gnu.linkonce.sw_isr_table
                0x0000000008003cec      0x418 zephyr/CMakeFiles/zephyr_final.dir/isr_tables.c.obj
                0x0000000008003cec                _sw_isr_table

initlevel_error
                0x0000000008003b44        0x0
 *(SORT_BY_NAME(SORT_BY_ALIGNMENT(.z_init_[_A-Z0-9]*)))
                0x0000000000000001                ASSERT ((SIZEOF (initlevel_error) == 0x0), Undefined initialization levels used.)

app_shmem_regions
                0x0000000008004104        0x0
                0x0000000008004104                __app_shmem_regions_start = .
 *(SORT_BY_NAME(SORT_BY_ALIGNMENT(.app_regions.*)))
                0x0000000008004104                __app_shmem_regions_end = .

k_p4wq_initparam_area
                0x0000000008004104        0x0
                0x0000000008004104                _k_p4wq_initparam_list_start = .
 *(SORT_BY_NAME(SORT_BY_ALIGNMENT(._k_p4wq_initparam.static.*)))
                0x0000000008004104                _k_p4wq_initparam_list_end = .

_static_thread_data_area
                0x0000000008004104        0x0
                0x0000000008004104                __static_thread_data_list_start = .
 *(SORT_BY_NAME(SORT_BY_ALIGNMENT(.__static_thread_data.static.*)))
                0x0000000008004104                __static_thread_data_list_end = .

device_deps     0x0000000008004104        0x0
                0x0000000008004104                __device_deps_start = .
 *(SORT_BY_NAME(SORT_BY_ALIGNMENT(.__device_deps_pass2*)))
                0x0000000008004104                __device_deps_end = .

gpio_driver_api_area
                0x0000000008004104       0x24
                0x0000000008004104                _gpio_driver_api_list_start = .
 *(SORT_BY_NAME(SORT_BY_ALIGNMENT(._gpio_driver_api.static.*)))
 ._gpio_driver_api.static.gpio_stm32_driver_
                0x0000000008004104       0x24 zephyr/drivers/gpio/libdrivers__gpio.a(gpio_stm32.c.obj)
                0x0000000008004128                _gpio_driver_api_list_end = .

reset_driver_api_area
                0x0000000008004128       0x10
                0x0000000008004128                _reset_driver_api_list_start = .
 *(SORT_BY_NAME(SORT_BY_ALIGNMENT(._reset_driver_api.static.*)))
 ._reset_driver_api.static.reset_stm32_driver_api_
                0x0000000008004128       0x10 zephyr/drivers/reset/libdrivers__reset.a(reset_stm32.c.obj)
                0x0000000008004138                _reset_driver_api_list_end = .

shared_irq_driver_api_area
                0x0000000008004138        0x0
                0x0000000008004138                _shared_irq_driver_api_list_start = .
 *(SORT_BY_NAME(SORT_BY_ALIGNMENT(._shared_irq_driver_api.static.*)))
                0x0000000008004138                _shared_irq_driver_api_list_end = .

crypto_driver_api_area
                0x0000000008004138        0x0
                0x0000000008004138                _crypto_driver_api_list_start = .
 *(SORT_BY_NAME(SORT_BY_ALIGNMENT(._crypto_driver_api.static.*)))
                0x0000000008004138                _crypto_driver_api_list_end = .

adc_driver_api_area
                0x0000000008004138        0x0
                0x0000000008004138                _adc_driver_api_list_start = .
 *(SORT_BY_NAME(SORT_BY_ALIGNMENT(._adc_driver_api.static.*)))
                0x0000000008004138                _adc_driver_api_list_end = .

auxdisplay_driver_api_area
                0x0000000008004138        0x0
                0x0000000008004138                _auxdisplay_driver_api_list_start = .
 *(SORT_BY_NAME(SORT_BY_ALIGNMENT(._auxdisplay_driver_api.static.*)))
                0x0000000008004138                _auxdisplay_driver_api_list_end = .

bbram_driver_api_area
                0x0000000008004138        0x0
                0x0000000008004138                _bbram_driver_api_list_start = .
 *(SORT_BY_NAME(SORT_BY_ALIGNMENT(._bbram_driver_api.static.*)))
                0x0000000008004138                _bbram_driver_api_list_end = .

bt_hci_driver_api_area
                0x0000000008004138        0x0
                0x0000000008004138                _bt_hci_driver_api_list_start = .
 *(SORT_BY_NAME(SORT_BY_ALIGNMENT(._bt_hci_driver_api.static.*)))
                0x0000000008004138                _bt_hci_driver_api_list_end = .

can_driver_api_area
                0x0000000008004138        0x0
                0x0000000008004138                _can_driver_api_list_start = .
 *(SORT_BY_NAME(SORT_BY_ALIGNMENT(._can_driver_api.static.*)))
                0x0000000008004138                _can_driver_api_list_end = .

cellular_driver_api_area
                0x0000000008004138        0x0
                0x0000000008004138                _cellular_driver_api_list_start = .
 *(SORT_BY_NAME(SORT_BY_ALIGNMENT(._cellular_driver_api.static.*)))
                0x0000000008004138                _cellular_driver_api_list_end = .

charger_driver_api_area
                0x0000000008004138        0x0
                0x0000000008004138                _charger_driver_api_list_start = .
 *(SORT_BY_NAME(SORT_BY_ALIGNMENT(._charger_driver_api.static.*)))
                0x0000000008004138                _charger_driver_api_list_end = .

clock_control_driver_api_area
                0x0000000008004138       0x1c
                0x0000000008004138                _clock_control_driver_api_list_start = .
 *(SORT_BY_NAME(SORT_BY_ALIGNMENT(._clock_control_driver_api.static.*)))
 ._clock_control_driver_api.static.stm32_clock_control_api_
                0x0000000008004138       0x1c zephyr/drivers/clock_control/libdrivers__clock_control.a(clock_stm32_ll_h5.c.obj)
                0x0000000008004154                _clock_control_driver_api_list_end = .

comparator_driver_api_area
                0x0000000008004154        0x0
                0x0000000008004154                _comparator_driver_api_list_start = .
 *(SORT_BY_NAME(SORT_BY_ALIGNMENT(._comparator_driver_api.static.*)))
                0x0000000008004154                _comparator_driver_api_list_end = .

coredump_driver_api_area
                0x0000000008004154        0x0
                0x0000000008004154                _coredump_driver_api_list_start = .
 *(SORT_BY_NAME(SORT_BY_ALIGNMENT(._coredump_driver_api.static.*)))
                0x0000000008004154                _coredump_driver_api_list_end = .

counter_driver_api_area
                0x0000000008004154        0x0
                0x0000000008004154                _counter_driver_api_list_start = .
 *(SORT_BY_NAME(SORT_BY_ALIGNMENT(._counter_driver_api.static.*)))
                0x0000000008004154                _counter_driver_api_list_end = .

dac_driver_api_area
                0x0000000008004154        0x0
                0x0000000008004154                _dac_driver_api_list_start = .
 *(SORT_BY_NAME(SORT_BY_ALIGNMENT(._dac_driver_api.static.*)))
                0x0000000008004154                _dac_driver_api_list_end = .

dai_driver_api_area
                0x0000000008004154        0x0
                0x0000000008004154                _dai_driver_api_list_start = .
 *(SORT_BY_NAME(SORT_BY_ALIGNMENT(._dai_driver_api.static.*)))
                0x0000000008004154                _dai_driver_api_list_end = .

display_driver_api_area
                0x0000000008004154        0x0
                0x0000000008004154                _display_driver_api_list_start = .
 *(SORT_BY_NAME(SORT_BY_ALIGNMENT(._display_driver_api.static.*)))
                0x0000000008004154                _display_driver_api_list_end = .

dma_driver_api_area
                0x0000000008004154        0x0
                0x0000000008004154                _dma_driver_api_list_start = .
 *(SORT_BY_NAME(SORT_BY_ALIGNMENT(._dma_driver_api.static.*)))
                0x0000000008004154                _dma_driver_api_list_end = .

edac_driver_api_area
                0x0000000008004154        0x0
                0x0000000008004154                _edac_driver_api_list_start = .
 *(SORT_BY_NAME(SORT_BY_ALIGNMENT(._edac_driver_api.static.*)))
                0x0000000008004154                _edac_driver_api_list_end = .

eeprom_driver_api_area
                0x0000000008004154        0x0
                0x0000000008004154                _eeprom_driver_api_list_start = .
 *(SORT_BY_NAME(SORT_BY_ALIGNMENT(._eeprom_driver_api.static.*)))
                0x0000000008004154                _eeprom_driver_api_list_end = .

emul_bbram_driver_api_area
                0x0000000008004154        0x0
                0x0000000008004154                _emul_bbram_driver_api_list_start = .
 *(SORT_BY_NAME(SORT_BY_ALIGNMENT(._emul_bbram_driver_api.static.*)))
                0x0000000008004154                _emul_bbram_driver_api_list_end = .

fuel_gauge_emul_driver_api_area
                0x0000000008004154        0x0
                0x0000000008004154                _fuel_gauge_emul_driver_api_list_start = .
 *(SORT_BY_NAME(SORT_BY_ALIGNMENT(._fuel_gauge_emul_driver_api.static.*)))
                0x0000000008004154                _fuel_gauge_emul_driver_api_list_end = .

emul_sensor_driver_api_area
                0x0000000008004154        0x0
                0x0000000008004154                _emul_sensor_driver_api_list_start = .
 *(SORT_BY_NAME(SORT_BY_ALIGNMENT(._emul_sensor_driver_api.static.*)))
                0x0000000008004154                _emul_sensor_driver_api_list_end = .

entropy_driver_api_area
                0x0000000008004154        0x0
                0x0000000008004154                _entropy_driver_api_list_start = .
 *(SORT_BY_NAME(SORT_BY_ALIGNMENT(._entropy_driver_api.static.*)))
                0x0000000008004154                _entropy_driver_api_list_end = .

espi_driver_api_area
                0x0000000008004154        0x0
                0x0000000008004154                _espi_driver_api_list_start = .
 *(SORT_BY_NAME(SORT_BY_ALIGNMENT(._espi_driver_api.static.*)))
                0x0000000008004154                _espi_driver_api_list_end = .

espi_saf_driver_api_area
                0x0000000008004154        0x0
                0x0000000008004154                _espi_saf_driver_api_list_start = .
 *(SORT_BY_NAME(SORT_BY_ALIGNMENT(._espi_saf_driver_api.static.*)))
                0x0000000008004154                _espi_saf_driver_api_list_end = .

flash_driver_api_area
                0x0000000008004154        0x0
                0x0000000008004154                _flash_driver_api_list_start = .
 *(SORT_BY_NAME(SORT_BY_ALIGNMENT(._flash_driver_api.static.*)))
                0x0000000008004154                _flash_driver_api_list_end = .

fpga_driver_api_area
                0x0000000008004154        0x0
                0x0000000008004154                _fpga_driver_api_list_start = .
 *(SORT_BY_NAME(SORT_BY_ALIGNMENT(._fpga_driver_api.static.*)))
                0x0000000008004154                _fpga_driver_api_list_end = .

fuel_gauge_driver_api_area
                0x0000000008004154        0x0
                0x0000000008004154                _fuel_gauge_driver_api_list_start = .
 *(SORT_BY_NAME(SORT_BY_ALIGNMENT(._fuel_gauge_driver_api.static.*)))
                0x0000000008004154                _fuel_gauge_driver_api_list_end = .

gnss_driver_api_area
                0x0000000008004154        0x0
                0x0000000008004154                _gnss_driver_api_list_start = .
 *(SORT_BY_NAME(SORT_BY_ALIGNMENT(._gnss_driver_api.static.*)))
                0x0000000008004154                _gnss_driver_api_list_end = .

haptics_driver_api_area
                0x0000000008004154        0x0
                0x0000000008004154                _haptics_driver_api_list_start = .
 *(SORT_BY_NAME(SORT_BY_ALIGNMENT(._haptics_driver_api.static.*)))
                0x0000000008004154                _haptics_driver_api_list_end = .

hwspinlock_driver_api_area
                0x0000000008004154        0x0
                0x0000000008004154                _hwspinlock_driver_api_list_start = .
 *(SORT_BY_NAME(SORT_BY_ALIGNMENT(._hwspinlock_driver_api.static.*)))
                0x0000000008004154                _hwspinlock_driver_api_list_end = .

i2c_driver_api_area
                0x0000000008004154        0x0
                0x0000000008004154                _i2c_driver_api_list_start = .
 *(SORT_BY_NAME(SORT_BY_ALIGNMENT(._i2c_driver_api.static.*)))
                0x0000000008004154                _i2c_driver_api_list_end = .

i2c_target_driver_api_area
                0x0000000008004154        0x0
                0x0000000008004154                _i2c_target_driver_api_list_start = .
 *(SORT_BY_NAME(SORT_BY_ALIGNMENT(._i2c_target_driver_api.static.*)))
                0x0000000008004154                _i2c_target_driver_api_list_end = .

i2s_driver_api_area
                0x0000000008004154        0x0
                0x0000000008004154                _i2s_driver_api_list_start = .
 *(SORT_BY_NAME(SORT_BY_ALIGNMENT(._i2s_driver_api.static.*)))
                0x0000000008004154                _i2s_driver_api_list_end = .

i3c_driver_api_area
                0x0000000008004154        0x0
                0x0000000008004154                _i3c_driver_api_list_start = .
 *(SORT_BY_NAME(SORT_BY_ALIGNMENT(._i3c_driver_api.static.*)))
                0x0000000008004154                _i3c_driver_api_list_end = .

ipm_driver_api_area
                0x0000000008004154        0x0
                0x0000000008004154                _ipm_driver_api_list_start = .
 *(SORT_BY_NAME(SORT_BY_ALIGNMENT(._ipm_driver_api.static.*)))
                0x0000000008004154                _ipm_driver_api_list_end = .

kscan_driver_api_area
                0x0000000008004154        0x0
                0x0000000008004154                _kscan_driver_api_list_start = .
 *(SORT_BY_NAME(SORT_BY_ALIGNMENT(._kscan_driver_api.static.*)))
                0x0000000008004154                _kscan_driver_api_list_end = .

led_driver_api_area
                0x0000000008004154        0x0
                0x0000000008004154                _led_driver_api_list_start = .
 *(SORT_BY_NAME(SORT_BY_ALIGNMENT(._led_driver_api.static.*)))
                0x0000000008004154                _led_driver_api_list_end = .

led_strip_driver_api_area
                0x0000000008004154        0x0
                0x0000000008004154                _led_strip_driver_api_list_start = .
 *(SORT_BY_NAME(SORT_BY_ALIGNMENT(._led_strip_driver_api.static.*)))
                0x0000000008004154                _led_strip_driver_api_list_end = .

lora_driver_api_area
                0x0000000008004154        0x0
                0x0000000008004154                _lora_driver_api_list_start = .
 *(SORT_BY_NAME(SORT_BY_ALIGNMENT(._lora_driver_api.static.*)))
                0x0000000008004154                _lora_driver_api_list_end = .

mbox_driver_api_area
                0x0000000008004154        0x0
                0x0000000008004154                _mbox_driver_api_list_start = .
 *(SORT_BY_NAME(SORT_BY_ALIGNMENT(._mbox_driver_api.static.*)))
                0x0000000008004154                _mbox_driver_api_list_end = .

mdio_driver_api_area
                0x0000000008004154        0x0
                0x0000000008004154                _mdio_driver_api_list_start = .
 *(SORT_BY_NAME(SORT_BY_ALIGNMENT(._mdio_driver_api.static.*)))
                0x0000000008004154                _mdio_driver_api_list_end = .

mipi_dbi_driver_api_area
                0x0000000008004154        0x0
                0x0000000008004154                _mipi_dbi_driver_api_list_start = .
 *(SORT_BY_NAME(SORT_BY_ALIGNMENT(._mipi_dbi_driver_api.static.*)))
                0x0000000008004154                _mipi_dbi_driver_api_list_end = .

mipi_dsi_driver_api_area
                0x0000000008004154        0x0
                0x0000000008004154                _mipi_dsi_driver_api_list_start = .
 *(SORT_BY_NAME(SORT_BY_ALIGNMENT(._mipi_dsi_driver_api.static.*)))
                0x0000000008004154                _mipi_dsi_driver_api_list_end = .

mspi_driver_api_area
                0x0000000008004154        0x0
                0x0000000008004154                _mspi_driver_api_list_start = .
 *(SORT_BY_NAME(SORT_BY_ALIGNMENT(._mspi_driver_api.static.*)))
                0x0000000008004154                _mspi_driver_api_list_end = .

peci_driver_api_area
                0x0000000008004154        0x0
                0x0000000008004154                _peci_driver_api_list_start = .
 *(SORT_BY_NAME(SORT_BY_ALIGNMENT(._peci_driver_api.static.*)))
                0x0000000008004154                _peci_driver_api_list_end = .

ps2_driver_api_area
                0x0000000008004154        0x0
                0x0000000008004154                _ps2_driver_api_list_start = .
 *(SORT_BY_NAME(SORT_BY_ALIGNMENT(._ps2_driver_api.static.*)))
                0x0000000008004154                _ps2_driver_api_list_end = .

ptp_clock_driver_api_area
                0x0000000008004154        0x0
                0x0000000008004154                _ptp_clock_driver_api_list_start = .
 *(SORT_BY_NAME(SORT_BY_ALIGNMENT(._ptp_clock_driver_api.static.*)))
                0x0000000008004154                _ptp_clock_driver_api_list_end = .

pwm_driver_api_area
                0x0000000008004154        0x0
                0x0000000008004154                _pwm_driver_api_list_start = .
 *(SORT_BY_NAME(SORT_BY_ALIGNMENT(._pwm_driver_api.static.*)))
                0x0000000008004154                _pwm_driver_api_list_end = .

regulator_parent_driver_api_area
                0x0000000008004154        0x0
                0x0000000008004154                _regulator_parent_driver_api_list_start = .
 *(SORT_BY_NAME(SORT_BY_ALIGNMENT(._regulator_parent_driver_api.static.*)))
                0x0000000008004154                _regulator_parent_driver_api_list_end = .

regulator_driver_api_area
                0x0000000008004154        0x0
                0x0000000008004154                _regulator_driver_api_list_start = .
 *(SORT_BY_NAME(SORT_BY_ALIGNMENT(._regulator_driver_api.static.*)))
                0x0000000008004154                _regulator_driver_api_list_end = .

retained_mem_driver_api_area
                0x0000000008004154        0x0
                0x0000000008004154                _retained_mem_driver_api_list_start = .
 *(SORT_BY_NAME(SORT_BY_ALIGNMENT(._retained_mem_driver_api.static.*)))
                0x0000000008004154                _retained_mem_driver_api_list_end = .

rtc_driver_api_area
                0x0000000008004154        0x0
                0x0000000008004154                _rtc_driver_api_list_start = .
 *(SORT_BY_NAME(SORT_BY_ALIGNMENT(._rtc_driver_api.static.*)))
                0x0000000008004154                _rtc_driver_api_list_end = .

sdhc_driver_api_area
                0x0000000008004154        0x0
                0x0000000008004154                _sdhc_driver_api_list_start = .
 *(SORT_BY_NAME(SORT_BY_ALIGNMENT(._sdhc_driver_api.static.*)))
                0x0000000008004154                _sdhc_driver_api_list_end = .

sensor_driver_api_area
                0x0000000008004154        0x0
                0x0000000008004154                _sensor_driver_api_list_start = .
 *(SORT_BY_NAME(SORT_BY_ALIGNMENT(._sensor_driver_api.static.*)))
                0x0000000008004154                _sensor_driver_api_list_end = .

smbus_driver_api_area
                0x0000000008004154        0x0
                0x0000000008004154                _smbus_driver_api_list_start = .
 *(SORT_BY_NAME(SORT_BY_ALIGNMENT(._smbus_driver_api.static.*)))
                0x0000000008004154                _smbus_driver_api_list_end = .

spi_driver_api_area
                0x0000000008004154        0x0
                0x0000000008004154                _spi_driver_api_list_start = .
 *(SORT_BY_NAME(SORT_BY_ALIGNMENT(._spi_driver_api.static.*)))
                0x0000000008004154                _spi_driver_api_list_end = .

stepper_driver_api_area
                0x0000000008004154        0x0
                0x0000000008004154                _stepper_driver_api_list_start = .
 *(SORT_BY_NAME(SORT_BY_ALIGNMENT(._stepper_driver_api.static.*)))
                0x0000000008004154                _stepper_driver_api_list_end = .

syscon_driver_api_area
                0x0000000008004154        0x0
                0x0000000008004154                _syscon_driver_api_list_start = .
 *(SORT_BY_NAME(SORT_BY_ALIGNMENT(._syscon_driver_api.static.*)))
                0x0000000008004154                _syscon_driver_api_list_end = .

tee_driver_api_area
                0x0000000008004154        0x0
                0x0000000008004154                _tee_driver_api_list_start = .
 *(SORT_BY_NAME(SORT_BY_ALIGNMENT(._tee_driver_api.static.*)))
                0x0000000008004154                _tee_driver_api_list_end = .

video_driver_api_area
                0x0000000008004154        0x0
                0x0000000008004154                _video_driver_api_list_start = .
 *(SORT_BY_NAME(SORT_BY_ALIGNMENT(._video_driver_api.static.*)))
                0x0000000008004154                _video_driver_api_list_end = .

w1_driver_api_area
                0x0000000008004154        0x0
                0x0000000008004154                _w1_driver_api_list_start = .
 *(SORT_BY_NAME(SORT_BY_ALIGNMENT(._w1_driver_api.static.*)))
                0x0000000008004154                _w1_driver_api_list_end = .

wdt_driver_api_area
                0x0000000008004154        0x0
                0x0000000008004154                _wdt_driver_api_list_start = .
 *(SORT_BY_NAME(SORT_BY_ALIGNMENT(._wdt_driver_api.static.*)))
                0x0000000008004154                _wdt_driver_api_list_end = .

can_transceiver_driver_api_area
                0x0000000008004154        0x0
                0x0000000008004154                _can_transceiver_driver_api_list_start = .
 *(SORT_BY_NAME(SORT_BY_ALIGNMENT(._can_transceiver_driver_api.static.*)))
                0x0000000008004154                _can_transceiver_driver_api_list_end = .

nrf_clock_control_driver_api_area
                0x0000000008004154        0x0
                0x0000000008004154                _nrf_clock_control_driver_api_list_start = .
 *(SORT_BY_NAME(SORT_BY_ALIGNMENT(._nrf_clock_control_driver_api.static.*)))
                0x0000000008004154                _nrf_clock_control_driver_api_list_end = .

i3c_target_driver_api_area
                0x0000000008004154        0x0
                0x0000000008004154                _i3c_target_driver_api_list_start = .
 *(SORT_BY_NAME(SORT_BY_ALIGNMENT(._i3c_target_driver_api.static.*)))
                0x0000000008004154                _i3c_target_driver_api_list_end = .

its_driver_api_area
                0x0000000008004154        0x0
                0x0000000008004154                _its_driver_api_list_start = .
 *(SORT_BY_NAME(SORT_BY_ALIGNMENT(._its_driver_api.static.*)))
                0x0000000008004154                _its_driver_api_list_end = .

vtd_driver_api_area
                0x0000000008004154        0x0
                0x0000000008004154                _vtd_driver_api_list_start = .
 *(SORT_BY_NAME(SORT_BY_ALIGNMENT(._vtd_driver_api.static.*)))
                0x0000000008004154                _vtd_driver_api_list_end = .

tgpio_driver_api_area
                0x0000000008004154        0x0
                0x0000000008004154                _tgpio_driver_api_list_start = .
 *(SORT_BY_NAME(SORT_BY_ALIGNMENT(._tgpio_driver_api.static.*)))
                0x0000000008004154                _tgpio_driver_api_list_end = .

pcie_ctrl_driver_api_area
                0x0000000008004154        0x0
                0x0000000008004154                _pcie_ctrl_driver_api_list_start = .
 *(SORT_BY_NAME(SORT_BY_ALIGNMENT(._pcie_ctrl_driver_api.static.*)))
                0x0000000008004154                _pcie_ctrl_driver_api_list_end = .

pcie_ep_driver_api_area
                0x0000000008004154        0x0
                0x0000000008004154                _pcie_ep_driver_api_list_start = .
 *(SORT_BY_NAME(SORT_BY_ALIGNMENT(._pcie_ep_driver_api.static.*)))
                0x0000000008004154                _pcie_ep_driver_api_list_end = .

svc_driver_api_area
                0x0000000008004154        0x0
                0x0000000008004154                _svc_driver_api_list_start = .
 *(SORT_BY_NAME(SORT_BY_ALIGNMENT(._svc_driver_api.static.*)))
                0x0000000008004154                _svc_driver_api_list_end = .

uart_driver_api_area
                0x0000000008004154       0x14
                0x0000000008004154                _uart_driver_api_list_start = .
 *(SORT_BY_NAME(SORT_BY_ALIGNMENT(._uart_driver_api.static.*)))
 ._uart_driver_api.static.uart_stm32_driver_api_
                0x0000000008004154       0x14 zephyr/drivers/serial/libdrivers__serial.a(uart_stm32.c.obj)
                0x0000000008004168                _uart_driver_api_list_end = .

bc12_emul_driver_api_area
                0x0000000008004168        0x0
                0x0000000008004168                _bc12_emul_driver_api_list_start = .
 *(SORT_BY_NAME(SORT_BY_ALIGNMENT(._bc12_emul_driver_api.static.*)))
                0x0000000008004168                _bc12_emul_driver_api_list_end = .

bc12_driver_api_area
                0x0000000008004168        0x0
                0x0000000008004168                _bc12_driver_api_list_start = .
 *(SORT_BY_NAME(SORT_BY_ALIGNMENT(._bc12_driver_api.static.*)))
                0x0000000008004168                _bc12_driver_api_list_end = .

usbc_ppc_driver_api_area
                0x0000000008004168        0x0
                0x0000000008004168                _usbc_ppc_driver_api_list_start = .
 *(SORT_BY_NAME(SORT_BY_ALIGNMENT(._usbc_ppc_driver_api.static.*)))
                0x0000000008004168                _usbc_ppc_driver_api_list_end = .

tcpc_driver_api_area
                0x0000000008004168        0x0
                0x0000000008004168                _tcpc_driver_api_list_start = .
 *(SORT_BY_NAME(SORT_BY_ALIGNMENT(._tcpc_driver_api.static.*)))
                0x0000000008004168                _tcpc_driver_api_list_end = .

usbc_vbus_driver_api_area
                0x0000000008004168        0x0
                0x0000000008004168                _usbc_vbus_driver_api_list_start = .
 *(SORT_BY_NAME(SORT_BY_ALIGNMENT(._usbc_vbus_driver_api.static.*)))
                0x0000000008004168                _usbc_vbus_driver_api_list_end = .

ivshmem_driver_api_area
                0x0000000008004168        0x0
                0x0000000008004168                _ivshmem_driver_api_list_start = .
 *(SORT_BY_NAME(SORT_BY_ALIGNMENT(._ivshmem_driver_api.static.*)))
                0x0000000008004168                _ivshmem_driver_api_list_end = .

ethphy_driver_api_area
                0x0000000008004168        0x0
                0x0000000008004168                _ethphy_driver_api_list_start = .
 *(SORT_BY_NAME(SORT_BY_ALIGNMENT(._ethphy_driver_api.static.*)))
                0x0000000008004168                _ethphy_driver_api_list_end = .

ztest           0x0000000008004168        0x0
                0x0000000008004168                _ztest_expected_result_entry_list_start = .
 *(SORT_BY_NAME(SORT_BY_ALIGNMENT(._ztest_expected_result_entry.static.*)))
                0x0000000008004168                _ztest_expected_result_entry_list_end = .
                0x0000000008004168                _ztest_suite_node_list_start = .
 *(SORT_BY_NAME(SORT_BY_ALIGNMENT(._ztest_suite_node.static.*)))
                0x0000000008004168                _ztest_suite_node_list_end = .
                0x0000000008004168                _ztest_unit_test_list_start = .
 *(SORT_BY_NAME(SORT_BY_ALIGNMENT(._ztest_unit_test.static.*)))
                0x0000000008004168                _ztest_unit_test_list_end = .
                0x0000000008004168                _ztest_test_rule_list_start = .
 *(SORT_BY_NAME(SORT_BY_ALIGNMENT(._ztest_test_rule.static.*)))
                0x0000000008004168                _ztest_test_rule_list_end = .

init_array      0x0000000008004168        0x0
 *(SORT_BY_NAME(SORT_BY_ALIGNMENT(.ctors*)))
 *(SORT_BY_NAME(SORT_BY_ALIGNMENT(.init_array*)))
                0x0000000000000001                ASSERT ((SIZEOF (init_array) == 0x0), GNU-style constructors required but STATIC_INIT_GNU not enabled)

bt_l2cap_fixed_chan_area
                0x0000000008004168        0x0
                0x0000000008004168                _bt_l2cap_fixed_chan_list_start = .
 *(SORT_BY_NAME(SORT_BY_ALIGNMENT(._bt_l2cap_fixed_chan.static.*)))
                0x0000000008004168                _bt_l2cap_fixed_chan_list_end = .

bt_gatt_service_static_area
                0x0000000008004168        0x0
                0x0000000008004168                _bt_gatt_service_static_list_start = .
 *(SORT_BY_NAME(SORT_BY_ALIGNMENT(._bt_gatt_service_static.static.*)))
                0x0000000008004168                _bt_gatt_service_static_list_end = .

log_strings_area
                0x0000000008004168        0x0
                0x0000000008004168                _log_strings_list_start = .
 *(SORT_BY_NAME(SORT_BY_ALIGNMENT(._log_strings.static.*)))
                0x0000000008004168                _log_strings_list_end = .

log_const_area  0x0000000008004168        0x0
                0x0000000008004168                _log_const_list_start = .
 *(SORT_BY_NAME(SORT_BY_ALIGNMENT(._log_const.static.*)))
                0x0000000008004168                _log_const_list_end = .

log_backend_area
                0x0000000008004168        0x0
                0x0000000008004168                _log_backend_list_start = .
 *(SORT_BY_NAME(SORT_BY_ALIGNMENT(._log_backend.static.*)))
                0x0000000008004168                _log_backend_list_end = .

log_link_area   0x0000000008004168        0x0
                0x0000000008004168                _log_link_list_start = .
 *(SORT_BY_NAME(SORT_BY_ALIGNMENT(._log_link.static.*)))
                0x0000000008004168                _log_link_list_end = .

tracing_backend_area
                0x0000000008004168        0x0
                0x0000000008004168                _tracing_backend_list_start = .
 *(SORT_BY_NAME(SORT_BY_ALIGNMENT(._tracing_backend.static.*)))
                0x0000000008004168                _tracing_backend_list_end = .

zephyr_dbg_info
 *(SORT_BY_ALIGNMENT(.dbg_thread_info))

intc_table_area
                0x0000000008004168        0x0
                0x0000000008004168                _intc_table_list_start = .
 *(SORT_BY_NAME(SORT_BY_ALIGNMENT(._intc_table.static.*)))
                0x0000000008004168                _intc_table_list_end = .

symbol_to_keep  0x0000000008004168        0x0
                0x0000000008004168                __symbol_to_keep_start = .
 *(SORT_BY_NAME(SORT_BY_ALIGNMENT(.symbol_to_keep*)))
                0x0000000008004168                __symbol_to_keep_end = .

shell_area      0x0000000008004168        0x0
                0x0000000008004168                _shell_list_start = .
 *(SORT_BY_NAME(SORT_BY_ALIGNMENT(._shell.static.*)))
                0x0000000008004168                _shell_list_end = .

shell_root_cmds_area
                0x0000000008004168        0x0
                0x0000000008004168                _shell_root_cmds_list_start = .
 *(SORT_BY_NAME(SORT_BY_ALIGNMENT(._shell_root_cmds.static.*)))
                0x0000000008004168                _shell_root_cmds_list_end = .

shell_subcmds_area
                0x0000000008004168        0x0
                0x0000000008004168                _shell_subcmds_list_start = .
 *(SORT_BY_NAME(SORT_BY_ALIGNMENT(._shell_subcmds.static.*)))
                0x0000000008004168                _shell_subcmds_list_end = .

shell_dynamic_subcmds_area
                0x0000000008004168        0x0
                0x0000000008004168                _shell_dynamic_subcmds_list_start = .
 *(SORT_BY_NAME(SORT_BY_ALIGNMENT(._shell_dynamic_subcmds.static.*)))
                0x0000000008004168                _shell_dynamic_subcmds_list_end = .

cfb_font_area   0x0000000008004168        0x0
                0x0000000008004168                _cfb_font_list_start = .
 *(SORT_BY_NAME(SORT_BY_ALIGNMENT(._cfb_font.static.*)))
                0x0000000008004168                _cfb_font_list_end = .

tdata           0x0000000008004168        0x0
 *(SORT_BY_ALIGNMENT(.tdata) SORT_BY_ALIGNMENT(.tdata.*) SORT_BY_ALIGNMENT(.gnu.linkonce.td.*))

tbss            0x0000000008004168        0x4
 *(SORT_BY_ALIGNMENT(.tbss) SORT_BY_ALIGNMENT(.tbss.*) SORT_BY_ALIGNMENT(.gnu.linkonce.tb.*) SORT_BY_ALIGNMENT(.tcommon))
 .tbss.z_tls_current
                0x0000000008004168        0x4 zephyr/libzephyr.a(thread_entry.c.obj)
                0x0000000008004168                z_tls_current
                0x0000000008004168                PROVIDE (__tdata_start = LOADADDR (tdata))
                0x0000000000000001                PROVIDE (__tdata_align = ALIGNOF (tdata))
                0x0000000000000000                PROVIDE (__tdata_size = (((SIZEOF (tdata) + __tdata_align) - 0x1) & ~ ((__tdata_align - 0x1))))
                [!provide]                        PROVIDE (__tdata_end = (__tdata_start + __tdata_size))
                0x0000000000000004                PROVIDE (__tbss_align = ALIGNOF (tbss))
                [!provide]                        PROVIDE (__tbss_start = ADDR (tbss))
                0x0000000000000004                PROVIDE (__tbss_size = (((SIZEOF (tbss) + __tbss_align) - 0x1) & ~ ((__tbss_align - 0x1))))
                [!provide]                        PROVIDE (__tbss_end = (__tbss_start + __tbss_size))
                [!provide]                        PROVIDE (__tls_start = __tdata_start)
                [!provide]                        PROVIDE (__tls_end = __tbss_end)
                [!provide]                        PROVIDE (__tls_size = (__tbss_end - __tdata_start))

rodata          0x0000000008004168      0x368
 *(SORT_BY_ALIGNMENT(.rodata))
 *(SORT_BY_ALIGNMENT(.rodata.*))
 .rodata.mem_attr_region
                0x0000000008004168        0x0 zephyr/libzephyr.a(mem_attr.c.obj)
 .rodata.static_regions
                0x0000000008004168        0xc zephyr/arch/arch/arm/core/mpu/libarch__arm__core__mpu.a(arm_core_mpu.c.obj)
 .rodata.mpu_config
                0x0000000008004174        0x8 zephyr/arch/arch/arm/core/mpu/libarch__arm__core__mpu.a(arm_mpu_regions.c.obj)
                0x0000000008004174                mpu_config
 .rodata.mpu_regions
                0x000000000800417c       0x20 zephyr/arch/arch/arm/core/mpu/libarch__arm__core__mpu.a(arm_mpu_regions.c.obj)
 .rodata.stdout
                0x000000000800419c        0x4 zephyr/lib/libc/picolibc/liblib__libc__picolibc.a(stdio.c.obj)
                0x000000000800419c                stderr
                0x000000000800419c                stdout
 .rodata.gpio_stm32_cfg_i
                0x00000000080041a0       0x14 zephyr/drivers/gpio/libdrivers__gpio.a(gpio_stm32.c.obj)
 .rodata.gpio_stm32_cfg_h
                0x00000000080041b4       0x14 zephyr/drivers/gpio/libdrivers__gpio.a(gpio_stm32.c.obj)
 .rodata.gpio_stm32_cfg_g
                0x00000000080041c8       0x14 zephyr/drivers/gpio/libdrivers__gpio.a(gpio_stm32.c.obj)
 .rodata.gpio_stm32_cfg_f
                0x00000000080041dc       0x14 zephyr/drivers/gpio/libdrivers__gpio.a(gpio_stm32.c.obj)
 .rodata.gpio_stm32_cfg_e
                0x00000000080041f0       0x14 zephyr/drivers/gpio/libdrivers__gpio.a(gpio_stm32.c.obj)
 .rodata.gpio_stm32_cfg_d
                0x0000000008004204       0x14 zephyr/drivers/gpio/libdrivers__gpio.a(gpio_stm32.c.obj)
 .rodata.gpio_stm32_cfg_c
                0x0000000008004218       0x14 zephyr/drivers/gpio/libdrivers__gpio.a(gpio_stm32.c.obj)
 .rodata.gpio_stm32_cfg_b
                0x000000000800422c       0x14 zephyr/drivers/gpio/libdrivers__gpio.a(gpio_stm32.c.obj)
 .rodata.gpio_stm32_cfg_a
                0x0000000008004240       0x14 zephyr/drivers/gpio/libdrivers__gpio.a(gpio_stm32.c.obj)
 .rodata.gpio_ports
                0x0000000008004254       0x40 zephyr/drivers/pinctrl/libdrivers__pinctrl.a(pinctrl_stm32.c.obj)
 .rodata.reset_stm32_config
                0x0000000008004294        0x4 zephyr/drivers/reset/libdrivers__reset.a(reset_stm32.c.obj)
 .rodata.uart_stm32_cfg_1
                0x0000000008004298       0x24 zephyr/drivers/serial/libdrivers__serial.a(uart_stm32.c.obj)
 .rodata.pclken_1
                0x00000000080042bc        0x8 zephyr/drivers/serial/libdrivers__serial.a(uart_stm32.c.obj)
 .rodata.__pinctrl_dev_config__device_dts_ord_98
                0x00000000080042c4        0x8 zephyr/drivers/serial/libdrivers__serial.a(uart_stm32.c.obj)
 .rodata.__pinctrl_states__device_dts_ord_98
                0x00000000080042cc        0x8 zephyr/drivers/serial/libdrivers__serial.a(uart_stm32.c.obj)
 .rodata.__pinctrl_state_pins_0__device_dts_ord_98
                0x00000000080042d4       0x10 zephyr/drivers/serial/libdrivers__serial.a(uart_stm32.c.obj)
 .rodata.uart_stm32_cfg_0
                0x00000000080042e4       0x24 zephyr/drivers/serial/libdrivers__serial.a(uart_stm32.c.obj)
 .rodata.pclken_0
                0x0000000008004308        0x8 zephyr/drivers/serial/libdrivers__serial.a(uart_stm32.c.obj)
 .rodata.__pinctrl_dev_config__device_dts_ord_85
                0x0000000008004310        0x8 zephyr/drivers/serial/libdrivers__serial.a(uart_stm32.c.obj)
 .rodata.__pinctrl_states__device_dts_ord_85
                0x0000000008004318        0x8 zephyr/drivers/serial/libdrivers__serial.a(uart_stm32.c.obj)
 .rodata.__pinctrl_state_pins_0__device_dts_ord_85
                0x0000000008004320       0x10 zephyr/drivers/serial/libdrivers__serial.a(uart_stm32.c.obj)
 .rodata.levels.0
                0x0000000008004330       0x18 zephyr/kernel/libkernel.a(init.c.obj)
 .rodata.LPUART_PRESCALER_TAB
                0x0000000008004348       0x18 zephyr/drivers/serial/libdrivers__serial.a(uart_stm32.c.obj)
 .rodata.main.str1.1
                0x0000000008004360       0x16 app/libapp.a(main.c.obj)
 .rodata.str1.1
                0x0000000008004376        0xf zephyr/arch/arch/arm/core/mpu/libarch__arm__core__mpu.a(arm_mpu_regions.c.obj)
 .rodata.line_range_15.0
                0x0000000008004385        0x2 zephyr/drivers/interrupt_controller/libdrivers__interrupt_controller.a(intc_exti_stm32.c.obj)
 .rodata.line_range_14.1
                0x0000000008004387        0x2 zephyr/drivers/interrupt_controller/libdrivers__interrupt_controller.a(intc_exti_stm32.c.obj)
 .rodata.line_range_13.2
                0x0000000008004389        0x2 zephyr/drivers/interrupt_controller/libdrivers__interrupt_controller.a(intc_exti_stm32.c.obj)
 .rodata.line_range_12.3
                0x000000000800438b        0x2 zephyr/drivers/interrupt_controller/libdrivers__interrupt_controller.a(intc_exti_stm32.c.obj)
 .rodata.line_range_11.4
                0x000000000800438d        0x2 zephyr/drivers/interrupt_controller/libdrivers__interrupt_controller.a(intc_exti_stm32.c.obj)
 .rodata.line_range_10.5
                0x000000000800438f        0x2 zephyr/drivers/interrupt_controller/libdrivers__interrupt_controller.a(intc_exti_stm32.c.obj)
 .rodata.line_range_9.6
                0x0000000008004391        0x2 zephyr/drivers/interrupt_controller/libdrivers__interrupt_controller.a(intc_exti_stm32.c.obj)
 .rodata.line_range_8.7
                0x0000000008004393        0x2 zephyr/drivers/interrupt_controller/libdrivers__interrupt_controller.a(intc_exti_stm32.c.obj)
 .rodata.line_range_7.8
                0x0000000008004395        0x2 zephyr/drivers/interrupt_controller/libdrivers__interrupt_controller.a(intc_exti_stm32.c.obj)
 .rodata.line_range_6.9
                0x0000000008004397        0x2 zephyr/drivers/interrupt_controller/libdrivers__interrupt_controller.a(intc_exti_stm32.c.obj)
 .rodata.line_range_5.10
                0x0000000008004399        0x2 zephyr/drivers/interrupt_controller/libdrivers__interrupt_controller.a(intc_exti_stm32.c.obj)
 .rodata.line_range_4.11
                0x000000000800439b        0x2 zephyr/drivers/interrupt_controller/libdrivers__interrupt_controller.a(intc_exti_stm32.c.obj)
 .rodata.line_range_3.12
                0x000000000800439d        0x2 zephyr/drivers/interrupt_controller/libdrivers__interrupt_controller.a(intc_exti_stm32.c.obj)
 .rodata.line_range_2.13
                0x000000000800439f        0x2 zephyr/drivers/interrupt_controller/libdrivers__interrupt_controller.a(intc_exti_stm32.c.obj)
 .rodata.line_range_1.14
                0x00000000080043a1        0x2 zephyr/drivers/interrupt_controller/libdrivers__interrupt_controller.a(intc_exti_stm32.c.obj)
 .rodata.line_range_0.15
                0x00000000080043a3        0x2 zephyr/drivers/interrupt_controller/libdrivers__interrupt_controller.a(intc_exti_stm32.c.obj)
 .rodata.str1.1
                0x00000000080043a5       0x1e zephyr/drivers/interrupt_controller/libdrivers__interrupt_controller.a(intc_exti_stm32.c.obj)
 .rodata.str1.1
                0x00000000080043c3        0xd zephyr/drivers/clock_control/libdrivers__clock_control.a(clock_stm32_ll_h5.c.obj)
 .rodata.str1.1
                0x00000000080043d0       0x7e zephyr/drivers/gpio/libdrivers__gpio.a(gpio_stm32.c.obj)
 .rodata.str1.1
                0x000000000800444e       0x11 zephyr/drivers/reset/libdrivers__reset.a(reset_stm32.c.obj)
 .rodata.str1.1
                0x000000000800445f       0x20 zephyr/drivers/serial/libdrivers__serial.a(uart_stm32.c.obj)
 .rodata.z_cstart.str1.1
                0x000000000800447f        0x5 zephyr/kernel/libkernel.a(init.c.obj)
 .rodata.boot_banner.str1.1
                0x0000000008004484       0x3b zephyr/kernel/libkernel.a(banner.c.obj)
 .rodata.__l_vfprintf.str1.1
                0x00000000080044bf        0xf c:\users\exito\zephyr-sdk-0.17.0\arm-zephyr-eabi\bin\../lib/gcc/../../picolibc/arm-zephyr-eabi/lib/thumb/v8-m.main/nofp\libc.a(libc_tinystdio_vflprintf.c.o)
 *(SORT_BY_ALIGNMENT(.gnu.linkonce.r.*))
                0x00000000080044d0                . = ALIGN (0x4)
 *fill*         0x00000000080044ce        0x2 
                0x00000000080044d0                __rodata_region_end = .
                0x00000000080044e0                . = ALIGN (_region_min_align)
                0x00000000080044e0                __rom_region_end = ((__rom_region_start + .) - ADDR (rom_start))

/DISCARD/
 *(SORT_BY_ALIGNMENT(.got.plt))
 *(SORT_BY_ALIGNMENT(.igot.plt))
 *(SORT_BY_ALIGNMENT(.got))
 *(SORT_BY_ALIGNMENT(.igot))
                0x0000000020000000                . = 0x20000000
                0x0000000020000000                . = ALIGN (_region_min_align)
                0x0000000020000000                _image_ram_start = .

.ramfunc        0x0000000020000000        0x0 load address 0x00000000080044d0
                0x0000000020000000                __ramfunc_region_start = .
                0x0000000020000000                . = ALIGN (_region_min_align)
                0x0000000020000000                __ramfunc_start = .
 *(SORT_BY_ALIGNMENT(.ramfunc))
 *(SORT_BY_ALIGNMENT(.ramfunc.*))
                0x0000000020000000                . = ALIGN (_region_min_align)
                0x0000000020000000                __ramfunc_end = .
                0x0000000000000000                __ramfunc_size = (__ramfunc_end - __ramfunc_start)
                0x00000000080044d0                __ramfunc_load_start = LOADADDR (.ramfunc)

datas           0x0000000020000000       0x64 load address 0x00000000080044d0
                0x0000000020000000                __data_region_start = .
                0x0000000020000000                __data_start = .
 *(SORT_BY_ALIGNMENT(.data))
 *(SORT_BY_ALIGNMENT(.data.*))
 .data._char_out
                0x0000000020000000        0x4 zephyr/libzephyr.a(printk.c.obj)
 .data.handler  0x0000000020000004        0x4 zephyr/arch/arch/arm/core/libarch__arm__core.a(nmi.c.obj)
 .data.__stdout
                0x0000000020000008       0x10 zephyr/lib/libc/picolibc/liblib__libc__picolibc.a(stdio.c.obj)
 .data.uart_stm32_data_1
                0x0000000020000018        0x8 zephyr/drivers/serial/libdrivers__serial.a(uart_stm32.c.obj)
 .data.uart_cfg_1
                0x0000000020000020        0x8 zephyr/drivers/serial/libdrivers__serial.a(uart_stm32.c.obj)
 .data.uart_stm32_data_0
                0x0000000020000028        0x8 zephyr/drivers/serial/libdrivers__serial.a(uart_stm32.c.obj)
 .data.uart_cfg_0
                0x0000000020000030        0x8 zephyr/drivers/serial/libdrivers__serial.a(uart_stm32.c.obj)
 .data.SystemCoreClock
                0x0000000020000038        0x4 modules/hal_stm32/stm32cube/lib..__modules__hal__stm32__stm32cube.a(system_stm32h5xx.c.obj)
                0x0000000020000038                SystemCoreClock
 .data.timeout_list
                0x000000002000003c        0x8 zephyr/kernel/libkernel.a(timeout.c.obj)
 .data.exti_irq_table
                0x0000000020000044       0x20 zephyr/drivers/interrupt_controller/libdrivers__interrupt_controller.a(intc_exti_stm32.c.obj)
 *(SORT_BY_ALIGNMENT(.kernel.*))
                0x0000000020000064                __data_end = .
                0x0000000000000064                __data_size = (__data_end - __data_start)
                0x00000000080044d0                __data_load_start = LOADADDR (datas)
                0x00000000080044d0                __data_region_load_start = LOADADDR (datas)

device_states   0x0000000020000064       0x1c load address 0x0000000008004534
                0x0000000020000064                __device_states_start = .
 *(SORT_BY_ALIGNMENT(.z_devstate))
 .z_devstate    0x0000000020000064        0x2 zephyr/drivers/interrupt_controller/libdrivers__interrupt_controller.a(intc_exti_stm32.c.obj)
 .z_devstate    0x0000000020000066        0x2 zephyr/drivers/clock_control/libdrivers__clock_control.a(clock_stm32_ll_h5.c.obj)
 .z_devstate    0x0000000020000068       0x12 zephyr/drivers/gpio/libdrivers__gpio.a(gpio_stm32.c.obj)
 .z_devstate    0x000000002000007a        0x2 zephyr/drivers/reset/libdrivers__reset.a(reset_stm32.c.obj)
 .z_devstate    0x000000002000007c        0x4 zephyr/drivers/serial/libdrivers__serial.a(uart_stm32.c.obj)
 *(SORT_BY_ALIGNMENT(.z_devstate.*))
                0x0000000020000080                __device_states_end = .

log_mpsc_pbuf_area
                0x0000000020000080        0x0 load address 0x0000000008004550
                0x0000000020000080                _log_mpsc_pbuf_list_start = .
 *(SORT_BY_NAME(SORT_BY_ALIGNMENT(._log_mpsc_pbuf.static.*)))
                0x0000000020000080                _log_mpsc_pbuf_list_end = .

log_msg_ptr_area
                0x0000000020000080        0x0 load address 0x0000000008004550
                0x0000000020000080                _log_msg_ptr_list_start = .
 *(SORT_BY_NAME(SORT_BY_ALIGNMENT(._log_msg_ptr.static.*)))
                0x0000000020000080                _log_msg_ptr_list_end = .

log_dynamic_area
                0x0000000020000080        0x0 load address 0x0000000008004550
                0x0000000020000080                _log_dynamic_list_start = .
 *(SORT_BY_NAME(SORT_BY_ALIGNMENT(._log_dynamic.static.*)))
                0x0000000020000080                _log_dynamic_list_end = .

k_timer_area    0x0000000020000080        0x0 load address 0x0000000008004550
                0x0000000020000080                _k_timer_list_start = .
 *(SORT_BY_NAME(SORT_BY_ALIGNMENT(._k_timer.static.*)))
                0x0000000020000080                _k_timer_list_end = .

k_mem_slab_area
                0x0000000020000080        0x0 load address 0x0000000008004550
                0x0000000020000080                _k_mem_slab_list_start = .
 *(SORT_BY_NAME(SORT_BY_ALIGNMENT(._k_mem_slab.static.*)))
                0x0000000020000080                _k_mem_slab_list_end = .

k_heap_area     0x0000000020000080        0x0 load address 0x0000000008004550
                0x0000000020000080                _k_heap_list_start = .
 *(SORT_BY_NAME(SORT_BY_ALIGNMENT(._k_heap.static.*)))
                0x0000000020000080                _k_heap_list_end = .

k_mutex_area    0x0000000020000080        0x0 load address 0x0000000008004550
                0x0000000020000080                _k_mutex_list_start = .
 *(SORT_BY_NAME(SORT_BY_ALIGNMENT(._k_mutex.static.*)))
                0x0000000020000080                _k_mutex_list_end = .

k_stack_area    0x0000000020000080        0x0 load address 0x0000000008004550
                0x0000000020000080                _k_stack_list_start = .
 *(SORT_BY_NAME(SORT_BY_ALIGNMENT(._k_stack.static.*)))
                0x0000000020000080                _k_stack_list_end = .

k_msgq_area     0x0000000020000080        0x0 load address 0x0000000008004550
                0x0000000020000080                _k_msgq_list_start = .
 *(SORT_BY_NAME(SORT_BY_ALIGNMENT(._k_msgq.static.*)))
                0x0000000020000080                _k_msgq_list_end = .

k_mbox_area     0x0000000020000080        0x0 load address 0x0000000008004550
                0x0000000020000080                _k_mbox_list_start = .
 *(SORT_BY_NAME(SORT_BY_ALIGNMENT(._k_mbox.static.*)))
                0x0000000020000080                _k_mbox_list_end = .

k_pipe_area     0x0000000020000080        0x0 load address 0x0000000008004550
                0x0000000020000080                _k_pipe_list_start = .
 *(SORT_BY_NAME(SORT_BY_ALIGNMENT(._k_pipe.static.*)))
                0x0000000020000080                _k_pipe_list_end = .

k_sem_area      0x0000000020000080        0x0 load address 0x0000000008004550
                0x0000000020000080                _k_sem_list_start = .
 *(SORT_BY_NAME(SORT_BY_ALIGNMENT(._k_sem.static.*)))
                0x0000000020000080                _k_sem_list_end = .

k_event_area    0x0000000020000080        0x0 load address 0x0000000008004550
                0x0000000020000080                _k_event_list_start = .
 *(SORT_BY_NAME(SORT_BY_ALIGNMENT(._k_event.static.*)))
                0x0000000020000080                _k_event_list_end = .

k_queue_area    0x0000000020000080        0x0 load address 0x0000000008004550
                0x0000000020000080                _k_queue_list_start = .
 *(SORT_BY_NAME(SORT_BY_ALIGNMENT(._k_queue.static.*)))
                0x0000000020000080                _k_queue_list_end = .

k_fifo_area     0x0000000020000080        0x0 load address 0x0000000008004550
                0x0000000020000080                _k_fifo_list_start = .
 *(SORT_BY_NAME(SORT_BY_ALIGNMENT(._k_fifo.static.*)))
                0x0000000020000080                _k_fifo_list_end = .

k_lifo_area     0x0000000020000080        0x0 load address 0x0000000008004550
                0x0000000020000080                _k_lifo_list_start = .
 *(SORT_BY_NAME(SORT_BY_ALIGNMENT(._k_lifo.static.*)))
                0x0000000020000080                _k_lifo_list_end = .

k_condvar_area  0x0000000020000080        0x0 load address 0x0000000008004550
                0x0000000020000080                _k_condvar_list_start = .
 *(SORT_BY_NAME(SORT_BY_ALIGNMENT(._k_condvar.static.*)))
                0x0000000020000080                _k_condvar_list_end = .

sys_mem_blocks_ptr_area
                0x0000000020000080        0x0 load address 0x0000000008004550