Archive member included to satisfy reference by file (symbol)

app/libapp.a(main.c.obj)      (--whole-archive)
app/libapp.a(buzzer.c.obj)    (--whole-archive)
app/libapp.a(led.c.obj)       (--whole-archive)
app/libapp.a(led1.c.obj)      (--whole-archive)
app/libapp.a(uart_com.c.obj)  (--whole-archive)
app/libapp.a(protocol_check.c.obj)
                              (--whole-archive)
zephyr/libzephyr.a(heap.c.obj)
                              (--whole-archive)
zephyr/libzephyr.a(cbprintf_packaged.c.obj)
                              (--whole-archive)
zephyr/libzephyr.a(printk.c.obj)
                              (--whole-archive)
zephyr/libzephyr.a(sem.c.obj)
                              (--whole-archive)
zephyr/libzephyr.a(thread_entry.c.obj)
                              (--whole-archive)
zephyr/libzephyr.a(cbprintf_complete.c.obj)
                              (--whole-archive)
zephyr/libzephyr.a(assert.c.obj)
                              (--whole-archive)
zephyr/libzephyr.a(reboot.c.obj)
                              (--whole-archive)
zephyr/libzephyr.a(dec.c.obj)
                              (--whole-archive)
zephyr/libzephyr.a(hex.c.obj)
                              (--whole-archive)
zephyr/libzephyr.a(rb.c.obj)  (--whole-archive)
zephyr/libzephyr.a(timeutil.c.obj)
                              (--whole-archive)
zephyr/libzephyr.a(bitarray.c.obj)
                              (--whole-archive)
zephyr/libzephyr.a(configs.c.obj)
                              (--whole-archive)
zephyr/libzephyr.a(stm32cube_hal.c.obj)
                              (--whole-archive)
zephyr/libzephyr.a(soc_config.c.obj)
                              (--whole-archive)
zephyr/libzephyr.a(soc.c.obj)
                              (--whole-archive)
zephyr/libzephyr.a(mem_attr.c.obj)
                              (--whole-archive)
zephyr/libzephyr.a(tracing_none.c.obj)
                              (--whole-archive)
zephyr/arch/common/libarch__common.a(sw_isr_common.c.obj)
                              (--whole-archive)
zephyr/arch/arch/arm/core/libarch__arm__core.a(fatal.c.obj)
                              (--whole-archive)
zephyr/arch/arch/arm/core/libarch__arm__core.a(nmi.c.obj)
                              (--whole-archive)
zephyr/arch/arch/arm/core/libarch__arm__core.a(nmi_on_reset.S.obj)
                              (--whole-archive)
zephyr/arch/arch/arm/core/libarch__arm__core.a(tls.c.obj)
                              (--whole-archive)
zephyr/arch/arch/arm/core/cortex_m/libarch__arm__core__cortex_m.a(exc_exit.c.obj)
                              (--whole-archive)
zephyr/arch/arch/arm/core/cortex_m/libarch__arm__core__cortex_m.a(fault.c.obj)
                              (--whole-archive)
zephyr/arch/arch/arm/core/cortex_m/libarch__arm__core__cortex_m.a(fault_s.S.obj)
                              (--whole-archive)
zephyr/arch/arch/arm/core/cortex_m/libarch__arm__core__cortex_m.a(fpu.c.obj)
                              (--whole-archive)
zephyr/arch/arch/arm/core/cortex_m/libarch__arm__core__cortex_m.a(reset.S.obj)
                              (--whole-archive)
zephyr/arch/arch/arm/core/cortex_m/libarch__arm__core__cortex_m.a(scb.c.obj)
                              (--whole-archive)
zephyr/arch/arch/arm/core/cortex_m/libarch__arm__core__cortex_m.a(thread_abort.c.obj)
                              (--whole-archive)
zephyr/arch/arch/arm/core/cortex_m/libarch__arm__core__cortex_m.a(vector_table.S.obj)
                              (--whole-archive)
zephyr/arch/arch/arm/core/cortex_m/libarch__arm__core__cortex_m.a(swap.c.obj)
                              (--whole-archive)
zephyr/arch/arch/arm/core/cortex_m/libarch__arm__core__cortex_m.a(swap_helper.S.obj)
                              (--whole-archive)
zephyr/arch/arch/arm/core/cortex_m/libarch__arm__core__cortex_m.a(irq_manage.c.obj)
                              (--whole-archive)
zephyr/arch/arch/arm/core/cortex_m/libarch__arm__core__cortex_m.a(prep_c.c.obj)
                              (--whole-archive)
zephyr/arch/arch/arm/core/cortex_m/libarch__arm__core__cortex_m.a(thread.c.obj)
                              (--whole-archive)
zephyr/arch/arch/arm/core/cortex_m/libarch__arm__core__cortex_m.a(cpu_idle.c.obj)
                              (--whole-archive)
zephyr/arch/arch/arm/core/cortex_m/libarch__arm__core__cortex_m.a(irq_init.c.obj)
                              (--whole-archive)
zephyr/arch/arch/arm/core/cortex_m/libarch__arm__core__cortex_m.a(isr_wrapper.c.obj)
                              (--whole-archive)
zephyr/arch/arch/arm/core/cortex_m/libarch__arm__core__cortex_m.a(__aeabi_read_tp.S.obj)
                              (--whole-archive)
zephyr/arch/arch/arm/core/cortex_m/cmse/libarch__arm__core__cortex_m__cmse.a(arm_core_cmse.c.obj)
                              (--whole-archive)
zephyr/arch/arch/arm/core/mpu/libarch__arm__core__mpu.a(arm_core_mpu.c.obj)
                              (--whole-archive)
[...]
Memory Configuration

Name             Origin             Length             Attributes
FLASH            0x0000000008000000 0x0000000000200000 xr
RAM              0x0000000020000000 0x0000000000040000 xw
SRAM1            0x0000000020000000 0x0000000000040000
SRAM2            0x0000000020040000 0x0000000000010000
SRAM3            0x0000000020050000 0x0000000000050000
IDT_LIST         0x00000000ffff7fff 0x0000000000008000 xw
*default*        0x0000000000000000 0xffffffffffffffff

Linker script and memory map

                0x0000000008003608                vfprintf = __d_vfprintf
                0x0000000000000000                vfscanf = __d_vfscanf
LOAD zephyr/CMakeFiles/zephyr_pre0.dir/misc/empty_file.c.obj
LOAD zephyr/CMakeFiles/offsets.dir/./arch/arm/core/offsets/offsets.c.obj
LOAD app/libapp.a
LOAD zephyr/libzephyr.a
LOAD zephyr/arch/common/libarch__common.a
LOAD zephyr/arch/arch/arm/core/libarch__arm__core.a
LOAD zephyr/arch/arch/arm/core/cortex_m/libarch__arm__core__cortex_m.a
LOAD zephyr/arch/arch/arm/core/cortex_m/cmse/libarch__arm__core__cortex_m__cmse.a
LOAD zephyr/arch/arch/arm/core/mpu/libarch__arm__core__mpu.a
LOAD zephyr/lib/libc/picolibc/liblib__libc__picolibc.a
LOAD zephyr/lib/libc/common/liblib__libc__common.a
LOAD zephyr/drivers/interrupt_controller/libdrivers__interrupt_controller.a
LOAD zephyr/drivers/clock_control/libdrivers__clock_control.a
LOAD zephyr/drivers/console/libdrivers__console.a
LOAD zephyr/drivers/gpio/libdrivers__gpio.a
LOAD zephyr/drivers/pinctrl/libdrivers__pinctrl.a
LOAD zephyr/drivers/reset/libdrivers__reset.a
LOAD zephyr/drivers/serial/libdrivers__serial.a
LOAD zephyr/drivers/timer/libdrivers__timer.a
LOAD modules/hal_stm32/stm32cube/lib..__modules__hal__stm32__stm32cube.a
LOAD modules/segger/libmodules__segger.a
LOAD zephyr/kernel/libkernel.a
LOAD zephyr/arch/common/libisr_tables.a
LOAD c:\users\exito\zephyr-sdk-0.17.0\arm-zephyr-eabi\bin\../lib/gcc/../../picolibc/arm-zephyr-eabi/lib/thumb/v8-m.main/nofp\libc.a
LOAD c:/users/exito/zephyr-sdk-0.17.0/arm-zephyr-eabi/bin/../lib/gcc/arm-zephyr-eabi/12.2.0/thumb/v8-m.main/nofp\libgcc.a
                0x0000000000000020                _region_min_align = 0x20

.rel.plt        0x0000000008000000        0x0
 *(SORT_BY_ALIGNMENT(.rel.plt))
                [!provide]                        PROVIDE (__rel_iplt_start = .)
 *(SORT_BY_ALIGNMENT(.rel.iplt))
 .rel.iplt      0x0000000008000000        0x0 app/libapp.a(main.c.obj)
                [!provide]                        PROVIDE (__rel_iplt_end = .)

.rela.plt       0x0000000000000000        0x0
 *(SORT_BY_ALIGNMENT(.rela.plt))
                [!provide]                        PROVIDE (__rela_iplt_start = .)
 *(SORT_BY_ALIGNMENT(.rela.iplt))
                [!provide]                        PROVIDE (__rela_iplt_end = .)

.rel.dyn
 *(SORT_BY_ALIGNMENT(.rel.*))

.rela.dyn
 *(SORT_BY_ALIGNMENT(.rela.*))

/DISCARD/
 *(SORT_BY_ALIGNMENT(.plt))

/DISCARD/
 *(SORT_BY_ALIGNMENT(.iplt))
                0x0000000008000000                __rom_region_start = 0x8000000

rom_start       0x0000000008000000      0x24c
                0x0000000008000000                __rom_start_address = .
 FILL mask 0x00
                0x0000000008000000                . = (. + (0x0 - (. - __rom_start_address)))
                0x0000000008000000                . = ALIGN (0x4)
                0x0000000008000000                . = ALIGN (0x80)
                0x0000000008000000                . = ALIGN (0x400)
                0x0000000008000000                _vector_start = .
 *(SORT_BY_ALIGNMENT(.exc_vector_table))
 *(SORT_BY_ALIGNMENT(.exc_vector_table.*))
 .exc_vector_table._vector_table_section
                0x0000000008000000       0x40 zephyr/arch/arch/arm/core/cortex_m/libarch__arm__core__cortex_m.a(vector_table.S.obj)
                0x0000000008000000                _vector_table
 *(SORT_BY_ALIGNMENT(.vectors))
                0x000000000800024c                _vector_end = .
                0x0000000008000040                . = ALIGN (0x4)
 *(SORT_BY_ALIGNMENT(.gnu.linkonce.irq_vector_table*))
 .gnu.linkonce.irq_vector_table
                0x0000000008000040      0x20c zephyr/arch/common/libisr_tables.a(isr_tables.c.obj)
                0x0000000008000040                _irq_vector_table
                0x000000000800024c                _vector_end = .

text            0x0000000008000250     0x56cc
                0x0000000008000250                __text_region_start = .
 *(SORT_BY_ALIGNMENT(.text))
 .text          0x0000000008000250      0x378 c:/users/exito/zephyr-sdk-0.17.0/arm-zephyr-eabi/bin/../lib/gcc/arm-zephyr-eabi/12.2.0/thumb/v8-m.main/nofp\libgcc.a(_arm_addsubdf3.o)
                0x0000000008000250                __aeabi_drsub
                0x0000000008000258                __aeabi_dsub
                0x0000000008000258                __subdf3
                0x000000000800025c                __aeabi_dadd
                0x000000000800025c                __adddf3
                0x00000000080004d4                __floatunsidf
                0x00000000080004d4                __aeabi_ui2d
                0x00000000080004f4                __floatsidf
                0x00000000080004f4                __aeabi_i2d
                0x0000000008000518                __aeabi_f2d
                0x0000000008000518                __extendsfdf2
                0x000000000800055c                __floatundidf
                0x000000000800055c                __aeabi_ul2d
                0x000000000800056c                __floatdidf
                0x000000000800056c                __aeabi_l2d
 .text          0x00000000080005c8       0x30 c:/users/exito/zephyr-sdk-0.17.0/arm-zephyr-eabi/bin/../lib/gcc/arm-zephyr-eabi/12.2.0/thumb/v8-m.main/nofp\libgcc.a(_aeabi_uldivmod.o)
                0x00000000080005c8                __aeabi_uldivmod
 .text          0x00000000080005f8        0x4 c:/users/exito/zephyr-sdk-0.17.0/arm-zephyr-eabi/bin/../lib/gcc/arm-zephyr-eabi/12.2.0/thumb/v8-m.main/nofp\libgcc.a(_dvmd_tls.o)
                0x00000000080005f8                __aeabi_idiv0
                0x00000000080005f8                __aeabi_ldiv0
 .text          0x00000000080005fc      0x29c c:/users/exito/zephyr-sdk-0.17.0/arm-zephyr-eabi/bin/../lib/gcc/arm-zephyr-eabi/12.2.0/thumb/v8-m.main/nofp\libgcc.a(_udivmoddi4.o)
                0x00000000080005fc                __udivmoddi4
 *(SORT_BY_ALIGNMENT(.text.*))
 .text.main     0x0000000008000898      0x29c app/libapp.a(main.c.obj)
                0x0000000008000898                main
 .text.uart_irq_callback_user_data_set.constprop.0.isra.0
                0x0000000008000b34       0x14 app/libapp.a(main.c.obj)
 .text.led_init
                0x0000000008000b48       0x1c app/libapp.a(led.c.obj)
                0x0000000008000b48                led_init
 .text.led1_init
                0x0000000008000b64       0x1c app/libapp.a(led1.c.obj)
                0x0000000008000b64                led1_init
 .text.uart_callback
                0x0000000008000b80       0x84 app/libapp.a(uart_com.c.obj)
                0x0000000008000b80                uart_callback
 .text.check_device
                0x0000000008000c04       0x74 app/libapp.a(protocol_check.c.obj)
                0x0000000008000c04                check_device
 .text.char_out
                0x0000000008000c78        0xc zephyr/libzephyr.a(printk.c.obj)
 .text.__printk_hook_install
                0x0000000008000c84        0xc zephyr/libzephyr.a(printk.c.obj)
                0x0000000008000c84                __printk_hook_install
 .text.vprintk  0x0000000008000c90       0x30 zephyr/libzephyr.a(printk.c.obj)
                0x0000000008000c90                vprintk
 .text.z_thread_entry
                0x0000000008000cc0       0x34 zephyr/libzephyr.a(thread_entry.c.obj)
                0x0000000008000cc0                z_thread_entry
 .text.st_stm32_common_config
                0x0000000008000cf4       0x34 zephyr/libzephyr.a(soc_config.c.obj)
 .text.soc_early_init_hook
                0x0000000008000d28       0x34 zephyr/libzephyr.a(soc.c.obj)
                0x0000000008000d28                soc_early_init_hook
 .text.mem_attr_get_regions
                0x0000000008000d5c        0xc zephyr/libzephyr.a(mem_attr.c.obj)
                0x0000000008000d5c                mem_attr_get_regions
 .text.z_arm_nmi
                0x0000000008000d68       0x14 zephyr/arch/arch/arm/core/libarch__arm__core.a(nmi.c.obj)
                0x0000000008000d68                z_arm_nmi
 .text.z_SysNmiOnReset
                0x0000000008000d7c        0x8 zephyr/arch/arch/arm/core/libarch__arm__core.a(nmi_on_reset.S.obj)
                0x0000000008000d7c                z_SysNmiOnReset
 .text.arch_tls_stack_setup
                0x0000000008000d84       0x40 zephyr/arch/arch/arm/core/libarch__arm__core.a(tls.c.obj)
                0x0000000008000d84                arch_tls_stack_setup
 .text._HandlerModeExit
                0x0000000008000dc4       0x28 zephyr/arch/arch/arm/core/cortex_m/libarch__arm__core__cortex_m.a(exc_exit.c.obj)
                0x0000000008000dc4                z_arm_int_exit
                0x0000000008000dc4                z_arm_exc_exit
 .text.usage_fault.constprop.0
                0x0000000008000dec       0x5c zephyr/arch/arch/arm/core/cortex_m/libarch__arm__core__cortex_m.a(fault.c.obj)
 .text.bus_fault.constprop.0
                0x0000000008000e48       0x6c zephyr/arch/arch/arm/core/cortex_m/libarch__arm__core__cortex_m.a(fault.c.obj)
 .text.mem_manage_fault.constprop.0
                0x0000000008000eb4       0x78 zephyr/arch/arch/arm/core/cortex_m/libarch__arm__core__cortex_m.a(fault.c.obj)
 .text.z_arm_fault
                0x0000000008000f2c      0x124 zephyr/arch/arch/arm/core/cortex_m/libarch__arm__core__cortex_m.a(fault.c.obj)
                0x0000000008000f2c                z_arm_fault
 .text.z_arm_fault_init
                0x0000000008001050       0x20 zephyr/arch/arch/arm/core/cortex_m/libarch__arm__core__cortex_m.a(fault.c.obj)
                0x0000000008001050                z_arm_fault_init
 .text.__fault  0x0000000008001070       0x14 zephyr/arch/arch/arm/core/cortex_m/libarch__arm__core__cortex_m.a(fault_s.S.obj)
                0x0000000008001070                z_arm_usage_fault
                0x0000000008001070                z_arm_mpu_fault
                0x0000000008001070                z_arm_exc_spurious
                0x0000000008001070                z_arm_debug_monitor
                0x0000000008001070                z_arm_hard_fault
                0x0000000008001070                z_arm_bus_fault
 .text._reset_section
                0x0000000008001084       0x2c zephyr/arch/arch/arm/core/cortex_m/libarch__arm__core__cortex_m.a(reset.S.obj)
                0x0000000008001084                __start
                0x0000000008001084                z_arm_reset
 .text.z_impl_k_thread_abort
                0x00000000080010b0       0x2c zephyr/arch/arch/arm/core/cortex_m/libarch__arm__core__cortex_m.a(thread_abort.c.obj)
                0x00000000080010b0                z_impl_k_thread_abort
 .text.arch_swap
                0x00000000080010dc       0x30 zephyr/arch/arch/arm/core/cortex_m/libarch__arm__core__cortex_m.a(swap.c.obj)
                0x00000000080010dc                arch_swap
 .text.z_arm_pendsv
                0x000000000800110c       0x68 zephyr/arch/arch/arm/core/cortex_m/libarch__arm__core__cortex_m.a(swap_helper.S.obj)
                0x000000000800110c                z_arm_pendsv
 .text.z_arm_svc
                0x0000000008001174       0x24 zephyr/arch/arch/arm/core/cortex_m/libarch__arm__core__cortex_m.a(swap_helper.S.obj)
                0x0000000008001174                z_arm_svc
 .text.arch_irq_enable
                0x0000000008001198       0x1c zephyr/arch/arch/arm/core/cortex_m/libarch__arm__core__cortex_m.a(irq_manage.c.obj)
                0x0000000008001198                arch_irq_enable
 .text.z_arm_irq_priority_set
                0x00000000080011b4       0x2c zephyr/arch/arch/arm/core/cortex_m/libarch__arm__core__cortex_m.a(irq_manage.c.obj)
                0x00000000080011b4                z_arm_irq_priority_set
 .text.z_prep_c
                0x00000000080011e0       0x48 zephyr/arch/arch/arm/core/cortex_m/libarch__arm__core__cortex_m.a(prep_c.c.obj)
                0x00000000080011e0                z_prep_c
 .text.arch_new_thread
                0x0000000008001228       0x38 zephyr/arch/arch/arm/core/cortex_m/libarch__arm__core__cortex_m.a(thread.c.obj)
                0x0000000008001228                arch_new_thread
 .text.arch_switch_to_main_thread
                0x0000000008001260       0x48 zephyr/arch/arch/arm/core/cortex_m/libarch__arm__core__cortex_m.a(thread.c.obj)
                0x0000000008001260                arch_switch_to_main_thread
 .text.z_arm_cpu_idle_init
                0x00000000080012a8        0xc zephyr/arch/arch/arm/core/cortex_m/libarch__arm__core__cortex_m.a(cpu_idle.c.obj)
                0x00000000080012a8                z_arm_cpu_idle_init
 .text.z_arm_interrupt_init
                0x00000000080012b4       0x18 zephyr/arch/arch/arm/core/cortex_m/libarch__arm__core__cortex_m.a(irq_init.c.obj)
                0x00000000080012b4                z_arm_interrupt_init
 .text._isr_wrapper
                0x00000000080012cc       0x24 zephyr/arch/arch/arm/core/cortex_m/libarch__arm__core__cortex_m.a(isr_wrapper.c.obj)
                0x00000000080012cc                _isr_wrapper
 .text.z_arm_configure_static_mpu_regions
                0x00000000080012f0       0x38 zephyr/arch/arch/arm/core/mpu/libarch__arm__core__mpu.a(arm_core_mpu.c.obj)
                0x00000000080012f0                z_arm_configure_static_mpu_regions
 .text.region_init
                0x0000000008001328       0x34 zephyr/arch/arch/arm/core/mpu/libarch__arm__core__mpu.a(arm_mpu.c.obj)
 .text.region_allocate_and_init
                0x000000000800135c       0x24 zephyr/arch/arch/arm/core/mpu/libarch__arm__core__mpu.a(arm_mpu.c.obj)
 .text.mpu_configure_regions_and_partition.constprop.0
                0x0000000008001380      0x148 zephyr/arch/arch/arm/core/mpu/libarch__arm__core__mpu.a(arm_mpu.c.obj)
 .text.arm_core_mpu_enable
                0x00000000080014c8       0x18 zephyr/arch/arch/arm/core/mpu/libarch__arm__core__mpu.a(arm_mpu.c.obj)
                0x00000000080014c8                arm_core_mpu_enable
 .text.arm_core_mpu_disable
                0x00000000080014e0       0x14 zephyr/arch/arch/arm/core/mpu/libarch__arm__core__mpu.a(arm_mpu.c.obj)
                0x00000000080014e0                arm_core_mpu_disable
 .text.arm_core_mpu_configure_static_mpu_regions
                0x00000000080014f4       0x14 zephyr/arch/arch/arm/core/mpu/libarch__arm__core__mpu.a(arm_mpu.c.obj)
                0x00000000080014f4                arm_core_mpu_configure_static_mpu_regions
 .text.arm_core_mpu_mark_areas_for_dynamic_regions
                0x0000000008001508       0xb8 zephyr/arch/arch/arm/core/mpu/libarch__arm__core__mpu.a(arm_mpu.c.obj)
                0x0000000008001508                arm_core_mpu_mark_areas_for_dynamic_regions
 .text.z_arm_mpu_init
                0x00000000080015c0      0x11c zephyr/arch/arch/arm/core/mpu/libarch__arm__core__mpu.a(arm_mpu.c.obj)
                0x00000000080015c0                z_arm_mpu_init
 .text.z_impl_zephyr_fputc
                0x00000000080016dc       0x10 zephyr/lib/libc/picolibc/liblib__libc__picolibc.a(stdio.c.obj)
                0x00000000080016dc                z_impl_zephyr_fputc
 .text.__stdout_hook_install
                0x00000000080016ec       0x18 zephyr/lib/libc/picolibc/liblib__libc__picolibc.a(stdio.c.obj)
                0x00000000080016ec                __stdout_hook_install
 .text.malloc_prepare
                0x0000000008001704       0x24 zephyr/lib/libc/common/liblib__libc__common.a(malloc.c.obj)
 .text.stm32_exti_isr
                0x0000000008001728       0x50 zephyr/drivers/interrupt_controller/libdrivers__interrupt_controller.a(intc_exti_stm32.c.obj)
 .text.stm32_fill_irq_table.constprop.0
                0x0000000008001778        0xc zephyr/drivers/interrupt_controller/libdrivers__interrupt_controller.a(intc_exti_stm32.c.obj)
 .text.stm32_gpio_intc_enable_line
                0x0000000008001784       0x30 zephyr/drivers/interrupt_controller/libdrivers__interrupt_controller.a(intc_exti_stm32.c.obj)
                0x0000000008001784                stm32_gpio_intc_enable_line
 .text.stm32_gpio_intc_disable_line
                0x00000000080017b4       0x14 zephyr/drivers/interrupt_controller/libdrivers__interrupt_controller.a(intc_exti_stm32.c.obj)
                0x00000000080017b4                stm32_gpio_intc_disable_line
 .text.stm32_gpio_intc_select_line_trigger
                0x00000000080017c8       0x50 zephyr/drivers/interrupt_controller/libdrivers__interrupt_controller.a(intc_exti_stm32.c.obj)
                0x00000000080017c8                stm32_gpio_intc_select_line_trigger
 .text.stm32_gpio_intc_set_irq_callback
                0x0000000008001818       0x40 zephyr/drivers/interrupt_controller/libdrivers__interrupt_controller.a(intc_exti_stm32.c.obj)
                0x0000000008001818                stm32_gpio_intc_set_irq_callback
 .text.stm32_gpio_intc_remove_irq_callback
                0x0000000008001858       0x24 zephyr/drivers/interrupt_controller/libdrivers__interrupt_controller.a(intc_exti_stm32.c.obj)
                0x0000000008001858                stm32_gpio_intc_remove_irq_callback
 .text.stm32_exti_get_line_src_port
                0x000000000800187c       0x24 zephyr/drivers/interrupt_controller/libdrivers__interrupt_controller.a(intc_exti_stm32.c.obj)
                0x000000000800187c                stm32_exti_get_line_src_port
 .text.stm32_clock_control_get_subsys_rate
                0x00000000080018a0       0x94 zephyr/drivers/clock_control/libdrivers__clock_control.a(clock_stm32_ll_h5.c.obj)
 .text.stm32_clock_control_init
                0x0000000008001934      0x174 zephyr/drivers/clock_control/libdrivers__clock_control.a(clock_stm32_ll_h5.c.obj)
                0x0000000008001934                stm32_clock_control_init
 .text.rtt_console_init
                0x0000000008001aa8       0x18 zephyr/drivers/console/libdrivers__console.a(rtt_console.c.obj)
 .text.rtt_console_out
                0x0000000008001ac0       0x48 zephyr/drivers/console/libdrivers__console.a(rtt_console.c.obj)
 .text.gpio_stm32_pin_interrupt_configure
                0x0000000008001b08       0xb0 zephyr/drivers/gpio/libdrivers__gpio.a(gpio_stm32.c.obj)
 .text.gpio_stm32_init
                0x0000000008001bb8       0x30 zephyr/drivers/gpio/libdrivers__gpio.a(gpio_stm32.c.obj)
 .text.pinctrl_configure_pins
                0x0000000008001be8       0x84 zephyr/drivers/pinctrl/libdrivers__pinctrl.a(pinctrl_stm32.c.obj)
                0x0000000008001be8                pinctrl_configure_pins
 .text.uart_stm32_irq_err_enable
                0x0000000008001c6c      0x10c zephyr/drivers/serial/libdrivers__serial.a(uart_stm32.c.obj)
 .text.uart_stm32_irq_err_disable
                0x0000000008001d78      0x10c zephyr/drivers/serial/libdrivers__serial.a(uart_stm32.c.obj)
 .text.uart_stm32_cfg2ll_stopbits
                0x0000000008001e84       0x4c zephyr/drivers/serial/libdrivers__serial.a(uart_stm32.c.obj)
 .text.lpuartdiv_calc
                0x0000000008001ed0       0x30 zephyr/drivers/serial/libdrivers__serial.a(uart_stm32.c.obj)
                0x0000000008001ed0                lpuartdiv_calc
 .text.uart_stm32_set_baudrate
                0x0000000008001f00       0xbc zephyr/drivers/serial/libdrivers__serial.a(uart_stm32.c.obj)
 .text.uart_stm32_configure
                0x0000000008001fbc      0x1c8 zephyr/drivers/serial/libdrivers__serial.a(uart_stm32.c.obj)
 .text.uart_stm32_init
                0x0000000008002184      0x210 zephyr/drivers/serial/libdrivers__serial.a(uart_stm32.c.obj)
 .text.elapsed  0x0000000008002394       0x4c zephyr/drivers/timer/libdrivers__timer.a(cortex_m_systick.c.obj)
 .text.sys_clock_driver_init
                0x00000000080023e0       0x38 zephyr/drivers/timer/libdrivers__timer.a(cortex_m_systick.c.obj)
 .text.sys_clock_isr
                0x0000000008002418       0x60 zephyr/drivers/timer/libdrivers__timer.a(cortex_m_systick.c.obj)
                0x0000000008002418                sys_clock_isr
 .text.sys_clock_set_timeout
                0x0000000008002478       0xfc zephyr/drivers/timer/libdrivers__timer.a(cortex_m_systick.c.obj)
                0x0000000008002478                sys_clock_set_timeout
 .text.sys_clock_elapsed
                0x0000000008002574       0x3c zephyr/drivers/timer/libdrivers__timer.a(cortex_m_systick.c.obj)
                0x0000000008002574                sys_clock_elapsed
 .text.LL_SetFlashLatency
                0x00000000080025b0      0x140 modules/hal_stm32/stm32cube/lib..__modules__hal__stm32__stm32cube.a(stm32h5xx_ll_utils.c.obj)
                0x00000000080025b0                LL_SetFlashLatency
 .text._DoInit  0x00000000080026f0       0x68 modules/segger/libmodules__segger.a(SEGGER_RTT.c.obj)
 .text.SEGGER_RTT_WriteNoLock
                0x0000000008002758       0x58 modules/segger/libmodules__segger.a(SEGGER_RTT.c.obj)
                0x0000000008002758                SEGGER_RTT_WriteNoLock
 .text.SEGGER_RTT_Write
                0x00000000080027b0       0x34 modules/segger/libmodules__segger.a(SEGGER_RTT.c.obj)
                0x00000000080027b0                SEGGER_RTT_Write
 .text.SEGGER_RTT_Init
                0x00000000080027e4       0x3c modules/segger/libmodules__segger.a(SEGGER_RTT.c.obj)
                0x00000000080027e4                SEGGER_RTT_Init
 .text.z_fatal_error
                0x0000000008002820       0x30 zephyr/kernel/libkernel.a(fatal.c.obj)
                0x0000000008002820                z_fatal_error
 .text.z_sys_init_run_level
                0x0000000008002850       0x2c zephyr/kernel/libkernel.a(init.c.obj)
 .text.bg_thread_main
                0x000000000800287c       0xc4 zephyr/kernel/libkernel.a(init.c.obj)
 .text.z_bss_zero
                0x0000000008002940       0x18 zephyr/kernel/libkernel.a(init.c.obj)
                0x0000000008002940                z_bss_zero
 .text.z_init_cpu
                0x0000000008002958       0x68 zephyr/kernel/libkernel.a(init.c.obj)
                0x0000000008002958                z_init_cpu
 .text.z_cstart
                0x00000000080029c0       0xdc zephyr/kernel/libkernel.a(init.c.obj)
                0x00000000080029c0                z_cstart
 .text.z_setup_new_thread
                0x0000000008002a9c       0x7c zephyr/kernel/libkernel.a(thread.c.obj)
                0x0000000008002a9c                z_setup_new_thread
 .text.unready_thread
                0x0000000008002b18       0x54 zephyr/kernel/libkernel.a(sched.c.obj)
 .text.ready_thread
                0x0000000008002b6c       0x90 zephyr/kernel/libkernel.a(sched.c.obj)
 .text.z_thread_halt
                0x0000000008002bfc      0x10c zephyr/kernel/libkernel.a(sched.c.obj)
 .text.move_thread_to_end_of_prio_q
                0x0000000008002d08       0x94 zephyr/kernel/libkernel.a(sched.c.obj)
                0x0000000008002d08                move_thread_to_end_of_prio_q
 .text.z_impl_k_thread_suspend
                0x0000000008002d9c       0x8c zephyr/kernel/libkernel.a(sched.c.obj)
                0x0000000008002d9c                z_impl_k_thread_suspend
 .text.z_reschedule
                0x0000000008002e28       0x24 zephyr/kernel/libkernel.a(sched.c.obj)
                0x0000000008002e28                z_reschedule
 .text.z_impl_k_thread_resume
                0x0000000008002e4c       0x3c zephyr/kernel/libkernel.a(sched.c.obj)
                0x0000000008002e4c                z_impl_k_thread_resume
 .text.z_reschedule_irqlock
                0x0000000008002e88       0x28 zephyr/kernel/libkernel.a(sched.c.obj)
                0x0000000008002e88                z_reschedule_irqlock
 .text.k_sched_lock
                0x0000000008002eb0       0x28 zephyr/kernel/libkernel.a(sched.c.obj)
                0x0000000008002eb0                k_sched_lock
 .text.k_sched_unlock
                0x0000000008002ed8       0x6c zephyr/kernel/libkernel.a(sched.c.obj)
                0x0000000008002ed8                k_sched_unlock
 .text.z_sched_init
                0x0000000008002f44       0x10 zephyr/kernel/libkernel.a(sched.c.obj)
                0x0000000008002f44                z_sched_init
 .text.z_impl_k_yield
                0x0000000008002f54       0x8c zephyr/kernel/libkernel.a(sched.c.obj)
                0x0000000008002f54                z_impl_k_yield
 .text.z_tick_sleep
                0x0000000008002fe0       0x80 zephyr/kernel/libkernel.a(sched.c.obj)
 .text.z_impl_k_sleep
                0x0000000008003060       0x3c zephyr/kernel/libkernel.a(sched.c.obj)
                0x0000000008003060                z_impl_k_sleep
 .text.z_impl_k_sched_current_thread_query
                0x000000000800309c        0xc zephyr/kernel/libkernel.a(sched.c.obj)
                0x000000000800309c                z_impl_k_sched_current_thread_query
 .text.slice_timeout
                0x00000000080030a8       0x20 zephyr/kernel/libkernel.a(timeslicing.c.obj)
 .text.thread_is_sliceable
                0x00000000080030c8       0x40 zephyr/kernel/libkernel.a(timeslicing.c.obj)
                0x00000000080030c8                thread_is_sliceable
 .text.z_reset_time_slice
                0x0000000008003108       0x50 zephyr/kernel/libkernel.a(timeslicing.c.obj)
                0x0000000008003108                z_reset_time_slice
 .text.z_time_slice
                0x0000000008003158       0x60 zephyr/kernel/libkernel.a(timeslicing.c.obj)
                0x0000000008003158                z_time_slice
 .text.z_data_copy
                0x00000000080031b8       0x38 zephyr/kernel/libkernel.a(xip.c.obj)
                0x00000000080031b8                z_data_copy
 .text.elapsed  0x00000000080031f0       0x14 zephyr/kernel/libkernel.a(timeout.c.obj)
 .text.remove_timeout
                0x0000000008003204       0x38 zephyr/kernel/libkernel.a(timeout.c.obj)
 .text.next_timeout
                0x000000000800323c       0x40 zephyr/kernel/libkernel.a(timeout.c.obj)
 .text.z_add_timeout
                0x000000000800327c       0xf4 zephyr/kernel/libkernel.a(timeout.c.obj)
                0x000000000800327c                z_add_timeout
 .text.sys_clock_announce
                0x0000000008003370       0xd0 zephyr/kernel/libkernel.a(timeout.c.obj)
                0x0000000008003370                sys_clock_announce
 .text.sys_clock_tick_get
                0x0000000008003440       0x30 zephyr/kernel/libkernel.a(timeout.c.obj)
                0x0000000008003440                sys_clock_tick_get
 .text.boot_banner
                0x0000000008003470        0xc zephyr/kernel/libkernel.a(banner.c.obj)
                0x0000000008003470                boot_banner
 .text.snprintf
                0x000000000800347c       0x58 c:\users\exito\zephyr-sdk-0.17.0\arm-zephyr-eabi\bin\../lib/gcc/../../picolibc/arm-zephyr-eabi/lib/thumb/v8-m.main/nofp\libc.a(libc_tinystdio_snprintf.c.o)
                0x000000000800347c                snprintf
 .text.skip_to_arg
                0x00000000080034d4      0x134 c:\users\exito\zephyr-sdk-0.17.0\arm-zephyr-eabi\bin\../lib/gcc/../../picolibc/arm-zephyr-eabi/lib/thumb/v8-m.main/nofp\libc.a(libc_tinystdio_vfprintf.c.o)
 .text.vfprintf
                0x0000000008003608      0x9a8 c:\users\exito\zephyr-sdk-0.17.0\arm-zephyr-eabi\bin\../lib/gcc/../../picolibc/arm-zephyr-eabi/lib/thumb/v8-m.main/nofp\libc.a(libc_tinystdio_vfprintf.c.o)
                0x0000000008003608                __d_vfprintf
 .text.div10    0x0000000008003fb0       0x28 c:\users\exito\zephyr-sdk-0.17.0\arm-zephyr-eabi\bin\../lib/gcc/../../picolibc/arm-zephyr-eabi/lib/thumb/v8-m.main/nofp\libc.a(libc_tinystdio_dtoa_ryu.c.o)
 .text.__dtoa_engine
                0x0000000008003fd8      0x4a8 c:\users\exito\zephyr-sdk-0.17.0\arm-zephyr-eabi\bin\../lib/gcc/../../picolibc/arm-zephyr-eabi/lib/thumb/v8-m.main/nofp\libc.a(libc_tinystdio_dtoa_ryu.c.o)
                0x0000000008003fd8                __dtoa_engine
 .text.__log10Pow2
                0x0000000008004480        0xc c:\users\exito\zephyr-sdk-0.17.0\arm-zephyr-eabi\bin\../lib/gcc/../../picolibc/arm-zephyr-eabi/lib/thumb/v8-m.main/nofp\libc.a(libc_tinystdio_ryu_log10.c.o)
                0x0000000008004480                __log10Pow2
 .text.__log10Pow5
                0x000000000800448c        0xc c:\users\exito\zephyr-sdk-0.17.0\arm-zephyr-eabi\bin\../lib/gcc/../../picolibc/arm-zephyr-eabi/lib/thumb/v8-m.main/nofp\libc.a(libc_tinystdio_ryu_log10.c.o)
                0x000000000800448c                __log10Pow5
 .text.__pow5bits
                0x0000000008004498       0x10 c:\users\exito\zephyr-sdk-0.17.0\arm-zephyr-eabi\bin\../lib/gcc/../../picolibc/arm-zephyr-eabi/lib/thumb/v8-m.main/nofp\libc.a(libc_tinystdio_ryu_pow5bits.c.o)
                0x0000000008004498                __pow5bits
 .text.__pow5Factor
                0x00000000080044a8       0x30 c:\users\exito\zephyr-sdk-0.17.0\arm-zephyr-eabi\bin\../lib/gcc/../../picolibc/arm-zephyr-eabi/lib/thumb/v8-m.main/nofp\libc.a(libc_tinystdio_ryu_table.c.o)
                0x00000000080044a8                __pow5Factor
 .text.__double_computePow5
                0x00000000080044d8       0xe4 c:\users\exito\zephyr-sdk-0.17.0\arm-zephyr-eabi\bin\../lib/gcc/../../picolibc/arm-zephyr-eabi/lib/thumb/v8-m.main/nofp\libc.a(libc_tinystdio_ryu_table.c.o)
                0x00000000080044d8                __double_computePow5
 .text.__double_computeInvPow5
                0x00000000080045bc       0xf8 c:\users\exito\zephyr-sdk-0.17.0\arm-zephyr-eabi\bin\../lib/gcc/../../picolibc/arm-zephyr-eabi/lib/thumb/v8-m.main/nofp\libc.a(libc_tinystdio_ryu_table.c.o)
                0x00000000080045bc                __double_computeInvPow5
 .text._OffsetAbsSyms
                0x00000000080046b4        0x2 zephyr/CMakeFiles/offsets.dir/./arch/arm/core/offsets/offsets.c.obj
                0x00000000080046b4                _OffsetAbsSyms
 .text.uart_irq_rx_enable
                0x00000000080046b6        0xa app/libapp.a(main.c.obj)
 .text.gpio_pin_configure_dt.constprop.0.isra.0
                0x00000000080046c0       0x34 app/libapp.a(main.c.obj)
 .text.k_msleep.isra.0
                0x00000000080046f4        0xa app/libapp.a(main.c.obj)
 .text.gpio_pin_configure_dt.constprop.0.isra.0
                0x00000000080046fe       0x34 app/libapp.a(led.c.obj)
 .text.uart_send_command
                0x0000000008004732       0x24 app/libapp.a(uart_com.c.obj)
                0x0000000008004732                uart_send_command
 .text.chunk_size
                0x0000000008004756        0xa zephyr/libzephyr.a(heap.c.obj)
 .text.free_list_add
                0x0000000008004760       0x4e zephyr/libzephyr.a(heap.c.obj)
 .text.sys_heap_init
                0x00000000080047ae       0x7a zephyr/libzephyr.a(heap.c.obj)
                0x00000000080047ae                sys_heap_init
 .text.arch_printk_char_out
                0x0000000008004828        0x4 zephyr/libzephyr.a(printk.c.obj)
                0x0000000008004828                arch_printk_char_out
 .text.printk   0x000000000800482c       0x1a zephyr/libzephyr.a(printk.c.obj)
                0x000000000800482c                printk
 .text._ConfigAbsSyms
                0x0000000008004846        0x2 zephyr/libzephyr.a(configs.c.obj)
                0x0000000008004846                _ConfigAbsSyms
 .text.z_arm_fatal_error
                0x0000000008004848        0xc zephyr/arch/arch/arm/core/libarch__arm__core.a(fatal.c.obj)
                0x0000000008004848                z_arm_fatal_error
 .text.z_do_kernel_oops
                0x0000000008004854        0x8 zephyr/arch/arch/arm/core/libarch__arm__core.a(fatal.c.obj)
                0x0000000008004854                z_do_kernel_oops
 .text.z_irq_spurious
                0x000000000800485c        0x8 zephyr/arch/arch/arm/core/cortex_m/libarch__arm__core__cortex_m.a(irq_manage.c.obj)
                0x000000000800485c                z_irq_spurious
 .text.configure_builtin_stack_guard
                0x0000000008004864        0x8 zephyr/arch/arch/arm/core/cortex_m/libarch__arm__core__cortex_m.a(thread.c.obj)
                0x0000000008004864                configure_builtin_stack_guard
 .text.arch_irq_unlock_outlined
                0x000000000800486c        0xe zephyr/arch/arch/arm/core/cortex_m/libarch__arm__core__cortex_m.a(thread.c.obj)
                0x000000000800486c                arch_irq_unlock_outlined
 .text.arch_cpu_idle
                0x000000000800487a       0x1a zephyr/arch/arch/arm/core/cortex_m/libarch__arm__core__cortex_m.a(cpu_idle.c.obj)
                0x000000000800487a                arch_cpu_idle
 .text.arm_cmse_mpu_region_get
                0x0000000008004894       0x12 zephyr/arch/arch/arm/core/cortex_m/cmse/libarch__arm__core__cortex_m__cmse.a(arm_core_cmse.c.obj)
                0x0000000008004894                arm_cmse_mpu_region_get
 .text.mpu_configure_region
                0x00000000080048a6       0x32 zephyr/arch/arch/arm/core/mpu/libarch__arm__core__mpu.a(arm_mpu.c.obj)
 .text.picolibc_put
                0x00000000080048d8        0xa zephyr/lib/libc/picolibc/liblib__libc__picolibc.a(stdio.c.obj)
 .text.stm32_exti_init
                0x00000000080048e2      0x126 zephyr/drivers/interrupt_controller/libdrivers__interrupt_controller.a(intc_exti_stm32.c.obj)
 .text.stm32_gpio_intc_get_pin_irq_line
                0x0000000008004a08        0x6 zephyr/drivers/interrupt_controller/libdrivers__interrupt_controller.a(intc_exti_stm32.c.obj)
                0x0000000008004a08                stm32_gpio_intc_get_pin_irq_line
 .text.stm32_exti_set_line_src_port
                0x0000000008004a0e       0x26 zephyr/drivers/interrupt_controller/libdrivers__interrupt_controller.a(intc_exti_stm32.c.obj)
                0x0000000008004a0e                stm32_exti_set_line_src_port
 .text.stm32_clock_control_on
                0x0000000008004a34       0x38 zephyr/drivers/clock_control/libdrivers__clock_control.a(clock_stm32_ll_h5.c.obj)
 .text.stm32_clock_control_off
                0x0000000008004a6c       0x24 zephyr/drivers/clock_control/libdrivers__clock_control.a(clock_stm32_ll_h5.c.obj)
 .text.enabled_clock
                0x0000000008004a90       0x1e zephyr/drivers/clock_control/libdrivers__clock_control.a(clock_stm32_ll_h5.c.obj)
                0x0000000008004a90                enabled_clock
 .text.stm32_clock_control_configure
                0x0000000008004aae       0x2c zephyr/drivers/clock_control/libdrivers__clock_control.a(clock_stm32_ll_h5.c.obj)
 .text.gpio_stm32_port_get_raw
                0x0000000008004ada        0xc zephyr/drivers/gpio/libdrivers__gpio.a(gpio_stm32.c.obj)
 .text.gpio_stm32_port_set_masked_raw
                0x0000000008004ae6       0x12 zephyr/drivers/gpio/libdrivers__gpio.a(gpio_stm32.c.obj)
 .text.gpio_stm32_port_set_bits_raw
                0x0000000008004af8        0xa zephyr/drivers/gpio/libdrivers__gpio.a(gpio_stm32.c.obj)
 .text.gpio_stm32_port_clear_bits_raw
                0x0000000008004b02        0xa zephyr/drivers/gpio/libdrivers__gpio.a(gpio_stm32.c.obj)
 .text.gpio_stm32_port_toggle_bits
                0x0000000008004b0c        0xe zephyr/drivers/gpio/libdrivers__gpio.a(gpio_stm32.c.obj)
 .text.gpio_stm32_manage_callback
                0x0000000008004b1a       0x52 zephyr/drivers/gpio/libdrivers__gpio.a(gpio_stm32.c.obj)
 .text.gpio_stm32_configure_raw.isra.0
                0x0000000008004b6c      0x106 zephyr/drivers/gpio/libdrivers__gpio.a(gpio_stm32.c.obj)
 .text.gpio_stm32_config
                0x0000000008004c72      0x120 zephyr/drivers/gpio/libdrivers__gpio.a(gpio_stm32.c.obj)
 .text.gpio_stm32_isr
                0x0000000008004d92       0x2c zephyr/drivers/gpio/libdrivers__gpio.a(gpio_stm32.c.obj)
 .text.gpio_stm32_configure
                0x0000000008004dbe       0x2a zephyr/drivers/gpio/libdrivers__gpio.a(gpio_stm32.c.obj)
                0x0000000008004dbe                gpio_stm32_configure
 .text.pinctrl_lookup_state
                0x0000000008004de8       0x26 zephyr/drivers/pinctrl/libdrivers__pinctrl.a(common.c.obj)
                0x0000000008004de8                pinctrl_lookup_state
 .text.reset_stm32_status
                0x0000000008004e0e       0x20 zephyr/drivers/reset/libdrivers__reset.a(reset_stm32.c.obj)
 .text.reset_stm32_line_assert
                0x0000000008004e2e       0x1c zephyr/drivers/reset/libdrivers__reset.a(reset_stm32.c.obj)
 .text.reset_stm32_line_deassert
                0x0000000008004e4a       0x1e zephyr/drivers/reset/libdrivers__reset.a(reset_stm32.c.obj)
 .text.reset_stm32_line_toggle
                0x0000000008004e68       0x16 zephyr/drivers/reset/libdrivers__reset.a(reset_stm32.c.obj)
 .text.uart_stm32_ll2cfg_databits
                0x0000000008004e7e       0x2a zephyr/drivers/serial/libdrivers__serial.a(uart_stm32.c.obj)
 .text.uart_stm32_err_check
                0x0000000008004ea8       0x5a zephyr/drivers/serial/libdrivers__serial.a(uart_stm32.c.obj)
 .text.uart_stm32_irq_tx_enable
                0x0000000008004f02       0x16 zephyr/drivers/serial/libdrivers__serial.a(uart_stm32.c.obj)
 .text.uart_stm32_irq_tx_disable
                0x0000000008004f18       0x16 zephyr/drivers/serial/libdrivers__serial.a(uart_stm32.c.obj)
 .text.uart_stm32_irq_rx_enable
                0x0000000008004f2e       0x16 zephyr/drivers/serial/libdrivers__serial.a(uart_stm32.c.obj)
 .text.uart_stm32_irq_rx_disable
                0x0000000008004f44       0x16 zephyr/drivers/serial/libdrivers__serial.a(uart_stm32.c.obj)
 .text.uart_stm32_irq_rx_ready
                0x0000000008004f5a        0xc zephyr/drivers/serial/libdrivers__serial.a(uart_stm32.c.obj)
 .text.uart_stm32_irq_update
                0x0000000008004f66        0x4 zephyr/drivers/serial/libdrivers__serial.a(uart_stm32.c.obj)
 .text.uart_stm32_irq_callback_set
                0x0000000008004f6a        0x8 zephyr/drivers/serial/libdrivers__serial.a(uart_stm32.c.obj)
 .text.uart_stm32_isr
                0x0000000008004f72        0xc zephyr/drivers/serial/libdrivers__serial.a(uart_stm32.c.obj)
 .text.uart_stm32_irq_config_func_0
                0x0000000008004f7e       0x16 zephyr/drivers/serial/libdrivers__serial.a(uart_stm32.c.obj)
 .text.uart_stm32_irq_config_func_1
                0x0000000008004f94       0x16 zephyr/drivers/serial/libdrivers__serial.a(uart_stm32.c.obj)
 .text.uart_stm32_irq_config_func_2
                0x0000000008004faa       0x16 zephyr/drivers/serial/libdrivers__serial.a(uart_stm32.c.obj)
 .text.uart_stm32_irq_config_func_3
                0x0000000008004fc0       0x16 zephyr/drivers/serial/libdrivers__serial.a(uart_stm32.c.obj)
 .text.uart_stm32_irq_tx_complete
                0x0000000008004fd6        0xc zephyr/drivers/serial/libdrivers__serial.a(uart_stm32.c.obj)
 .text.uart_stm32_irq_tx_ready
                0x0000000008004fe2       0x14 zephyr/drivers/serial/libdrivers__serial.a(uart_stm32.c.obj)
 .text.uart_stm32_config_get
                0x0000000008004ff6       0x92 zephyr/drivers/serial/libdrivers__serial.a(uart_stm32.c.obj)
 .text.uart_stm32_fifo_fill
                0x0000000008005088       0x58 zephyr/drivers/serial/libdrivers__serial.a(uart_stm32.c.obj)
 .text.uart_stm32_poll_out
                0x00000000080050e0       0x36 zephyr/drivers/serial/libdrivers__serial.a(uart_stm32.c.obj)
 .text.uart_stm32_irq_is_pending
                0x0000000008005116       0x24 zephyr/drivers/serial/libdrivers__serial.a(uart_stm32.c.obj)
 .text.uart_stm32_fifo_read
                0x000000000800513a       0x42 zephyr/drivers/serial/libdrivers__serial.a(uart_stm32.c.obj)
 .text.uart_stm32_poll_in
                0x000000000800517c       0x20 zephyr/drivers/serial/libdrivers__serial.a(uart_stm32.c.obj)
 .text.uart_stm32_parameters_set
                0x000000000800519c      0x142 zephyr/drivers/serial/libdrivers__serial.a(uart_stm32.c.obj)
 .text._GetAvailWriteSpace
                0x00000000080052de       0x12 modules/segger/libmodules__segger.a(SEGGER_RTT.c.obj)
 .text._WriteNoCheck
                0x00000000080052f0       0x3a modules/segger/libmodules__segger.a(SEGGER_RTT.c.obj)
 .text._WriteBlocking
                0x000000000800532a       0x58 modules/segger/libmodules__segger.a(SEGGER_RTT.c.obj)
 .text.rtt_init
                0x0000000008005382        0xa modules/segger/libmodules__segger.a(SEGGER_RTT_zephyr.c.obj)
 .text.z_device_state_init
                0x000000000800538c        0x2 zephyr/kernel/libkernel.a(device.c.obj)
                0x000000000800538c                z_device_state_init
 .text.z_impl_device_is_ready
                0x000000000800538e       0x16 zephyr/kernel/libkernel.a(device.c.obj)
                0x000000000800538e                z_impl_device_is_ready
 .text.arch_system_halt
                0x00000000080053a4       0x10 zephyr/kernel/libkernel.a(fatal.c.obj)
                0x00000000080053a4                arch_system_halt
 .text.k_sys_fatal_error_handler
                0x00000000080053b4        0x6 zephyr/kernel/libkernel.a(fatal.c.obj)
                0x00000000080053b4                k_sys_fatal_error_handler
 .text.do_device_init
                0x00000000080053ba       0x30 zephyr/kernel/libkernel.a(init.c.obj)
 .text.z_early_memset
                0x00000000080053ea        0x4 zephyr/kernel/libkernel.a(init.c.obj)
                0x00000000080053ea                z_early_memset
 .text.z_early_memcpy
                0x00000000080053ee        0x4 zephyr/kernel/libkernel.a(init.c.obj)
                0x00000000080053ee                z_early_memcpy
 .text.z_init_static
                0x00000000080053f2        0x2 zephyr/kernel/libkernel.a(init_static.c.obj)
                0x00000000080053f2                z_init_static
 .text.idle     0x00000000080053f4       0x16 zephyr/kernel/libkernel.a(idle.c.obj)
                0x00000000080053f4                idle
 .text.k_is_in_isr
                0x000000000800540a        0xc zephyr/kernel/libkernel.a(thread.c.obj)
                0x000000000800540a                k_is_in_isr
 .text.sys_dlist_remove
                0x0000000008005416       0x10 zephyr/kernel/libkernel.a(sched.c.obj)
 .text.unpend_thread_no_timeout
                0x0000000008005426       0x14 zephyr/kernel/libkernel.a(sched.c.obj)
 .text.z_ready_thread
                0x000000000800543a       0x1e zephyr/kernel/libkernel.a(sched.c.obj)
                0x000000000800543a                z_ready_thread
 .text.z_sched_wake_thread
                0x0000000008005458       0x3a zephyr/kernel/libkernel.a(sched.c.obj)
                0x0000000008005458                z_sched_wake_thread
 .text.z_thread_timeout
                0x0000000008005492        0x8 zephyr/kernel/libkernel.a(sched.c.obj)
                0x0000000008005492                z_thread_timeout
 .text.z_thread_abort
                0x000000000800549a       0x44 zephyr/kernel/libkernel.a(sched.c.obj)
                0x000000000800549a                z_thread_abort
 .text.z_abort_timeout
                0x00000000080054de       0x2a zephyr/kernel/libkernel.a(timeout.c.obj)
                0x00000000080054de                z_abort_timeout
 .text.sys_clock_tick_get_32
                0x0000000008005508        0x8 zephyr/kernel/libkernel.a(timeout.c.obj)
                0x0000000008005508                sys_clock_tick_get_32
 .text.memcpy   0x0000000008005510       0x1a c:\users\exito\zephyr-sdk-0.17.0\arm-zephyr-eabi\bin\../lib/gcc/../../picolibc/arm-zephyr-eabi/lib/thumb/v8-m.main/nofp\libc.a(memcpy.c.o)
                0x0000000008005510                __aeabi_memcpy
                0x0000000008005510                __aeabi_memcpy4
                0x0000000008005510                __aeabi_memcpy8
                0x0000000008005510                memcpy
 .text.memset   0x000000000800552a       0x10 c:\users\exito\zephyr-sdk-0.17.0\arm-zephyr-eabi\bin\../lib/gcc/../../picolibc/arm-zephyr-eabi/lib/thumb/v8-m.main/nofp\libc.a(memset.c.o)
                0x000000000800552a                memset
 .text.strncpy  0x000000000800553a       0x20 c:\users\exito\zephyr-sdk-0.17.0\arm-zephyr-eabi\bin\../lib/gcc/../../picolibc/arm-zephyr-eabi/lib/thumb/v8-m.main/nofp\libc.a(libc_string_strncpy.c.o)
                0x000000000800553a                strncpy
 .text.strnlen  0x000000000800555a       0x18 c:\users\exito\zephyr-sdk-0.17.0\arm-zephyr-eabi\bin\../lib/gcc/../../picolibc/arm-zephyr-eabi/lib/thumb/v8-m.main/nofp\libc.a(libc_string_strnlen.c.o)
                0x000000000800555a                strnlen
 .text.strstr   0x0000000008005572       0x2c c:\users\exito\zephyr-sdk-0.17.0\arm-zephyr-eabi\bin\../lib/gcc/../../picolibc/arm-zephyr-eabi/lib/thumb/v8-m.main/nofp\libc.a(libc_string_strstr.c.o)
                0x0000000008005572                strstr
 .text.__ultoa_invert
                0x000000000800559e       0x4e c:\users\exito\zephyr-sdk-0.17.0\arm-zephyr-eabi\bin\../lib/gcc/../../picolibc/arm-zephyr-eabi/lib/thumb/v8-m.main/nofp\libc.a(libc_tinystdio_vfprintf.c.o)
 .text.mulShiftAll64
                0x00000000080055ec      0x174 c:\users\exito\zephyr-sdk-0.17.0\arm-zephyr-eabi\bin\../lib/gcc/../../picolibc/arm-zephyr-eabi/lib/thumb/v8-m.main/nofp\libc.a(libc_tinystdio_dtoa_ryu.c.o)
 .text.__umul128
                0x0000000008005760       0x36 c:\users\exito\zephyr-sdk-0.17.0\arm-zephyr-eabi\bin\../lib/gcc/../../picolibc/arm-zephyr-eabi/lib/thumb/v8-m.main/nofp\libc.a(libc_tinystdio_ryu_umul128.c.o)
                0x0000000008005760                __umul128
 .text.__shiftright128
                0x0000000008005796       0x3e c:\users\exito\zephyr-sdk-0.17.0\arm-zephyr-eabi\bin\../lib/gcc/../../picolibc/arm-zephyr-eabi/lib/thumb/v8-m.main/nofp\libc.a(libc_tinystdio_ryu_umul128.c.o)
                0x0000000008005796                __shiftright128
 .text.__dtox_engine
                0x00000000080057d4      0x12c c:\users\exito\zephyr-sdk-0.17.0\arm-zephyr-eabi\bin\../lib/gcc/../../picolibc/arm-zephyr-eabi/lib/thumb/v8-m.main/nofp\libc.a(libc_tinystdio_dtox_engine.c.o)
                0x00000000080057d4                __dtox_engine
 .text.__file_str_put
                0x0000000008005900       0x10 c:\users\exito\zephyr-sdk-0.17.0\arm-zephyr-eabi\bin\../lib/gcc/../../picolibc/arm-zephyr-eabi/lib/thumb/v8-m.main/nofp\libc.a(libc_tinystdio_filestrput.c.o)
                0x0000000008005900                __file_str_put
 *(SORT_BY_ALIGNMENT(.TEXT.*))
 .TEXT.__aeabi_read_tp
                0x0000000008005910        0xc zephyr/arch/arch/arm/core/cortex_m/libarch__arm__core__cortex_m.a(__aeabi_read_tp.S.obj)
                0x0000000008005910                __aeabi_read_tp
 *(SORT_BY_ALIGNMENT(.gnu.linkonce.t.*))
 *(SORT_BY_ALIGNMENT(.glue_7t))
 .glue_7t       0x000000000800591c        0x0 linker stubs
 *(SORT_BY_ALIGNMENT(.glue_7))
 .glue_7        0x000000000800591c        0x0 linker stubs
 *(SORT_BY_ALIGNMENT(.vfp11_veneer))
 .vfp11_veneer  0x000000000800591c        0x0 linker stubs
 *(SORT_BY_ALIGNMENT(.v4_bx))
 .v4_bx         0x000000000800591c        0x0 linker stubs
                0x000000000800591c                . = ALIGN (0x4)
                0x000000000800591c                __text_region_end = .

.ARM.exidx      0x000000000800591c        0x8
                0x000000000800591c                __exidx_start = .
 *(SORT_BY_ALIGNMENT(.ARM.exidx*) SORT_BY_ALIGNMENT(gnu.linkonce.armexidx.*))
 .ARM.exidx     0x000000000800591c        0x8 c:/users/exito/zephyr-sdk-0.17.0/arm-zephyr-eabi/bin/../lib/gcc/arm-zephyr-eabi/12.2.0/thumb/v8-m.main/nofp\libgcc.a(_udivmoddi4.o)
                0x0000000008005924                __exidx_end = .
                0x0000000008005924                __rodata_region_start = .

initlevel       0x0000000008005924       0xa8
                0x0000000008005924                __init_start = .
                0x0000000008005924                __init_EARLY_start = .
 *(SORT_BY_NAME(SORT_BY_ALIGNMENT(.z_init_EARLY?_*)))
 *(SORT_BY_NAME(SORT_BY_ALIGNMENT(.z_init_EARLY??_*)))
                0x0000000008005924                __init_PRE_KERNEL_1_start = .
 *(SORT_BY_NAME(SORT_BY_ALIGNMENT(.z_init_PRE_KERNEL_1?_*)))
 .z_init_PRE_KERNEL_11_00009_
                0x0000000008005924        0x8 zephyr/drivers/clock_control/libdrivers__clock_control.a(clock_stm32_ll_h5.c.obj)
 .z_init_PRE_KERNEL_11_0_
                0x000000000800592c        0x8 zephyr/libzephyr.a(soc_config.c.obj)
 *(SORT_BY_NAME(SORT_BY_ALIGNMENT(.z_init_PRE_KERNEL_1??_*)))
 .z_init_PRE_KERNEL_130_0_
                0x0000000008005934        0x8 modules/segger/libmodules__segger.a(SEGGER_RTT_zephyr.c.obj)
 .z_init_PRE_KERNEL_135_00055_
                0x000000000800593c        0x8 zephyr/drivers/reset/libdrivers__reset.a(reset_stm32.c.obj)
 .z_init_PRE_KERNEL_140_00040_
                0x0000000008005944        0x8 zephyr/drivers/gpio/libdrivers__gpio.a(gpio_stm32.c.obj)
 .z_init_PRE_KERNEL_140_00043_
                0x000000000800594c        0x8 zephyr/drivers/gpio/libdrivers__gpio.a(gpio_stm32.c.obj)
 .z_init_PRE_KERNEL_140_00044_
                0x0000000008005954        0x8 zephyr/drivers/gpio/libdrivers__gpio.a(gpio_stm32.c.obj)
 .z_init_PRE_KERNEL_140_00075_
                0x000000000800595c        0x8 zephyr/drivers/interrupt_controller/libdrivers__interrupt_controller.a(intc_exti_stm32.c.obj)
 .z_init_PRE_KERNEL_140_00108_
                0x0000000008005964        0x8 zephyr/drivers/gpio/libdrivers__gpio.a(gpio_stm32.c.obj)
 .z_init_PRE_KERNEL_140_00149_
                0x000000000800596c        0x8 zephyr/drivers/gpio/libdrivers__gpio.a(gpio_stm32.c.obj)
 .z_init_PRE_KERNEL_140_00150_
                0x0000000008005974        0x8 zephyr/drivers/gpio/libdrivers__gpio.a(gpio_stm32.c.obj)
 .z_init_PRE_KERNEL_140_00151_
                0x000000000800597c        0x8 zephyr/drivers/gpio/libdrivers__gpio.a(gpio_stm32.c.obj)
 .z_init_PRE_KERNEL_140_00152_
                0x0000000008005984        0x8 zephyr/drivers/gpio/libdrivers__gpio.a(gpio_stm32.c.obj)
 .z_init_PRE_KERNEL_140_00153_
                0x000000000800598c        0x8 zephyr/drivers/gpio/libdrivers__gpio.a(gpio_stm32.c.obj)
 .z_init_PRE_KERNEL_140_0_
                0x0000000008005994        0x8 zephyr/drivers/console/libdrivers__console.a(rtt_console.c.obj)
 .z_init_PRE_KERNEL_150_00088_
                0x000000000800599c        0x8 zephyr/drivers/serial/libdrivers__serial.a(uart_stm32.c.obj)
 .z_init_PRE_KERNEL_150_00091_
                0x00000000080059a4        0x8 zephyr/drivers/serial/libdrivers__serial.a(uart_stm32.c.obj)
 .z_init_PRE_KERNEL_150_00095_
                0x00000000080059ac        0x8 zephyr/drivers/serial/libdrivers__serial.a(uart_stm32.c.obj)
 .z_init_PRE_KERNEL_150_00105_
                0x00000000080059b4        0x8 zephyr/drivers/serial/libdrivers__serial.a(uart_stm32.c.obj)
                0x00000000080059bc                __init_PRE_KERNEL_2_start = .
 *(SORT_BY_NAME(SORT_BY_ALIGNMENT(.z_init_PRE_KERNEL_2?_*)))
 .z_init_PRE_KERNEL_20_0_
                0x00000000080059bc        0x8 zephyr/drivers/timer/libdrivers__timer.a(cortex_m_systick.c.obj)
 *(SORT_BY_NAME(SORT_BY_ALIGNMENT(.z_init_PRE_KERNEL_2??_*)))
                0x00000000080059c4                __init_POST_KERNEL_start = .
 *(SORT_BY_NAME(SORT_BY_ALIGNMENT(.z_init_POST_KERNEL?_*)))
 *(SORT_BY_NAME(SORT_BY_ALIGNMENT(.z_init_POST_KERNEL??_*)))
 .z_init_POST_KERNEL35_0_
                0x00000000080059c4        0x8 zephyr/lib/libc/common/liblib__libc__common.a(malloc.c.obj)
                0x00000000080059cc                __init_APPLICATION_start = .
 *(SORT_BY_NAME(SORT_BY_ALIGNMENT(.z_init_APPLICATION?_*)))
 *(SORT_BY_NAME(SORT_BY_ALIGNMENT(.z_init_APPLICATION??_*)))
                0x00000000080059cc                __init_SMP_start = .
 *(SORT_BY_NAME(SORT_BY_ALIGNMENT(.z_init_SMP?_*)))
 *(SORT_BY_NAME(SORT_BY_ALIGNMENT(.z_init_SMP??_*)))
                0x00000000080059cc                __init_end = .
                0x00000000080059cc                __deferred_init_list_start = .
 *(SORT_BY_ALIGNMENT(.z_deferred_init*))
                0x00000000080059cc                __deferred_init_list_end = .

device_area     0x00000000080059cc      0x140
                0x00000000080059cc                _device_list_start = .
 *(SORT_BY_NAME(SORT_BY_ALIGNMENT(._device.static.*_?_*)))
 ._device.static.1_1_
                0x00000000080059cc       0x14 zephyr/drivers/clock_control/libdrivers__clock_control.a(clock_stm32_ll_h5.c.obj)
                0x00000000080059cc                __device_dts_ord_9
 *(SORT_BY_NAME(SORT_BY_ALIGNMENT(._device.static.*_??_*)))
 ._device.static.1_35_
                0x00000000080059e0       0x14 zephyr/drivers/reset/libdrivers__reset.a(reset_stm32.c.obj)
                0x00000000080059e0                __device_dts_ord_55
 ._device.static.1_40_
                0x00000000080059f4       0x14 zephyr/drivers/interrupt_controller/libdrivers__interrupt_controller.a(intc_exti_stm32.c.obj)
                0x00000000080059f4                __device_dts_ord_75
 ._device.static.1_40_
                0x0000000008005a08       0xb4 zephyr/drivers/gpio/libdrivers__gpio.a(gpio_stm32.c.obj)
                0x0000000008005a08                __device_dts_ord_153
                0x0000000008005a1c                __device_dts_ord_152
                0x0000000008005a30                __device_dts_ord_151
                0x0000000008005a44                __device_dts_ord_150
                0x0000000008005a58                __device_dts_ord_149
                0x0000000008005a6c                __device_dts_ord_108
                0x0000000008005a80                __device_dts_ord_40
                0x0000000008005a94                __device_dts_ord_44
                0x0000000008005aa8                __device_dts_ord_43
 ._device.static.1_50_
                0x0000000008005abc       0x50 zephyr/drivers/serial/libdrivers__serial.a(uart_stm32.c.obj)
                0x0000000008005abc                __device_dts_ord_95
                0x0000000008005ad0                __device_dts_ord_91
                0x0000000008005ae4                __device_dts_ord_105
                0x0000000008005af8                __device_dts_ord_88
                0x0000000008005b0c                _device_list_end = .

sw_isr_table    0x0000000008005b0c      0x418
                0x0000000008005b0c                . = ALIGN (0x4)
 *(SORT_BY_ALIGNMENT(.gnu.linkonce.sw_isr_table*))
 .gnu.linkonce.sw_isr_table
                0x0000000008005b0c      0x418 zephyr/arch/common/libisr_tables.a(isr_tables.c.obj)
                0x0000000008005b0c                _sw_isr_table

initlevel_error
                0x0000000008005924        0x0
 *(SORT_BY_NAME(SORT_BY_ALIGNMENT(.z_init_[_A-Z0-9]*)))
                0x0000000000000001                ASSERT ((SIZEOF (initlevel_error) == 0x0), Undefined initialization levels used.)

app_shmem_regions
                0x0000000008005f24        0x0
                0x0000000008005f24                __app_shmem_regions_start = .
 *(SORT_BY_NAME(SORT_BY_ALIGNMENT(.app_regions.*)))
                0x0000000008005f24                __app_shmem_regions_end = .

k_p4wq_initparam_area
                0x0000000008005f24        0x0
                0x0000000008005f24                _k_p4wq_initparam_list_start = .
 *(SORT_BY_NAME(SORT_BY_ALIGNMENT(._k_p4wq_initparam.static.*)))
                0x0000000008005f24                _k_p4wq_initparam_list_end = .

_static_thread_data_area
                0x0000000008005f24        0x0
                0x0000000008005f24                __static_thread_data_list_start = .
 *(SORT_BY_NAME(SORT_BY_ALIGNMENT(.__static_thread_data.static.*)))
                0x0000000008005f24                __static_thread_data_list_end = .

device_deps     0x0000000008005f24        0x0
                0x0000000008005f24                __device_deps_start = .
 *(SORT_BY_NAME(SORT_BY_ALIGNMENT(.__device_deps_pass2*)))
                0x0000000008005f24                __device_deps_end = .

gpio_driver_api_area
                0x0000000008005f24       0x24
                0x0000000008005f24                _gpio_driver_api_list_start = .
 *(SORT_BY_NAME(SORT_BY_ALIGNMENT(._gpio_driver_api.static.*)))
 ._gpio_driver_api.static.gpio_stm32_driver_
                0x0000000008005f24       0x24 zephyr/drivers/gpio/libdrivers__gpio.a(gpio_stm32.c.obj)
                0x0000000008005f48                _gpio_driver_api_list_end = .

reset_driver_api_area
                0x0000000008005f48       0x10
                0x0000000008005f48                _reset_driver_api_list_start = .
 *(SORT_BY_NAME(SORT_BY_ALIGNMENT(._reset_driver_api.static.*)))
 ._reset_driver_api.static.reset_stm32_driver_api_
                0x0000000008005f48       0x10 zephyr/drivers/reset/libdrivers__reset.a(reset_stm32.c.obj)
                0x0000000008005f58                _reset_driver_api_list_end = .

shared_irq_driver_api_area
                0x0000000008005f58        0x0
                0x0000000008005f58                _shared_irq_driver_api_list_start = .
 *(SORT_BY_NAME(SORT_BY_ALIGNMENT(._shared_irq_driver_api.static.*)))
                0x0000000008005f58                _shared_irq_driver_api_list_end = .

crypto_driver_api_area
                0x0000000008005f58        0x0
                0x0000000008005f58                _crypto_driver_api_list_start = .
 *(SORT_BY_NAME(SORT_BY_ALIGNMENT(._crypto_driver_api.static.*)))
                0x0000000008005f58                _crypto_driver_api_list_end = .

adc_driver_api_area
                0x0000000008005f58        0x0
                0x0000000008005f58                _adc_driver_api_list_start = .
 *(SORT_BY_NAME(SORT_BY_ALIGNMENT(._adc_driver_api.static.*)))
                0x0000000008005f58                _adc_driver_api_list_end = .

auxdisplay_driver_api_area
                0x0000000008005f58        0x0
                0x0000000008005f58                _auxdisplay_driver_api_list_start = .
 *(SORT_BY_NAME(SORT_BY_ALIGNMENT(._auxdisplay_driver_api.static.*)))
                0x0000000008005f58                _auxdisplay_driver_api_list_end = .

bbram_driver_api_area
                0x0000000008005f58        0x0
                0x0000000008005f58                _bbram_driver_api_list_start = .
 *(SORT_BY_NAME(SORT_BY_ALIGNMENT(._bbram_driver_api.static.*)))
                0x0000000008005f58                _bbram_driver_api_list_end = .

bt_hci_driver_api_area
                0x0000000008005f58        0x0
                0x0000000008005f58                _bt_hci_driver_api_list_start = .
 *(SORT_BY_NAME(SORT_BY_ALIGNMENT(._bt_hci_driver_api.static.*)))
                0x0000000008005f58                _bt_hci_driver_api_list_end = .

can_driver_api_area
                0x0000000008005f58        0x0
                0x0000000008005f58                _can_driver_api_list_start = .
 *(SORT_BY_NAME(SORT_BY_ALIGNMENT(._can_driver_api.static.*)))
                0x0000000008005f58                _can_driver_api_list_end = .

cellular_driver_api_area
                0x0000000008005f58        0x0
                0x0000000008005f58                _cellular_driver_api_list_start = .
 *(SORT_BY_NAME(SORT_BY_ALIGNMENT(._cellular_driver_api.static.*)))
                0x0000000008005f58                _cellular_driver_api_list_end = .

charger_driver_api_area
                0x0000000008005f58        0x0
                0x0000000008005f58                _charger_driver_api_list_start = .
 *(SORT_BY_NAME(SORT_BY_ALIGNMENT(._charger_driver_api.static.*)))
                0x0000000008005f58                _charger_driver_api_list_end = .

clock_control_driver_api_area
                0x0000000008005f58       0x1c
                0x0000000008005f58                _clock_control_driver_api_list_start = .
 *(SORT_BY_NAME(SORT_BY_ALIGNMENT(._clock_control_driver_api.static.*)))
 ._clock_control_driver_api.static.stm32_clock_control_api_
                0x0000000008005f58       0x1c zephyr/drivers/clock_control/libdrivers__clock_control.a(clock_stm32_ll_h5.c.obj)
                0x0000000008005f74                _clock_control_driver_api_list_end = .

comparator_driver_api_area
                0x0000000008005f74        0x0
                0x0000000008005f74                _comparator_driver_api_list_start = .
 *(SORT_BY_NAME(SORT_BY_ALIGNMENT(._comparator_driver_api.static.*)))
                0x0000000008005f74                _comparator_driver_api_list_end = .

coredump_driver_api_area
                0x0000000008005f74        0x0
                0x0000000008005f74                _coredump_driver_api_list_start = .
 *(SORT_BY_NAME(SORT_BY_ALIGNMENT(._coredump_driver_api.static.*)))
                0x0000000008005f74                _coredump_driver_api_list_end = .

counter_driver_api_area
                0x0000000008005f74        0x0
                0x0000000008005f74                _counter_driver_api_list_start = .
 *(SORT_BY_NAME(SORT_BY_ALIGNMENT(._counter_driver_api.static.*)))
                0x0000000008005f74                _counter_driver_api_list_end = .

dac_driver_api_area
                0x0000000008005f74        0x0
                0x0000000008005f74                _dac_driver_api_list_start = .
 *(SORT_BY_NAME(SORT_BY_ALIGNMENT(._dac_driver_api.static.*)))
                0x0000000008005f74                _dac_driver_api_list_end = .

dai_driver_api_area
                0x0000000008005f74        0x0
                0x0000000008005f74                _dai_driver_api_list_start = .
 *(SORT_BY_NAME(SORT_BY_ALIGNMENT(._dai_driver_api.static.*)))
                0x0000000008005f74                _dai_driver_api_list_end = .

display_driver_api_area
                0x0000000008005f74        0x0
                0x0000000008005f74                _display_driver_api_list_start = .
 *(SORT_BY_NAME(SORT_BY_ALIGNMENT(._display_driver_api.static.*)))
                0x0000000008005f74                _display_driver_api_list_end = .

dma_driver_api_area
                0x0000000008005f74        0x0
                0x0000000008005f74                _dma_driver_api_list_start = .
 *(SORT_BY_NAME(SORT_BY_ALIGNMENT(._dma_driver_api.static.*)))
                0x0000000008005f74                _dma_driver_api_list_end = .

edac_driver_api_area
                0x0000000008005f74        0x0
                0x0000000008005f74                _edac_driver_api_list_start = .
 *(SORT_BY_NAME(SORT_BY_ALIGNMENT(._edac_driver_api.static.*)))
                0x0000000008005f74                _edac_driver_api_list_end = .

eeprom_driver_api_area
                0x0000000008005f74        0x0
                0x0000000008005f74                _eeprom_driver_api_list_start = .
 *(SORT_BY_NAME(SORT_BY_ALIGNMENT(._eeprom_driver_api.static.*)))
                0x0000000008005f74                _eeprom_driver_api_list_end = .

emul_bbram_driver_api_area
                0x0000000008005f74        0x0
                0x0000000008005f74                _emul_bbram_driver_api_list_start = .
 *(SORT_BY_NAME(SORT_BY_ALIGNMENT(._emul_bbram_driver_api.static.*)))
                0x0000000008005f74                _emul_bbram_driver_api_list_end = .

fuel_gauge_emul_driver_api_area
                0x0000000008005f74        0x0
                0x0000000008005f74                _fuel_gauge_emul_driver_api_list_start = .
 *(SORT_BY_NAME(SORT_BY_ALIGNMENT(._fuel_gauge_emul_driver_api.static.*)))
                0x0000000008005f74                _fuel_gauge_emul_driver_api_list_end = .

emul_sensor_driver_api_area
                0x0000000008005f74        0x0
                0x0000000008005f74                _emul_sensor_driver_api_list_start = .
 *(SORT_BY_NAME(SORT_BY_ALIGNMENT(._emul_sensor_driver_api.static.*)))
                0x0000000008005f74                _emul_sensor_driver_api_list_end = .

entropy_driver_api_area
                0x0000000008005f74        0x0
                0x0000000008005f74                _entropy_driver_api_list_start = .
 *(SORT_BY_NAME(SORT_BY_ALIGNMENT(._entropy_driver_api.static.*)))
                0x0000000008005f74                _entropy_driver_api_list_end = .

espi_driver_api_area
                0x0000000008005f74        0x0
                0x0000000008005f74                _espi_driver_api_list_start = .
 *(SORT_BY_NAME(SORT_BY_ALIGNMENT(._espi_driver_api.static.*)))
                0x0000000008005f74                _espi_driver_api_list_end = .

espi_saf_driver_api_area
                0x0000000008005f74        0x0
                0x0000000008005f74                _espi_saf_driver_api_list_start = .
 *(SORT_BY_NAME(SORT_BY_ALIGNMENT(._espi_saf_driver_api.static.*)))
                0x0000000008005f74                _espi_saf_driver_api_list_end = .

flash_driver_api_area
                0x0000000008005f74        0x0
                0x0000000008005f74                _flash_driver_api_list_start = .
 *(SORT_BY_NAME(SORT_BY_ALIGNMENT(._flash_driver_api.static.*)))
                0x0000000008005f74                _flash_driver_api_list_end = .

fpga_driver_api_area
                0x0000000008005f74        0x0
                0x0000000008005f74                _fpga_driver_api_list_start = .
 *(SORT_BY_NAME(SORT_BY_ALIGNMENT(._fpga_driver_api.static.*)))
                0x0000000008005f74                _fpga_driver_api_list_end = .

fuel_gauge_driver_api_area
                0x0000000008005f74        0x0
                0x0000000008005f74                _fuel_gauge_driver_api_list_start = .
 *(SORT_BY_NAME(SORT_BY_ALIGNMENT(._fuel_gauge_driver_api.static.*)))
                0x0000000008005f74                _fuel_gauge_driver_api_list_end = .

gnss_driver_api_area
                0x0000000008005f74        0x0
                0x0000000008005f74                _gnss_driver_api_list_start = .
 *(SORT_BY_NAME(SORT_BY_ALIGNMENT(._gnss_driver_api.static.*)))
                0x0000000008005f74                _gnss_driver_api_list_end = .

haptics_driver_api_area
                0x0000000008005f74        0x0
                0x0000000008005f74                _haptics_driver_api_list_start = .
 *(SORT_BY_NAME(SORT_BY_ALIGNMENT(._haptics_driver_api.static.*)))
                0x0000000008005f74                _haptics_driver_api_list_end = .

hwspinlock_driver_api_area
                0x0000000008005f74        0x0
                0x0000000008005f74                _hwspinlock_driver_api_list_start = .
 *(SORT_BY_NAME(SORT_BY_ALIGNMENT(._hwspinlock_driver_api.static.*)))
                0x0000000008005f74                _hwspinlock_driver_api_list_end = .

i2c_driver_api_area
                0x0000000008005f74        0x0
                0x0000000008005f74                _i2c_driver_api_list_start = .
 *(SORT_BY_NAME(SORT_BY_ALIGNMENT(._i2c_driver_api.static.*)))
                0x0000000008005f74                _i2c_driver_api_list_end = .

i2c_target_driver_api_area
                0x0000000008005f74        0x0
                0x0000000008005f74                _i2c_target_driver_api_list_start = .
 *(SORT_BY_NAME(SORT_BY_ALIGNMENT(._i2c_target_driver_api.static.*)))
                0x0000000008005f74                _i2c_target_driver_api_list_end = .

i2s_driver_api_area
                0x0000000008005f74        0x0
                0x0000000008005f74                _i2s_driver_api_list_start = .
 *(SORT_BY_NAME(SORT_BY_ALIGNMENT(._i2s_driver_api.static.*)))
                0x0000000008005f74                _i2s_driver_api_list_end = .

i3c_driver_api_area
                0x0000000008005f74        0x0
                0x0000000008005f74                _i3c_driver_api_list_start = .
 *(SORT_BY_NAME(SORT_BY_ALIGNMENT(._i3c_driver_api.static.*)))
                0x0000000008005f74                _i3c_driver_api_list_end = .

ipm_driver_api_area
                0x0000000008005f74        0x0
                0x0000000008005f74                _ipm_driver_api_list_start = .
 *(SORT_BY_NAME(SORT_BY_ALIGNMENT(._ipm_driver_api.static.*)))
                0x0000000008005f74                _ipm_driver_api_list_end = .

kscan_driver_api_area
                0x0000000008005f74        0x0
                0x0000000008005f74                _kscan_driver_api_list_start = .
 *(SORT_BY_NAME(SORT_BY_ALIGNMENT(._kscan_driver_api.static.*)))
                0x0000000008005f74                _kscan_driver_api_list_end = .

led_driver_api_area
                0x0000000008005f74        0x0
                0x0000000008005f74                _led_driver_api_list_start = .
 *(SORT_BY_NAME(SORT_BY_ALIGNMENT(._led_driver_api.static.*)))
                0x0000000008005f74                _led_driver_api_list_end = .

led_strip_driver_api_area
                0x0000000008005f74        0x0
                0x0000000008005f74                _led_strip_driver_api_list_start = .
 *(SORT_BY_NAME(SORT_BY_ALIGNMENT(._led_strip_driver_api.static.*)))
                0x0000000008005f74                _led_strip_driver_api_list_end = .

lora_driver_api_area
                0x0000000008005f74        0x0
                0x0000000008005f74                _lora_driver_api_list_start = .
 *(SORT_BY_NAME(SORT_BY_ALIGNMENT(._lora_driver_api.static.*)))
                0x0000000008005f74                _lora_driver_api_list_end = .

mbox_driver_api_area
                0x0000000008005f74        0x0
                0x0000000008005f74                _mbox_driver_api_list_start = .
 *(SORT_BY_NAME(SORT_BY_ALIGNMENT(._mbox_driver_api.static.*)))
                0x0000000008005f74                _mbox_driver_api_list_end = .

mdio_driver_api_area
                0x0000000008005f74        0x0
                0x0000000008005f74                _mdio_driver_api_list_start = .
 *(SORT_BY_NAME(SORT_BY_ALIGNMENT(._mdio_driver_api.static.*)))
                0x0000000008005f74                _mdio_driver_api_list_end = .

mipi_dbi_driver_api_area
                0x0000000008005f74        0x0
                0x0000000008005f74                _mipi_dbi_driver_api_list_start = .
 *(SORT_BY_NAME(SORT_BY_ALIGNMENT(._mipi_dbi_driver_api.static.*)))
                0x0000000008005f74                _mipi_dbi_driver_api_list_end = .

mipi_dsi_driver_api_area
                0x0000000008005f74        0x0
                0x0000000008005f74                _mipi_dsi_driver_api_list_start = .
 *(SORT_BY_NAME(SORT_BY_ALIGNMENT(._mipi_dsi_driver_api.static.*)))
                0x0000000008005f74                _mipi_dsi_driver_api_list_end = .

mspi_driver_api_area
                0x0000000008005f74        0x0
                0x0000000008005f74                _mspi_driver_api_list_start = .
 *(SORT_BY_NAME(SORT_BY_ALIGNMENT(._mspi_driver_api.static.*)))
                0x0000000008005f74                _mspi_driver_api_list_end = .

peci_driver_api_area
                0x0000000008005f74        0x0
                0x0000000008005f74                _peci_driver_api_list_start = .
 *(SORT_BY_NAME(SORT_BY_ALIGNMENT(._peci_driver_api.static.*)))
                0x0000000008005f74                _peci_driver_api_list_end = .

ps2_driver_api_area
                0x0000000008005f74        0x0
                0x0000000008005f74                _ps2_driver_api_list_start = .
 *(SORT_BY_NAME(SORT_BY_ALIGNMENT(._ps2_driver_api.static.*)))
                0x0000000008005f74                _ps2_driver_api_list_end = .

ptp_clock_driver_api_area
                0x0000000008005f74        0x0
                0x0000000008005f74                _ptp_clock_driver_api_list_start = .
 *(SORT_BY_NAME(SORT_BY_ALIGNMENT(._ptp_clock_driver_api.static.*)))
                0x0000000008005f74                _ptp_clock_driver_api_list_end = .

pwm_driver_api_area
                0x0000000008005f74        0x0
                0x0000000008005f74                _pwm_driver_api_list_start = .
 *(SORT_BY_NAME(SORT_BY_ALIGNMENT(._pwm_driver_api.static.*)))
                0x0000000008005f74                _pwm_driver_api_list_end = .

regulator_parent_driver_api_area
                0x0000000008005f74        0x0
                0x0000000008005f74                _regulator_parent_driver_api_list_start = .
 *(SORT_BY_NAME(SORT_BY_ALIGNMENT(._regulator_parent_driver_api.static.*)))
                0x0000000008005f74                _regulator_parent_driver_api_list_end = .

regulator_driver_api_area
                0x0000000008005f74        0x0
                0x0000000008005f74                _regulator_driver_api_list_start = .
 *(SORT_BY_NAME(SORT_BY_ALIGNMENT(._regulator_driver_api.static.*)))
                0x0000000008005f74                _regulator_driver_api_list_end = .

retained_mem_driver_api_area
                0x0000000008005f74        0x0
                0x0000000008005f74                _retained_mem_driver_api_list_start = .
 *(SORT_BY_NAME(SORT_BY_ALIGNMENT(._retained_mem_driver_api.static.*)))
                0x0000000008005f74                _retained_mem_driver_api_list_end = .

rtc_driver_api_area
                0x0000000008005f74        0x0
                0x0000000008005f74                _rtc_driver_api_list_start = .
 *(SORT_BY_NAME(SORT_BY_ALIGNMENT(._rtc_driver_api.static.*)))
                0x0000000008005f74                _rtc_driver_api_list_end = .

sdhc_driver_api_area
                0x0000000008005f74        0x0
                0x0000000008005f74                _sdhc_driver_api_list_start = .
 *(SORT_BY_NAME(SORT_BY_ALIGNMENT(._sdhc_driver_api.static.*)))
                0x0000000008005f74                _sdhc_driver_api_list_end = .

sensor_driver_api_area
                0x0000000008005f74        0x0
                0x0000000008005f74                _sensor_driver_api_list_start = .
 *(SORT_BY_NAME(SORT_BY_ALIGNMENT(._sensor_driver_api.static.*)))
                0x0000000008005f74                _sensor_driver_api_list_end = .

smbus_driver_api_area
                0x0000000008005f74        0x0
                0x0000000008005f74                _smbus_driver_api_list_start = .
 *(SORT_BY_NAME(SORT_BY_ALIGNMENT(._smbus_driver_api.static.*)))
                0x0000000008005f74                _smbus_driver_api_list_end = .

spi_driver_api_area
                0x0000000008005f74        0x0
                0x0000000008005f74                _spi_driver_api_list_start = .
 *(SORT_BY_NAME(SORT_BY_ALIGNMENT(._spi_driver_api.static.*)))
                0x0000000008005f74                _spi_driver_api_list_end = .

stepper_driver_api_area
                0x0000000008005f74        0x0
                0x0000000008005f74                _stepper_driver_api_list_start = .
 *(SORT_BY_NAME(SORT_BY_ALIGNMENT(._stepper_driver_api.static.*)))
                0x0000000008005f74                _stepper_driver_api_list_end = .

syscon_driver_api_area
                0x0000000008005f74        0x0
                0x0000000008005f74                _syscon_driver_api_list_start = .
 *(SORT_BY_NAME(SORT_BY_ALIGNMENT(._syscon_driver_api.static.*)))
                0x0000000008005f74                _syscon_driver_api_list_end = .

tee_driver_api_area
                0x0000000008005f74        0x0
                0x0000000008005f74                _tee_driver_api_list_start = .
 *(SORT_BY_NAME(SORT_BY_ALIGNMENT(._tee_driver_api.static.*)))
                0x0000000008005f74                _tee_driver_api_list_end = .

video_driver_api_area
                0x0000000008005f74        0x0
                0x0000000008005f74                _video_driver_api_list_start = .
 *(SORT_BY_NAME(SORT_BY_ALIGNMENT(._video_driver_api.static.*)))
                0x0000000008005f74                _video_driver_api_list_end = .

w1_driver_api_area
                0x0000000008005f74        0x0
                0x0000000008005f74                _w1_driver_api_list_start = .
 *(SORT_BY_NAME(SORT_BY_ALIGNMENT(._w1_driver_api.static.*)))
                0x0000000008005f74                _w1_driver_api_list_end = .

wdt_driver_api_area
                0x0000000008005f74        0x0
                0x0000000008005f74                _wdt_driver_api_list_start = .
 *(SORT_BY_NAME(SORT_BY_ALIGNMENT(._wdt_driver_api.static.*)))
                0x0000000008005f74                _wdt_driver_api_list_end = .

can_transceiver_driver_api_area
                0x0000000008005f74        0x0
                0x0000000008005f74                _can_transceiver_driver_api_list_start = .
 *(SORT_BY_NAME(SORT_BY_ALIGNMENT(._can_transceiver_driver_api.static.*)))
                0x0000000008005f74                _can_transceiver_driver_api_list_end = .

nrf_clock_control_driver_api_area
                0x0000000008005f74        0x0
                0x0000000008005f74                _nrf_clock_control_driver_api_list_start = .
 *(SORT_BY_NAME(SORT_BY_ALIGNMENT(._nrf_clock_control_driver_api.static.*)))
                0x0000000008005f74                _nrf_clock_control_driver_api_list_end = .

i3c_target_driver_api_area
                0x0000000008005f74        0x0
                0x0000000008005f74                _i3c_target_driver_api_list_start = .
 *(SORT_BY_NAME(SORT_BY_ALIGNMENT(._i3c_target_driver_api.static.*)))
                0x0000000008005f74                _i3c_target_driver_api_list_end = .

its_driver_api_area
                0x0000000008005f74        0x0
                0x0000000008005f74                _its_driver_api_list_start = .
 *(SORT_BY_NAME(SORT_BY_ALIGNMENT(._its_driver_api.static.*)))
                0x0000000008005f74                _its_driver_api_list_end = .

vtd_driver_api_area
                0x0000000008005f74        0x0
                0x0000000008005f74                _vtd_driver_api_list_start = .
 *(SORT_BY_NAME(SORT_BY_ALIGNMENT(._vtd_driver_api.static.*)))
                0x0000000008005f74                _vtd_driver_api_list_end = .

tgpio_driver_api_area
                0x0000000008005f74        0x0
                0x0000000008005f74                _tgpio_driver_api_list_start = .
 *(SORT_BY_NAME(SORT_BY_ALIGNMENT(._tgpio_driver_api.static.*)))
                0x0000000008005f74                _tgpio_driver_api_list_end = .

pcie_ctrl_driver_api_area
                0x0000000008005f74        0x0
                0x0000000008005f74                _pcie_ctrl_driver_api_list_start = .
 *(SORT_BY_NAME(SORT_BY_ALIGNMENT(._pcie_ctrl_driver_api.static.*)))
                0x0000000008005f74                _pcie_ctrl_driver_api_list_end = .

pcie_ep_driver_api_area
                0x0000000008005f74        0x0
                0x0000000008005f74                _pcie_ep_driver_api_list_start = .
 *(SORT_BY_NAME(SORT_BY_ALIGNMENT(._pcie_ep_driver_api.static.*)))
                0x0000000008005f74                _pcie_ep_driver_api_list_end = .

svc_driver_api_area
                0x0000000008005f74        0x0
                0x0000000008005f74                _svc_driver_api_list_start = .
 *(SORT_BY_NAME(SORT_BY_ALIGNMENT(._svc_driver_api.static.*)))
                0x0000000008005f74                _svc_driver_api_list_end = .

uart_driver_api_area
                0x0000000008005f74       0x4c
                0x0000000008005f74                _uart_driver_api_list_start = .
 *(SORT_BY_NAME(SORT_BY_ALIGNMENT(._uart_driver_api.static.*)))
 ._uart_driver_api.static.uart_stm32_driver_api_
                0x0000000008005f74       0x4c zephyr/drivers/serial/libdrivers__serial.a(uart_stm32.c.obj)
                0x0000000008005fc0                _uart_driver_api_list_end = .

bc12_emul_driver_api_area
                0x0000000008005fc0        0x0
                0x0000000008005fc0                _bc12_emul_driver_api_list_start = .
 *(SORT_BY_NAME(SORT_BY_ALIGNMENT(._bc12_emul_driver_api.static.*)))
                0x0000000008005fc0                _bc12_emul_driver_api_list_end = .

bc12_driver_api_area
                0x0000000008005fc0        0x0
                0x0000000008005fc0                _bc12_driver_api_list_start = .
 *(SORT_BY_NAME(SORT_BY_ALIGNMENT(._bc12_driver_api.static.*)))
                0x0000000008005fc0                _bc12_driver_api_list_end = .

usbc_ppc_driver_api_area
                0x0000000008005fc0        0x0
                0x0000000008005fc0                _usbc_ppc_driver_api_list_start = .
 *(SORT_BY_NAME(SORT_BY_ALIGNMENT(._usbc_ppc_driver_api.static.*)))
                0x0000000008005fc0                _usbc_ppc_driver_api_list_end = .

tcpc_driver_api_area
                0x0000000008005fc0        0x0
                0x0000000008005fc0                _tcpc_driver_api_list_start = .
 *(SORT_BY_NAME(SORT_BY_ALIGNMENT(._tcpc_driver_api.static.*)))
                0x0000000008005fc0                _tcpc_driver_api_list_end = .

usbc_vbus_driver_api_area
                0x0000000008005fc0        0x0
                0x0000000008005fc0                _usbc_vbus_driver_api_list_start = .
 *(SORT_BY_NAME(SORT_BY_ALIGNMENT(._usbc_vbus_driver_api.static.*)))
                0x0000000008005fc0                _usbc_vbus_driver_api_list_end = .

ivshmem_driver_api_area
                0x0000000008005fc0        0x0
                0x0000000008005fc0                _ivshmem_driver_api_list_start = .
 *(SORT_BY_NAME(SORT_BY_ALIGNMENT(._ivshmem_driver_api.static.*)))
                0x0000000008005fc0                _ivshmem_driver_api_list_end = .

ethphy_driver_api_area
                0x0000000008005fc0        0x0
                0x0000000008005fc0                _ethphy_driver_api_list_start = .
 *(SORT_BY_NAME(SORT_BY_ALIGNMENT(._ethphy_driver_api.static.*)))
                0x0000000008005fc0                _ethphy_driver_api_list_end = .

ztest           0x0000000008005fc0        0x0
                0x0000000008005fc0                _ztest_expected_result_entry_list_start = .
 *(SORT_BY_NAME(SORT_BY_ALIGNMENT(._ztest_expected_result_entry.static.*)))
                0x0000000008005fc0                _ztest_expected_result_entry_list_end = .
                0x0000000008005fc0                _ztest_suite_node_list_start = .
 *(SORT_BY_NAME(SORT_BY_ALIGNMENT(._ztest_suite_node.static.*)))
                0x0000000008005fc0                _ztest_suite_node_list_end = .
                0x0000000008005fc0                _ztest_unit_test_list_start = .
 *(SORT_BY_NAME(SORT_BY_ALIGNMENT(._ztest_unit_test.static.*)))
                0x0000000008005fc0                _ztest_unit_test_list_end = .
                0x0000000008005fc0                _ztest_test_rule_list_start = .
 *(SORT_BY_NAME(SORT_BY_ALIGNMENT(._ztest_test_rule.static.*)))
                0x0000000008005fc0                _ztest_test_rule_list_end = .

init_array      0x0000000008005fc0        0x0
 *(SORT_BY_NAME(SORT_BY_ALIGNMENT(.ctors*)))
 *(SORT_BY_NAME(SORT_BY_ALIGNMENT(.init_array*)))
                0x0000000000000001                ASSERT ((SIZEOF (init_array) == 0x0), GNU-style constructors required but STATIC_INIT_GNU not enabled)

bt_l2cap_fixed_chan_area
                0x0000000008005fc0        0x0
                0x0000000008005fc0                _bt_l2cap_fixed_chan_list_start = .
 *(SORT_BY_NAME(SORT_BY_ALIGNMENT(._bt_l2cap_fixed_chan.static.*)))
                0x0000000008005fc0                _bt_l2cap_fixed_chan_list_end = .

bt_gatt_service_static_area
                0x0000000008005fc0        0x0
                0x0000000008005fc0                _bt_gatt_service_static_list_start = .
 *(SORT_BY_NAME(SORT_BY_ALIGNMENT(._bt_gatt_service_static.static.*)))
                0x0000000008005fc0                _bt_gatt_service_static_list_end = .

log_strings_area
                0x0000000008005fc0        0x0
                0x0000000008005fc0                _log_strings_list_start = .
 *(SORT_BY_NAME(SORT_BY_ALIGNMENT(._log_strings.static.*)))
                0x0000000008005fc0                _log_strings_list_end = .

log_const_area  0x0000000008005fc0        0x0
                0x0000000008005fc0                _log_const_list_start = .
 *(SORT_BY_NAME(SORT_BY_ALIGNMENT(._log_const.static.*)))
                0x0000000008005fc0                _log_const_list_end = .

log_backend_area
                0x0000000008005fc0        0x0
                0x0000000008005fc0                _log_backend_list_start = .
 *(SORT_BY_NAME(SORT_BY_ALIGNMENT(._log_backend.static.*)))
                0x0000000008005fc0                _log_backend_list_end = .

log_link_area   0x0000000008005fc0        0x0
                0x0000000008005fc0                _log_link_list_start = .
 *(SORT_BY_NAME(SORT_BY_ALIGNMENT(._log_link.static.*)))
                0x0000000008005fc0                _log_link_list_end = .

tracing_backend_area
                0x0000000008005fc0        0x0
                0x0000000008005fc0                _tracing_backend_list_start = .
 *(SORT_BY_NAME(SORT_BY_ALIGNMENT(._tracing_backend.static.*)))
                0x0000000008005fc0                _tracing_backend_list_end = .

zephyr_dbg_info
 *(SORT_BY_ALIGNMENT(.dbg_thread_info))

intc_table_area
                0x0000000008005fc0        0x0
                0x0000000008005fc0                _intc_table_list_start = .
 *(SORT_BY_NAME(SORT_BY_ALIGNMENT(._intc_table.static.*)))
                0x0000000008005fc0                _intc_table_list_end = .

symbol_to_keep  0x0000000008005fc0        0x0
                0x0000000008005fc0                __symbol_to_keep_start = .
 *(SORT_BY_NAME(SORT_BY_ALIGNMENT(.symbol_to_keep*)))
                0x0000000008005fc0                __symbol_to_keep_end = .

shell_area      0x0000000008005fc0        0x0
                0x0000000008005fc0                _shell_list_start = .
 *(SORT_BY_NAME(SORT_BY_ALIGNMENT(._shell.static.*)))
                0x0000000008005fc0                _shell_list_end = .

shell_root_cmds_area
                0x0000000008005fc0        0x0
                0x0000000008005fc0                _shell_root_cmds_list_start = .
 *(SORT_BY_NAME(SORT_BY_ALIGNMENT(._shell_root_cmds.static.*)))
                0x0000000008005fc0                _shell_root_cmds_list_end = .

shell_subcmds_area
                0x0000000008005fc0        0x0
                0x0000000008005fc0                _shell_subcmds_list_start = .
 *(SORT_BY_NAME(SORT_BY_ALIGNMENT(._shell_subcmds.static.*)))
                0x0000000008005fc0                _shell_subcmds_list_end = .

shell_dynamic_subcmds_area
                0x0000000008005fc0        0x0
                0x0000000008005fc0                _shell_dynamic_subcmds_list_start = .
 *(SORT_BY_NAME(SORT_BY_ALIGNMENT(._shell_dynamic_subcmds.static.*)))
                0x0000000008005fc0                _shell_dynamic_subcmds_list_end = .

cfb_font_area   0x0000000008005fc0        0x0
                0x0000000008005fc0                _cfb_font_list_start = .
 *(SORT_BY_NAME(SORT_BY_ALIGNMENT(._cfb_font.static.*)))
                0x0000000008005fc0                _cfb_font_list_end = .

tdata           0x0000000008005fc0        0x0
 *(SORT_BY_ALIGNMENT(.tdata) SORT_BY_ALIGNMENT(.tdata.*) SORT_BY_ALIGNMENT(.gnu.linkonce.td.*))

tbss            0x0000000008005fc0        0x4
 *(SORT_BY_ALIGNMENT(.tbss) SORT_BY_ALIGNMENT(.tbss.*) SORT_BY_ALIGNMENT(.gnu.linkonce.tb.*) SORT_BY_ALIGNMENT(.tcommon))
 .tbss.z_tls_current
                0x0000000008005fc0        0x4 zephyr/libzephyr.a(thread_entry.c.obj)
                0x0000000008005fc0                z_tls_current
                0x0000000008005fc0                PROVIDE (__tdata_start = LOADADDR (tdata))
                0x0000000000000001                PROVIDE (__tdata_align = ALIGNOF (tdata))
                0x0000000000000000                PROVIDE (__tdata_size = (((SIZEOF (tdata) + __tdata_align) - 0x1) & ~ ((__tdata_align - 0x1))))
                [!provide]                        PROVIDE (__tdata_end = (__tdata_start + __tdata_size))
                0x0000000000000004                PROVIDE (__tbss_align = ALIGNOF (tbss))
                [!provide]                        PROVIDE (__tbss_start = ADDR (tbss))
                0x0000000000000004                PROVIDE (__tbss_size = (((SIZEOF (tbss) + __tbss_align) - 0x1) & ~ ((__tbss_align - 0x1))))
                [!provide]                        PROVIDE (__tbss_end = (__tbss_start + __tbss_size))
                [!provide]                        PROVIDE (__tls_start = __tdata_start)
                [!provide]                        PROVIDE (__tls_end = __tbss_end)
                [!provide]                        PROVIDE (__tls_size = (__tbss_end - __tdata_start))

rodata          0x0000000008005fc0      0x9f8
 *(SORT_BY_ALIGNMENT(.rodata))
 *(SORT_BY_ALIGNMENT(.rodata.*))
 .rodata.DOUBLE_POW5_TABLE
                0x0000000008005fc0       0xd0 c:\users\exito\zephyr-sdk-0.17.0\arm-zephyr-eabi\bin\../lib/gcc/../../picolibc/arm-zephyr-eabi/lib/thumb/v8-m.main/nofp\libc.a(libc_tinystdio_ryu_table.c.o)
 .rodata.DOUBLE_POW5_SPLIT2
                0x0000000008006090       0xd0 c:\users\exito\zephyr-sdk-0.17.0\arm-zephyr-eabi\bin\../lib/gcc/../../picolibc/arm-zephyr-eabi/lib/thumb/v8-m.main/nofp\libc.a(libc_tinystdio_ryu_table.c.o)
 .rodata.DOUBLE_POW5_INV_SPLIT2
                0x0000000008006160       0xf0 c:\users\exito\zephyr-sdk-0.17.0\arm-zephyr-eabi\bin\../lib/gcc/../../picolibc/arm-zephyr-eabi/lib/thumb/v8-m.main/nofp\libc.a(libc_tinystdio_ryu_table.c.o)
 .rodata.pullup_lora_rx
                0x0000000008006250        0x8 app/libapp.a(main.c.obj)
 .rodata.pullup_lora_tx
                0x0000000008006258        0x8 app/libapp.a(main.c.obj)
 .rodata.vcc_lora
                0x0000000008006260        0x8 app/libapp.a(main.c.obj)
 .rodata.vcc_lora
                0x0000000008006268        0x8 app/libapp.a(led.c.obj)
 .rodata.led    0x0000000008006270        0x8 app/libapp.a(led.c.obj)
 .rodata.mem_attr_region
                0x0000000008006278        0x0 zephyr/libzephyr.a(mem_attr.c.obj)
 .rodata.static_regions
                0x0000000008006278        0xc zephyr/arch/arch/arm/core/mpu/libarch__arm__core__mpu.a(arm_core_mpu.c.obj)
 .rodata.mpu_config
                0x0000000008006284        0x8 zephyr/arch/arch/arm/core/mpu/libarch__arm__core__mpu.a(arm_mpu_regions.c.obj)
                0x0000000008006284                mpu_config
 .rodata.mpu_regions
                0x000000000800628c       0x20 zephyr/arch/arch/arm/core/mpu/libarch__arm__core__mpu.a(arm_mpu_regions.c.obj)
 .rodata.gpio_stm32_cfg_i
                0x00000000080062ac       0x14 zephyr/drivers/gpio/libdrivers__gpio.a(gpio_stm32.c.obj)
 .rodata.gpio_stm32_cfg_h
                0x00000000080062c0       0x14 zephyr/drivers/gpio/libdrivers__gpio.a(gpio_stm32.c.obj)
 .rodata.gpio_stm32_cfg_g
                0x00000000080062d4       0x14 zephyr/drivers/gpio/libdrivers__gpio.a(gpio_stm32.c.obj)
 .rodata.gpio_stm32_cfg_f
                0x00000000080062e8       0x14 zephyr/drivers/gpio/libdrivers__gpio.a(gpio_stm32.c.obj)
 .rodata.gpio_stm32_cfg_e
                0x00000000080062fc       0x14 zephyr/drivers/gpio/libdrivers__gpio.a(gpio_stm32.c.obj)
 .rodata.gpio_stm32_cfg_d
                0x0000000008006310       0x14 zephyr/drivers/gpio/libdrivers__gpio.a(gpio_stm32.c.obj)
 .rodata.gpio_stm32_cfg_c
                0x0000000008006324       0x14 zephyr/drivers/gpio/libdrivers__gpio.a(gpio_stm32.c.obj)
 .rodata.gpio_stm32_cfg_b
                0x0000000008006338       0x14 zephyr/drivers/gpio/libdrivers__gpio.a(gpio_stm32.c.obj)
 .rodata.gpio_stm32_cfg_a
                0x000000000800634c       0x14 zephyr/drivers/gpio/libdrivers__gpio.a(gpio_stm32.c.obj)
 .rodata.gpio_ports
                0x0000000008006360       0x40 zephyr/drivers/pinctrl/libdrivers__pinctrl.a(pinctrl_stm32.c.obj)
 .rodata.reset_stm32_config
                0x00000000080063a0        0x4 zephyr/drivers/reset/libdrivers__reset.a(reset_stm32.c.obj)
 .rodata.uart_stm32_cfg_3
                0x00000000080063a4       0x28 zephyr/drivers/serial/libdrivers__serial.a(uart_stm32.c.obj)
 .rodata.pclken_3
                0x00000000080063cc        0x8 zephyr/drivers/serial/libdrivers__serial.a(uart_stm32.c.obj)
 .rodata.__pinctrl_dev_config__device_dts_ord_95
                0x00000000080063d4        0x8 zephyr/drivers/serial/libdrivers__serial.a(uart_stm32.c.obj)
 .rodata.__pinctrl_states__device_dts_ord_95
                0x00000000080063dc        0x8 zephyr/drivers/serial/libdrivers__serial.a(uart_stm32.c.obj)
 .rodata.__pinctrl_state_pins_0__device_dts_ord_95
                0x00000000080063e4       0x10 zephyr/drivers/serial/libdrivers__serial.a(uart_stm32.c.obj)
 .rodata.uart_stm32_cfg_2
                0x00000000080063f4       0x28 zephyr/drivers/serial/libdrivers__serial.a(uart_stm32.c.obj)
 .rodata.pclken_2
                0x000000000800641c        0x8 zephyr/drivers/serial/libdrivers__serial.a(uart_stm32.c.obj)
 .rodata.__pinctrl_dev_config__device_dts_ord_91
                0x0000000008006424        0x8 zephyr/drivers/serial/libdrivers__serial.a(uart_stm32.c.obj)
 .rodata.__pinctrl_states__device_dts_ord_91
                0x000000000800642c        0x8 zephyr/drivers/serial/libdrivers__serial.a(uart_stm32.c.obj)
 .rodata.__pinctrl_state_pins_0__device_dts_ord_91
                0x0000000008006434       0x10 zephyr/drivers/serial/libdrivers__serial.a(uart_stm32.c.obj)
 .rodata.uart_stm32_cfg_1
                0x0000000008006444       0x28 zephyr/drivers/serial/libdrivers__serial.a(uart_stm32.c.obj)
 .rodata.pclken_1
                0x000000000800646c        0x8 zephyr/drivers/serial/libdrivers__serial.a(uart_stm32.c.obj)
 .rodata.__pinctrl_dev_config__device_dts_ord_105
                0x0000000008006474        0x8 zephyr/drivers/serial/libdrivers__serial.a(uart_stm32.c.obj)
 .rodata.__pinctrl_states__device_dts_ord_105
                0x000000000800647c        0x8 zephyr/drivers/serial/libdrivers__serial.a(uart_stm32.c.obj)
 .rodata.__pinctrl_state_pins_0__device_dts_ord_105
                0x0000000008006484       0x10 zephyr/drivers/serial/libdrivers__serial.a(uart_stm32.c.obj)
 .rodata.uart_stm32_cfg_0
                0x0000000008006494       0x28 zephyr/drivers/serial/libdrivers__serial.a(uart_stm32.c.obj)
 .rodata.pclken_0
                0x00000000080064bc        0x8 zephyr/drivers/serial/libdrivers__serial.a(uart_stm32.c.obj)
 .rodata.__pinctrl_dev_config__device_dts_ord_88
                0x00000000080064c4        0x8 zephyr/drivers/serial/libdrivers__serial.a(uart_stm32.c.obj)
 .rodata.__pinctrl_states__device_dts_ord_88
                0x00000000080064cc        0x8 zephyr/drivers/serial/libdrivers__serial.a(uart_stm32.c.obj)
 .rodata.__pinctrl_state_pins_0__device_dts_ord_88